14:22:11 **** Build of configuration Debug for project freertos_cpu1_platform ****
make all 
Building target: freertos_cpu1_platform.elf
Invoking: ARM gcc linker
arm-xilinx-eabi-gcc -Wl,-T -Wl,../src/lscript.ld -L../../freertos_bsp/ps7_cortexa9_1/lib -o "freertos_cpu1_platform.elf"  ./src/AXI_SPI.o ./src/amp.o ./src/gpio.o ./src/main.o   -Wl,--start-group,-lxil,-lfreertos,-lgcc,-lc,--end-group
Finished building target: freertos_cpu1_platform.elf
 
Invoking: ARM Print Size
arm-xilinx-eabi-size freertos_cpu1_platform.elf  |tee "freertos_cpu1_platform.elf.size"
   text	   data	    bss	    dec	    hex	filename
  80288	   3120	  88764	 172172	  2a08c	freertos_cpu1_platform.elf
Finished building: freertos_cpu1_platform.elf.size
 

14:22:12 Build Finished (took 110ms)

