14:56:57 **** Auto Build of configuration Debug for project freertos_amp_pendulum ****
make all 
Building file: ../src/PlantControl.c
Invoking: ARM gcc compiler
arm-xilinx-eabi-gcc -Wall -O0 -g3 -c -fmessage-length=0 -I../../freertos_bsp/ps7_cortexa9_1/include -MMD -MP -MF"src/PlantControl.d" -MT"src/PlantControl.d" -o "src/PlantControl.o" "../src/PlantControl.c"
In file included from ../../freertos_bsp/ps7_cortexa9_1/include/FreeRTOSConfig.h:19:0,
                 from ../../freertos_bsp/ps7_cortexa9_1/include/FreeRTOS.h:67,
                 from ../src/PlantControl.c:10:
../../freertos_bsp/ps7_cortexa9_1/include/xparameters.h:483:0: warning: "XPAR_XADCPS_0_DEVICE_ID" redefined [enabled by default]
In file included from ../../freertos_bsp/ps7_cortexa9_1/include/xparameters.h:15:0,
                 from ../../freertos_bsp/ps7_cortexa9_1/include/FreeRTOSConfig.h:19,
                 from ../../freertos_bsp/ps7_cortexa9_1/include/FreeRTOS.h:67,
                 from ../src/PlantControl.c:10:
../../freertos_bsp/ps7_cortexa9_1/include/xparameters_ps.h:304:0: note: this is the location of the previous definition
In file included from ../../freertos_bsp/ps7_cortexa9_1/include/FreeRTOSConfig.h:19:0,
                 from ../../freertos_bsp/ps7_cortexa9_1/include/FreeRTOS.h:67,
                 from ../src/PlantControl.c:10:
../../freertos_bsp/ps7_cortexa9_1/include/xparameters.h:484:0: warning: "XPAR_XADCPS_0_BASEADDR" redefined [enabled by default]
In file included from ../../freertos_bsp/ps7_cortexa9_1/include/xparameters.h:15:0,
                 from ../../freertos_bsp/ps7_cortexa9_1/include/FreeRTOSConfig.h:19,
                 from ../../freertos_bsp/ps7_cortexa9_1/include/FreeRTOS.h:67,
                 from ../src/PlantControl.c:10:
../../freertos_bsp/ps7_cortexa9_1/include/xparameters_ps.h:305:0: note: this is the location of the previous definition
In file included from ../../freertos_bsp/ps7_cortexa9_1/include/FreeRTOS.h:67:0,
                 from ../src/PlantControl.c:10:
../../freertos_bsp/ps7_cortexa9_1/include/FreeRTOSConfig.h:59:0: warning: "configTIMER_TASK_PRIORITY" redefined [enabled by default]
Finished building: ../src/PlantControl.c
In file included from ../src/PlantControl.c:9:0:
 
../src/PlantControl.h:13:0: note: this is the location of the previous definition
../src/PlantControl.c: In function 'timer_backup':
../src/PlantControl.c:181:8: warning: unused variable 'enc2_print' [-Wunused-variable]
Building target: freertos_amp_pendulum.elf
../src/PlantControl.c:180:8: warning: unused variable 'enc1_print' [-Wunused-variable]
../src/PlantControl.c:179:8: warning: unused variable 'zero' [-Wunused-variable]
Invoking: ARM gcc linker
arm-xilinx-eabi-gcc -Wl,-T -Wl,../src/lscript.ld -L../../freertos_bsp/ps7_cortexa9_1/lib -o "freertos_amp_pendulum.elf"  ./src/AXI_GPIO.o ./src/AXI_SPI.o ./src/PlantControl.o ./src/RemoteProcPrint.o ./src/adc_dac.o ./src/amp.o ./src/encoder.o ./src/main.o   -lm -Wl,--start-group,-lxil,-lfreertos,-lgcc,-lc,--end-group
../src/PlantControl.c: In function 'predictionTask':
Finished building target: freertos_amp_pendulum.elf
 
Invoking: ARM Print Size
arm-xilinx-eabi-size freertos_amp_pendulum.elf  |tee "freertos_amp_pendulum.elf.size"
   text	   data	    bss	    dec	    hex	filename
  94072	   3120	  89080	 186272	  2d7a0	freertos_amp_pendulum.elf
Finished building: freertos_amp_pendulum.elf.size
 
../src/PlantControl.c:223:26: warning: unused variable 'delAlphaR' [-Wunused-variable]
../src/PlantControl.c:222:15: warning: variable 'yplant' set but not used [-Wunused-but-set-variable]

14:56:57 Build Finished (took 259ms)

