13:00:37 **** Incremental Build of project freertos_zynq_bsp_0 ****
make -k all 
Finished building libraries
13:00:37 **** Incremental Build of configuration Debug for project freertos_app_pendulum ****
make all 
Building file: ../src/SPI.c
Invoking: ARM gcc compiler
arm-xilinx-eabi-gcc -Wall -O0 -g3 -c -fmessage-length=0 -I../../freertos_zynq_bsp_0/ps7_cortexa9_0/include -MMD -MP -MF"src/SPI.d" -MT"src/SPI.d" -o "src/SPI.o" "../src/SPI.c"
In file included from ../src/SPI.c:9:0:
../src/SPI.h:17:21: warning: extra tokens at end of #include directive [enabled by default]
Finished building: ../src/SPI.c
 
Building file: ../src/adc_dac.c
Invoking: ARM gcc compiler
arm-xilinx-eabi-gcc -Wall -O0 -g3 -c -fmessage-length=0 -I../../freertos_zynq_bsp_0/ps7_cortexa9_0/include -MMD -MP -MF"src/adc_dac.d" -MT"src/adc_dac.d" -o "src/adc_dac.o" "../src/adc_dac.c"
In file included from ../src/adc_dac.h:10:0,
                 from ../src/adc_dac.c:1:
../src/SPI.h:17:21: warning: extra tokens at end of #include directive [enabled by default]
Finished building: ../src/adc_dac.c
 
Building file: ../src/encoder.c
Invoking: ARM gcc compiler
arm-xilinx-eabi-gcc -Wall -O0 -g3 -c -fmessage-length=0 -I../../freertos_zynq_bsp_0/ps7_cortexa9_0/include -MMD -MP -MF"src/encoder.d" -MT"src/encoder.d" -o "src/encoder.o" "../src/encoder.c"
In file included from ../src/encoder.h:7:0,
                 from ../src/encoder.c:1:
../src/SPI.h:17:21: warning: extra tokens at end of #include directive [enabled by default]
Finished building: ../src/encoder.c
 
Building file: ../src/main.c
Invoking: ARM gcc compiler
arm-xilinx-eabi-gcc -Wall -O0 -g3 -c -fmessage-length=0 -I../../freertos_zynq_bsp_0/ps7_cortexa9_0/include -MMD -MP -MF"src/main.d" -MT"src/main.d" -o "src/main.o" "../src/main.c"
In file included from ../src/main.c:13:0:
../src/SPI.h:17:21: warning: extra tokens at end of #include directive [enabled by default]
Finished building: ../src/main.c
 
Building target: freertos_app_pendulum.elf
Invoking: ARM gcc linker
arm-xilinx-eabi-gcc -Wl,-T -Wl,../src/lscript.ld -L../../freertos_zynq_bsp_0/ps7_cortexa9_0/lib -o "freertos_app_pendulum.elf"  ./src/SPI.o ./src/adc_dac.o ./src/encoder.o ./src/main.o   -Wl,--start-group,-lxil,-lfreertos,-lgcc,-lc,--end-group
Finished building target: freertos_app_pendulum.elf
 
Invoking: ARM Print Size
arm-xilinx-eabi-size freertos_app_pendulum.elf  |tee "freertos_app_pendulum.elf.size"
   text	   data	    bss	    dec	    hex	filename
  83648	   3096	  30332	 117076	  1c954	freertos_app_pendulum.elf
Finished building: freertos_app_pendulum.elf.size
 
13:00:48 **** Incremental Build of configuration Debug for project freertos_app_pendulum ****
make all 
make: Nothing to be done for `all'.
13:07:54 **** Incremental Build of configuration Debug for project freertos_app_pendulum ****
make all 
make: Nothing to be done for `all'.
13:19:53 **** Build of project freertos_zynq_bsp_0 ****
make -k all 
Finished building libraries
13:19:53 **** Clean-only build of configuration Debug for project freertos_app_pendulum ****
make clean 
rm -rf  ./src/SPI.o ./src/adc_dac.o ./src/encoder.o ./src/main.o  ./src/SPI.d ./src/adc_dac.d ./src/encoder.d ./src/main.d  freertos_app_pendulum.elf.size  freertos_app_pendulum.elf
 
13:19:53 **** Incremental Build of configuration Debug for project freertos_app_pendulum ****
make all 
Building file: ../src/SPI.c
Invoking: ARM gcc compiler
arm-xilinx-eabi-gcc -Wall -O0 -g3 -c -fmessage-length=0 -I../../freertos_zynq_bsp_0/ps7_cortexa9_0/include -MMD -MP -MF"src/SPI.d" -MT"src/SPI.d" -o "src/SPI.o" "../src/SPI.c"
In file included from ../src/SPI.c:9:0:
../src/SPI.h:17:21: warning: extra tokens at end of #include directive [enabled by default]
Finished building: ../src/SPI.c
 
Building file: ../src/adc_dac.c
Invoking: ARM gcc compiler
arm-xilinx-eabi-gcc -Wall -O0 -g3 -c -fmessage-length=0 -I../../freertos_zynq_bsp_0/ps7_cortexa9_0/include -MMD -MP -MF"src/adc_dac.d" -MT"src/adc_dac.d" -o "src/adc_dac.o" "../src/adc_dac.c"
In file included from ../src/adc_dac.h:10:0,
                 from ../src/adc_dac.c:1:
../src/SPI.h:17:21: warning: extra tokens at end of #include directive [enabled by default]
Finished building: ../src/adc_dac.c
 
Building file: ../src/encoder.c
Invoking: ARM gcc compiler
arm-xilinx-eabi-gcc -Wall -O0 -g3 -c -fmessage-length=0 -I../../freertos_zynq_bsp_0/ps7_cortexa9_0/include -MMD -MP -MF"src/encoder.d" -MT"src/encoder.d" -o "src/encoder.o" "../src/encoder.c"
In file included from ../src/encoder.h:7:0,
                 from ../src/encoder.c:1:
../src/SPI.h:17:21: warning: extra tokens at end of #include directive [enabled by default]
Finished building: ../src/encoder.c
 
Building file: ../src/main.c
Invoking: ARM gcc compiler
arm-xilinx-eabi-gcc -Wall -O0 -g3 -c -fmessage-length=0 -I../../freertos_zynq_bsp_0/ps7_cortexa9_0/include -MMD -MP -MF"src/main.d" -MT"src/main.d" -o "src/main.o" "../src/main.c"
In file included from ../src/main.c:13:0:
../src/SPI.h:17:21: warning: extra tokens at end of #include directive [enabled by default]
Finished building: ../src/main.c
 
Building target: freertos_app_pendulum.elf
Invoking: ARM gcc linker
arm-xilinx-eabi-gcc -Wl,-T -Wl,../src/lscript.ld -L../../freertos_zynq_bsp_0/ps7_cortexa9_0/lib -o "freertos_app_pendulum.elf"  ./src/SPI.o ./src/adc_dac.o ./src/encoder.o ./src/main.o   -Wl,--start-group,-lxil,-lfreertos,-lgcc,-lc,--end-group
Finished building target: freertos_app_pendulum.elf
 
Invoking: ARM Print Size
arm-xilinx-eabi-size freertos_app_pendulum.elf  |tee "freertos_app_pendulum.elf.size"
   text	   data	    bss	    dec	    hex	filename
  83648	   3096	   8828	  95572	  17554	freertos_app_pendulum.elf
Finished building: freertos_app_pendulum.elf.size
 
13:21:07 **** Clean-only build of configuration Debug for project freertos_app_pendulum ****
make clean 
rm -rf  ./src/SPI.o ./src/adc_dac.o ./src/encoder.o ./src/main.o  ./src/SPI.d ./src/adc_dac.d ./src/encoder.d ./src/main.d  freertos_app_pendulum.elf.size  freertos_app_pendulum.elf
 
13:21:07 **** Incremental Build of configuration Debug for project freertos_app_pendulum ****
make all 
Building file: ../src/SPI.c
Invoking: ARM gcc compiler
arm-xilinx-eabi-gcc -Wall -O0 -g3 -c -fmessage-length=0 -I../../freertos_zynq_bsp_0/ps7_cortexa9_0/include -MMD -MP -MF"src/SPI.d" -MT"src/SPI.d" -o "src/SPI.o" "../src/SPI.c"
In file included from ../src/SPI.c:9:0:
../src/SPI.h:17:21: warning: extra tokens at end of #include directive [enabled by default]
Finished building: ../src/SPI.c
 
Building file: ../src/adc_dac.c
Invoking: ARM gcc compiler
arm-xilinx-eabi-gcc -Wall -O0 -g3 -c -fmessage-length=0 -I../../freertos_zynq_bsp_0/ps7_cortexa9_0/include -MMD -MP -MF"src/adc_dac.d" -MT"src/adc_dac.d" -o "src/adc_dac.o" "../src/adc_dac.c"
In file included from ../src/adc_dac.h:10:0,
                 from ../src/adc_dac.c:1:
../src/SPI.h:17:21: warning: extra tokens at end of #include directive [enabled by default]
Finished building: ../src/adc_dac.c
 
Building file: ../src/encoder.c
Invoking: ARM gcc compiler
arm-xilinx-eabi-gcc -Wall -O0 -g3 -c -fmessage-length=0 -I../../freertos_zynq_bsp_0/ps7_cortexa9_0/include -MMD -MP -MF"src/encoder.d" -MT"src/encoder.d" -o "src/encoder.o" "../src/encoder.c"
In file included from ../src/encoder.h:7:0,
                 from ../src/encoder.c:1:
../src/SPI.h:17:21: warning: extra tokens at end of #include directive [enabled by default]
Finished building: ../src/encoder.c
 
Building file: ../src/main.c
Invoking: ARM gcc compiler
arm-xilinx-eabi-gcc -Wall -O0 -g3 -c -fmessage-length=0 -I../../freertos_zynq_bsp_0/ps7_cortexa9_0/include -MMD -MP -MF"src/main.d" -MT"src/main.d" -o "src/main.o" "../src/main.c"
In file included from ../src/main.c:13:0:
../src/SPI.h:17:21: warning: extra tokens at end of #include directive [enabled by default]
Finished building: ../src/main.c
 
Building target: freertos_app_pendulum.elf
Invoking: ARM gcc linker
arm-xilinx-eabi-gcc -Wl,-T -Wl,../src/lscript.ld -L../../freertos_zynq_bsp_0/ps7_cortexa9_0/lib -o "freertos_app_pendulum.elf"  ./src/SPI.o ./src/adc_dac.o ./src/encoder.o ./src/main.o   -Wl,--start-group,-lxil,-lfreertos,-lgcc,-lc,--end-group
Finished building target: freertos_app_pendulum.elf
 
Invoking: ARM Print Size
arm-xilinx-eabi-size freertos_app_pendulum.elf  |tee "freertos_app_pendulum.elf.size"
   text	   data	    bss	    dec	    hex	filename
  83648	   3096	   8828	  95572	  17554	freertos_app_pendulum.elf
Finished building: freertos_app_pendulum.elf.size
 
14:14:25 **** Incremental Build of configuration Debug for project freertos_app_pendulum ****
make all 
make: Nothing to be done for `all'.
14:15:01 **** Incremental Build of configuration Debug for project freertos_app_pendulum ****
make all 
make: Nothing to be done for `all'.
14:15:35 **** Incremental Build of configuration Debug for project freertos_app_pendulum ****
make all 
make: Nothing to be done for `all'.
14:16:28 **** Incremental Build of configuration Debug for project freertos_app_pendulum ****
make all 
make: Nothing to be done for `all'.
14:16:57 **** Incremental Build of configuration Debug for project freertos_app_pendulum ****
make all 
make: Nothing to be done for `all'.
14:17:38 **** Incremental Build of configuration Debug for project freertos_app_pendulum ****
make all 
make: Nothing to be done for `all'.
14:32:23 **** Incremental Build of configuration Debug for project freertos_app_pendulum ****
make all 
make: Nothing to be done for `all'.
14:33:38 **** Incremental Build of configuration Debug for project freertos_app_pendulum ****
make all 
make: Nothing to be done for `all'.
15:20:04 **** Incremental Build of configuration Debug for project freertos_app_pendulum ****
make all 
make: Nothing to be done for `all'.
15:20:50 **** Incremental Build of configuration Debug for project freertos_app_pendulum ****
make all 
make: Nothing to be done for `all'.
15:24:07 **** Incremental Build of configuration Debug for project freertos_app_pendulum ****
make all 
make: Nothing to be done for `all'.
15:24:51 **** Incremental Build of configuration Debug for project freertos_app_pendulum ****
make all 
make: Nothing to be done for `all'.
