15:13:17 **** Build of configuration Debug for project testing ****
make all 
Building file: ../src/freertos_hello_world.c
Invoking: ARM gcc compiler
arm-xilinx-eabi-gcc -Wall -O0 -g3 -c -fmessage-length=0 -I../../freertos_zynq_bsp_0/ps7_cortexa9_0/include -MMD -MP -MF"src/freertos_hello_world.d" -MT"src/freertos_hello_world.d" -o "src/freertos_hello_world.o" "../src/freertos_hello_world.c"
In file included from ../../freertos_zynq_bsp_0/ps7_cortexa9_0/include/FreeRTOSConfig.h:19:0,
Finished building: ../src/freertos_hello_world.c
                 from ../../freertos_zynq_bsp_0/ps7_cortexa9_0/include/FreeRTOS.h:67,
 
                 from ../src/freertos_hello_world.c:63:
Building target: testing.elf
Invoking: ARM gcc linker
arm-xilinx-eabi-gcc -Wl,-T -Wl,../src/lscript.ld -L../../freertos_zynq_bsp_0/ps7_cortexa9_0/lib -o "testing.elf"  ./src/freertos_hello_world.o   -Wl,--start-group,-lxil,-lfreertos,-lgcc,-lc,--end-group
../../freertos_zynq_bsp_0/ps7_cortexa9_0/include/xparameters.h:357:0: warning: "XPAR_XADCPS_0_DEVICE_ID" redefined [enabled by default]
In file included from ../../freertos_zynq_bsp_0/ps7_cortexa9_0/include/xparameters.h:15:0,
                 from ../../freertos_zynq_bsp_0/ps7_cortexa9_0/include/FreeRTOSConfig.h:19,
                 from ../../freertos_zynq_bsp_0/ps7_cortexa9_0/include/FreeRTOS.h:67,
                 from ../src/freertos_hello_world.c:63:
../../freertos_zynq_bsp_0/ps7_cortexa9_0/include/xparameters_ps.h:304:0: note: this is the location of the previous definition
In file included from ../../freertos_zynq_bsp_0/ps7_cortexa9_0/include/FreeRTOSConfig.h:19:0,
                 from ../../freertos_zynq_bsp_0/ps7_cortexa9_0/include/FreeRTOS.h:67,
                 from ../src/freertos_hello_world.c:63:
../../freertos_zynq_bsp_0/ps7_cortexa9_0/include/xparameters.h:358:0: warning: "XPAR_XADCPS_0_BASEADDR" redefined [enabled by default]
In file included from ../../freertos_zynq_bsp_0/ps7_cortexa9_0/include/xparameters.h:15:0,
                 from ../../freertos_zynq_bsp_0/ps7_cortexa9_0/include/FreeRTOSConfig.h:19,
                 from ../../freertos_zynq_bsp_0/ps7_cortexa9_0/include/FreeRTOS.h:67,
Finished building target: testing.elf
                 from ../src/freertos_hello_world.c:63:
 
../../freertos_zynq_bsp_0/ps7_cortexa9_0/include/xparameters_ps.h:305:0: note: this is the location of the previous definition
Invoking: ARM Print Size
arm-xilinx-eabi-size testing.elf  |tee "testing.elf.size"
   text	   data	    bss	    dec	    hex	filename
  69064	   3060	  23100	  95224	  173f8	testing.elf
Finished building: testing.elf.size
 
13:17:12 **** Build of project freertos_zynq_bsp_0 ****
make -k all 
Finished building libraries
13:17:12 **** Build of configuration Debug for project freertos_app_pendulum ****
make all 
make: Nothing to be done for `all'.
13:17:13 **** Build of configuration Debug for project testing ****
make all 
make: Nothing to be done for `all'.
13:20:58 **** Incremental Build of configuration Debug for project freertos_app_pendulum ****
make all 
make: Nothing to be done for `all'.
13:20:58 **** Incremental Build of configuration Debug for project testing ****
make all 
make: Nothing to be done for `all'.
13:42:44 **** Incremental Build of configuration Debug for project freertos_app_pendulum ****
make all 
Building file: ../src/main.c
Invoking: ARM gcc compiler
arm-xilinx-eabi-gcc -Wall -O0 -g3 -c -fmessage-length=0 -I../../freertos_zynq_bsp_0/ps7_cortexa9_0/include -MMD -MP -MF"src/main.d" -MT"src/main.d" -o "src/main.o" "../src/main.c"
In file included from ../../freertos_zynq_bsp_0/ps7_cortexa9_0/include/FreeRTOSConfig.h:19:0,
                 from ../../freertos_zynq_bsp_0/ps7_cortexa9_0/include/FreeRTOS.h:67,
                 from ../src/SPI.h:11,
                 from ../src/main.c:13:
../../freertos_zynq_bsp_0/ps7_cortexa9_0/include/xparameters.h:357:0: warning: "XPAR_XADCPS_0_DEVICE_ID" redefined [enabled by default]
In file included from ../../freertos_zynq_bsp_0/ps7_cortexa9_0/include/xparameters.h:15:0,
                 from ../../freertos_zynq_bsp_0/ps7_cortexa9_0/include/FreeRTOSConfig.h:19,
                 from ../../freertos_zynq_bsp_0/ps7_cortexa9_0/include/FreeRTOS.h:67,
                 from ../src/SPI.h:11,
                 from ../src/main.c:13:
../../freertos_zynq_bsp_0/ps7_cortexa9_0/include/xparameters_ps.h:304:0: note: this is the location of the previous definition
In file included from ../../freertos_zynq_bsp_0/ps7_cortexa9_0/include/FreeRTOSConfig.h:19:0,
                 from ../../freertos_zynq_bsp_0/ps7_cortexa9_0/include/FreeRTOS.h:67,
                 from ../src/SPI.h:11,
                 from ../src/main.c:13:
../../freertos_zynq_bsp_0/ps7_cortexa9_0/include/xparameters.h:358:0: warning: "XPAR_XADCPS_0_BASEADDR" redefined [enabled by default]
In file included from ../../freertos_zynq_bsp_0/ps7_cortexa9_0/include/xparameters.h:15:0,
                 from ../../freertos_zynq_bsp_0/ps7_cortexa9_0/include/FreeRTOSConfig.h:19,
                 from ../../freertos_zynq_bsp_0/ps7_cortexa9_0/include/FreeRTOS.h:67,
                 from ../src/SPI.h:11,
                 from ../src/main.c:13:
../../freertos_zynq_bsp_0/ps7_cortexa9_0/include/xparameters_ps.h:305:0: note: this is the location of the previous definition
In file included from ../src/main.c:13:0:
../src/SPI.h:17:21: warning: extra tokens at end of #include directive [enabled by default]
Finished building: ../src/main.c
 
Building target: freertos_app_pendulum.elf
Invoking: ARM gcc linker
arm-xilinx-eabi-gcc -Wl,-T -Wl,../src/lscript.ld -L../../freertos_zynq_bsp_0/ps7_cortexa9_0/lib -o "freertos_app_pendulum.elf"  ./src/SPI.o ./src/adc_dac.o ./src/encoder.o ./src/main.o   -Wl,--start-group,-lxil,-lfreertos,-lgcc,-lc,--end-group
Finished building target: freertos_app_pendulum.elf
 
Invoking: ARM Print Size
arm-xilinx-eabi-size freertos_app_pendulum.elf  |tee "freertos_app_pendulum.elf.size"
   text	   data	    bss	    dec	    hex	filename
  84048	   3096	  23164	 110308	  1aee4	freertos_app_pendulum.elf
Finished building: freertos_app_pendulum.elf.size
 
13:42:45 **** Incremental Build of configuration Debug for project testing ****
make all 
make: Nothing to be done for `all'.
13:43:10 **** Incremental Build of configuration Debug for project freertos_app_pendulum ****
make all 
make: Nothing to be done for `all'.
13:43:11 **** Incremental Build of configuration Debug for project testing ****
make all 
make: Nothing to be done for `all'.
13:44:39 **** Incremental Build of configuration Debug for project freertos_app_pendulum ****
make all 
Building file: ../src/main.c
Invoking: ARM gcc compiler
arm-xilinx-eabi-gcc -Wall -O0 -g3 -c -fmessage-length=0 -I../../freertos_zynq_bsp_0/ps7_cortexa9_0/include -MMD -MP -MF"src/main.d" -MT"src/main.d" -o "src/main.o" "../src/main.c"
In file included from ../../freertos_zynq_bsp_0/ps7_cortexa9_0/include/FreeRTOSConfig.h:19:0,
                 from ../../freertos_zynq_bsp_0/ps7_cortexa9_0/include/FreeRTOS.h:67,
                 from ../src/SPI.h:11,
                 from ../src/main.c:13:
../../freertos_zynq_bsp_0/ps7_cortexa9_0/include/xparameters.h:357:0: warning: "XPAR_XADCPS_0_DEVICE_ID" redefined [enabled by default]
In file included from ../../freertos_zynq_bsp_0/ps7_cortexa9_0/include/xparameters.h:15:0,
                 from ../../freertos_zynq_bsp_0/ps7_cortexa9_0/include/FreeRTOSConfig.h:19,
                 from ../../freertos_zynq_bsp_0/ps7_cortexa9_0/include/FreeRTOS.h:67,
                 from ../src/SPI.h:11,
                 from ../src/main.c:13:
../../freertos_zynq_bsp_0/ps7_cortexa9_0/include/xparameters_ps.h:304:0: note: this is the location of the previous definition
In file included from ../../freertos_zynq_bsp_0/ps7_cortexa9_0/include/FreeRTOSConfig.h:19:0,
Finished building: ../src/main.c
                 from ../../freertos_zynq_bsp_0/ps7_cortexa9_0/include/FreeRTOS.h:67,
 
                 from ../src/SPI.h:11,
Building target: freertos_app_pendulum.elf
                 from ../src/main.c:13:
Invoking: ARM gcc linker
../../freertos_zynq_bsp_0/ps7_cortexa9_0/include/xparameters.h:358:0: warning: "XPAR_XADCPS_0_BASEADDR" redefined [enabled by default]
arm-xilinx-eabi-gcc -Wl,-T -Wl,../src/lscript.ld -L../../freertos_zynq_bsp_0/ps7_cortexa9_0/lib -o "freertos_app_pendulum.elf"  ./src/SPI.o ./src/adc_dac.o ./src/encoder.o ./src/main.o   -Wl,--start-group,-lxil,-lfreertos,-lgcc,-lc,--end-group
In file included from ../../freertos_zynq_bsp_0/ps7_cortexa9_0/include/xparameters.h:15:0,
Finished building target: freertos_app_pendulum.elf
                 from ../../freertos_zynq_bsp_0/ps7_cortexa9_0/include/FreeRTOSConfig.h:19,
 
                 from ../../freertos_zynq_bsp_0/ps7_cortexa9_0/include/FreeRTOS.h:67,
Invoking: ARM Print Size
                 from ../src/SPI.h:11,
arm-xilinx-eabi-size freertos_app_pendulum.elf  |tee "freertos_app_pendulum.elf.size"
                 from ../src/main.c:13:
   text	   data	    bss	    dec	    hex	filename
../../freertos_zynq_bsp_0/ps7_cortexa9_0/include/xparameters_ps.h:305:0: note: this is the location of the previous definition
  84048	   3096	  23164	 110308	  1aee4	freertos_app_pendulum.elf
In file included from ../src/main.c:13:0:
Finished building: freertos_app_pendulum.elf.size
../src/SPI.h:17:21: warning: extra tokens at end of #include directive [enabled by default]
 
13:44:40 **** Incremental Build of configuration Debug for project testing ****
make all 
make: Nothing to be done for `all'.
13:44:43 **** Incremental Build of configuration Debug for project freertos_app_pendulum ****
make all 
make: Nothing to be done for `all'.
13:44:43 **** Incremental Build of configuration Debug for project testing ****
make all 
make: Nothing to be done for `all'.
13:45:35 **** Incremental Build of configuration Debug for project freertos_app_pendulum ****
make all 
Building file: ../src/main.c
Invoking: ARM gcc compiler
arm-xilinx-eabi-gcc -Wall -O0 -g3 -c -fmessage-length=0 -I../../freertos_zynq_bsp_0/ps7_cortexa9_0/include -MMD -MP -MF"src/main.d" -MT"src/main.d" -o "src/main.o" "../src/main.c"
In file included from ../../freertos_zynq_bsp_0/ps7_cortexa9_0/include/FreeRTOSConfig.h:19:0,
                 from ../../freertos_zynq_bsp_0/ps7_cortexa9_0/include/FreeRTOS.h:67,
                 from ../src/SPI.h:11,
                 from ../src/main.c:13:
../../freertos_zynq_bsp_0/ps7_cortexa9_0/include/xparameters.h:357:0: warning: "XPAR_XADCPS_0_DEVICE_ID" redefined [enabled by default]
In file included from ../../freertos_zynq_bsp_0/ps7_cortexa9_0/include/xparameters.h:15:0,
                 from ../../freertos_zynq_bsp_0/ps7_cortexa9_0/include/FreeRTOSConfig.h:19,
                 from ../../freertos_zynq_bsp_0/ps7_cortexa9_0/include/FreeRTOS.h:67,
                 from ../src/SPI.h:11,
                 from ../src/main.c:13:
../../freertos_zynq_bsp_0/ps7_cortexa9_0/include/xparameters_ps.h:304:0: note: this is the location of the previous definition
In file included from ../../freertos_zynq_bsp_0/ps7_cortexa9_0/include/FreeRTOSConfig.h:19:0,
                 from ../../freertos_zynq_bsp_0/ps7_cortexa9_0/include/FreeRTOS.h:67,
Finished building: ../src/main.c
                 from ../src/SPI.h:11,
 
                 from ../src/main.c:13:
Building target: freertos_app_pendulum.elf
Invoking: ARM gcc linker
arm-xilinx-eabi-gcc -Wl,-T -Wl,../src/lscript.ld -L../../freertos_zynq_bsp_0/ps7_cortexa9_0/lib -o "freertos_app_pendulum.elf"  ./src/SPI.o ./src/adc_dac.o ./src/encoder.o ./src/main.o   -Wl,--start-group,-lxil,-lfreertos,-lgcc,-lc,--end-group
../../freertos_zynq_bsp_0/ps7_cortexa9_0/include/xparameters.h:358:0: warning: "XPAR_XADCPS_0_BASEADDR" redefined [enabled by default]
Finished building target: freertos_app_pendulum.elf
 
Invoking: ARM Print Size
arm-xilinx-eabi-size freertos_app_pendulum.elf  |tee "freertos_app_pendulum.elf.size"
   text	   data	    bss	    dec	    hex	filename
  84080	   3096	  23164	 110340	  1af04	freertos_app_pendulum.elf
Finished building: freertos_app_pendulum.elf.size
 
In file included from ../../freertos_zynq_bsp_0/ps7_cortexa9_0/include/xparameters.h:15:0,
                 from ../../freertos_zynq_bsp_0/ps7_cortexa9_0/include/FreeRTOSConfig.h:19,
                 from ../../freertos_zynq_bsp_0/ps7_cortexa9_0/include/FreeRTOS.h:67,
                 from ../src/SPI.h:11,
                 from ../src/main.c:13:
../../freertos_zynq_bsp_0/ps7_cortexa9_0/include/xparameters_ps.h:305:0: note: this is the location of the previous definition
In file included from ../src/main.c:13:0:
../src/SPI.h:17:21: warning: extra tokens at end of #include directive [enabled by default]
13:45:36 **** Incremental Build of configuration Debug for project testing ****
make all 
make: Nothing to be done for `all'.
13:45:45 **** Incremental Build of configuration Debug for project freertos_app_pendulum ****
make all 
make: Nothing to be done for `all'.
13:45:46 **** Incremental Build of configuration Debug for project testing ****
make all 
make: Nothing to be done for `all'.
13:48:18 **** Incremental Build of configuration Debug for project freertos_app_pendulum ****
make all 
Building file: ../src/main.c
Invoking: ARM gcc compiler
arm-xilinx-eabi-gcc -Wall -O0 -g3 -c -fmessage-length=0 -I../../freertos_zynq_bsp_0/ps7_cortexa9_0/include -MMD -MP -MF"src/main.d" -MT"src/main.d" -o "src/main.o" "../src/main.c"
In file included from ../../freertos_zynq_bsp_0/ps7_cortexa9_0/include/FreeRTOSConfig.h:19:0,
                 from ../../freertos_zynq_bsp_0/ps7_cortexa9_0/include/FreeRTOS.h:67,
                 from ../src/SPI.h:11,
                 from ../src/main.c:13:
../../freertos_zynq_bsp_0/ps7_cortexa9_0/include/xparameters.h:357:0: warning: "XPAR_XADCPS_0_DEVICE_ID" redefined [enabled by default]
In file included from ../../freertos_zynq_bsp_0/ps7_cortexa9_0/include/xparameters.h:15:0,
                 from ../../freertos_zynq_bsp_0/ps7_cortexa9_0/include/FreeRTOSConfig.h:19,
                 from ../../freertos_zynq_bsp_0/ps7_cortexa9_0/include/FreeRTOS.h:67,
                 from ../src/SPI.h:11,
                 from ../src/main.c:13:
../../freertos_zynq_bsp_0/ps7_cortexa9_0/include/xparameters_ps.h:304:0: note: this is the location of the previous definition
In file included from ../../freertos_zynq_bsp_0/ps7_cortexa9_0/include/FreeRTOSConfig.h:19:0,
Finished building: ../src/main.c
                 from ../../freertos_zynq_bsp_0/ps7_cortexa9_0/include/FreeRTOS.h:67,
                 from ../src/SPI.h:11,
 
                 from ../src/main.c:13:
Building target: freertos_app_pendulum.elf
Invoking: ARM gcc linker
arm-xilinx-eabi-gcc -Wl,-T -Wl,../src/lscript.ld -L../../freertos_zynq_bsp_0/ps7_cortexa9_0/lib -o "freertos_app_pendulum.elf"  ./src/SPI.o ./src/adc_dac.o ./src/encoder.o ./src/main.o   -Wl,--start-group,-lxil,-lfreertos,-lgcc,-lc,--end-group
../../freertos_zynq_bsp_0/ps7_cortexa9_0/include/xparameters.h:358:0: warning: "XPAR_XADCPS_0_BASEADDR" redefined [enabled by default]
Finished building target: freertos_app_pendulum.elf
In file included from ../../freertos_zynq_bsp_0/ps7_cortexa9_0/include/xparameters.h:15:0,
                 from ../../freertos_zynq_bsp_0/ps7_cortexa9_0/include/FreeRTOSConfig.h:19,
                 from ../../freertos_zynq_bsp_0/ps7_cortexa9_0/include/FreeRTOS.h:67,
                 from ../src/SPI.h:11,
                 from ../src/main.c:13:
../../freertos_zynq_bsp_0/ps7_cortexa9_0/include/xparameters_ps.h:305:0: note: this is the location of the previous definition
In file included from ../src/main.c:13:0:
../src/SPI.h:17:21: warning: extra tokens at end of #include directive [enabled by default]
 
Invoking: ARM Print Size
arm-xilinx-eabi-size freertos_app_pendulum.elf  |tee "freertos_app_pendulum.elf.size"
   text	   data	    bss	    dec	    hex	filename
  84152	   3096	  23164	 110412	  1af4c	freertos_app_pendulum.elf
Finished building: freertos_app_pendulum.elf.size
 
13:48:19 **** Incremental Build of configuration Debug for project testing ****
make all 
make: Nothing to be done for `all'.
13:48:23 **** Incremental Build of configuration Debug for project freertos_app_pendulum ****
make all 
make: Nothing to be done for `all'.
13:48:24 **** Incremental Build of configuration Debug for project testing ****
make all 
make: Nothing to be done for `all'.
13:49:17 **** Incremental Build of configuration Debug for project freertos_app_pendulum ****
make all 
make: Nothing to be done for `all'.
13:49:17 **** Incremental Build of configuration Debug for project testing ****
make all 
make: Nothing to be done for `all'.
14:06:20 **** Incremental Build of configuration Debug for project freertos_app_pendulum ****
make all 
Building file: ../src/main.c
Invoking: ARM gcc compiler
arm-xilinx-eabi-gcc -Wall -O0 -g3 -c -fmessage-length=0 -I../../freertos_zynq_bsp_0/ps7_cortexa9_0/include -MMD -MP -MF"src/main.d" -MT"src/main.d" -o "src/main.o" "../src/main.c"
In file included from ../../freertos_zynq_bsp_0/ps7_cortexa9_0/include/FreeRTOSConfig.h:19:0,
                 from ../../freertos_zynq_bsp_0/ps7_cortexa9_0/include/FreeRTOS.h:67,
                 from ../src/SPI.h:11,
                 from ../src/main.c:13:
../../freertos_zynq_bsp_0/ps7_cortexa9_0/include/xparameters.h:357:0: warning: "XPAR_XADCPS_0_DEVICE_ID" redefined [enabled by default]
In file included from ../../freertos_zynq_bsp_0/ps7_cortexa9_0/include/xparameters.h:15:0,
                 from ../../freertos_zynq_bsp_0/ps7_cortexa9_0/include/FreeRTOSConfig.h:19,
                 from ../../freertos_zynq_bsp_0/ps7_cortexa9_0/include/FreeRTOS.h:67,
                 from ../src/SPI.h:11,
                 from ../src/main.c:13:
../../freertos_zynq_bsp_0/ps7_cortexa9_0/include/xparameters_ps.h:304:0: note: this is the location of the previous definition
In file included from ../../freertos_zynq_bsp_0/ps7_cortexa9_0/include/FreeRTOSConfig.h:19:0,
                 from ../../freertos_zynq_bsp_0/ps7_cortexa9_0/include/FreeRTOS.h:67,
                 from ../src/SPI.h:11,
                 from ../src/main.c:13:
../../freertos_zynq_bsp_0/ps7_cortexa9_0/include/xparameters.h:358:0: warning: "XPAR_XADCPS_0_BASEADDR" redefined [enabled by default]
Finished building: ../src/main.c
In file included from ../../freertos_zynq_bsp_0/ps7_cortexa9_0/include/xparameters.h:15:0,
                 from ../../freertos_zynq_bsp_0/ps7_cortexa9_0/include/FreeRTOSConfig.h:19,
 
                 from ../../freertos_zynq_bsp_0/ps7_cortexa9_0/include/FreeRTOS.h:67,
Building target: freertos_app_pendulum.elf
Invoking: ARM gcc linker
arm-xilinx-eabi-gcc -Wl,-T -Wl,../src/lscript.ld -L../../freertos_zynq_bsp_0/ps7_cortexa9_0/lib -o "freertos_app_pendulum.elf"  ./src/SPI.o ./src/adc_dac.o ./src/encoder.o ./src/main.o   -Wl,--start-group,-lxil,-lfreertos,-lgcc,-lc,--end-group
                 from ../src/SPI.h:11,
Finished building target: freertos_app_pendulum.elf
                 from ../src/main.c:13:
 
../../freertos_zynq_bsp_0/ps7_cortexa9_0/include/xparameters_ps.h:305:0: note: this is the location of the previous definition
Invoking: ARM Print Size
In file included from ../src/main.c:13:0:
arm-xilinx-eabi-size freertos_app_pendulum.elf  |tee "freertos_app_pendulum.elf.size"
   text	   data	    bss	    dec	    hex	filename
  84144	   3096	  23164	 110404	  1af44	freertos_app_pendulum.elf
Finished building: freertos_app_pendulum.elf.size
 
../src/SPI.h:17:21: warning: extra tokens at end of #include directive [enabled by default]
14:06:21 **** Incremental Build of configuration Debug for project testing ****
make all 
make: Nothing to be done for `all'.
14:16:08 **** Incremental Build of configuration Debug for project freertos_app_pendulum ****
make all 
Building file: ../src/main.c
Invoking: ARM gcc compiler
arm-xilinx-eabi-gcc -Wall -O0 -g3 -c -fmessage-length=0 -I../../freertos_zynq_bsp_0/ps7_cortexa9_0/include -MMD -MP -MF"src/main.d" -MT"src/main.d" -o "src/main.o" "../src/main.c"
In file included from ../../freertos_zynq_bsp_0/ps7_cortexa9_0/include/FreeRTOSConfig.h:19:0,
                 from ../../freertos_zynq_bsp_0/ps7_cortexa9_0/include/FreeRTOS.h:67,
                 from ../src/SPI.h:11,
                 from ../src/main.c:13:
../../freertos_zynq_bsp_0/ps7_cortexa9_0/include/xparameters.h:357:0: warning: "XPAR_XADCPS_0_DEVICE_ID" redefined [enabled by default]
In file included from ../../freertos_zynq_bsp_0/ps7_cortexa9_0/include/xparameters.h:15:0,
                 from ../../freertos_zynq_bsp_0/ps7_cortexa9_0/include/FreeRTOSConfig.h:19,
                 from ../../freertos_zynq_bsp_0/ps7_cortexa9_0/include/FreeRTOS.h:67,
                 from ../src/SPI.h:11,
                 from ../src/main.c:13:
../../freertos_zynq_bsp_0/ps7_cortexa9_0/include/xparameters_ps.h:304:0: note: this is the location of the previous definition
In file included from ../../freertos_zynq_bsp_0/ps7_cortexa9_0/include/FreeRTOSConfig.h:19:0,
Finished building: ../src/main.c
                 from ../../freertos_zynq_bsp_0/ps7_cortexa9_0/include/FreeRTOS.h:67,
                 from ../src/SPI.h:11,
                 from ../src/main.c:13:
../../freertos_zynq_bsp_0/ps7_cortexa9_0/include/xparameters.h:358:0: warning: "XPAR_XADCPS_0_BASEADDR" redefined [enabled by default]
 
In file included from ../../freertos_zynq_bsp_0/ps7_cortexa9_0/include/xparameters.h:15:0,
Building target: freertos_app_pendulum.elf
                 from ../../freertos_zynq_bsp_0/ps7_cortexa9_0/include/FreeRTOSConfig.h:19,
                 from ../../freertos_zynq_bsp_0/ps7_cortexa9_0/include/FreeRTOS.h:67,
                 from ../src/SPI.h:11,
                 from ../src/main.c:13:
../../freertos_zynq_bsp_0/ps7_cortexa9_0/include/xparameters_ps.h:305:0: note: this is the location of the previous definition
In file included from ../src/main.c:13:0:
../src/SPI.h:17:21: warning: extra tokens at end of #include directive [enabled by default]
Invoking: ARM gcc linker
arm-xilinx-eabi-gcc -Wl,-T -Wl,../src/lscript.ld -L../../freertos_zynq_bsp_0/ps7_cortexa9_0/lib -o "freertos_app_pendulum.elf"  ./src/SPI.o ./src/adc_dac.o ./src/encoder.o ./src/main.o   -Wl,--start-group,-lxil,-lfreertos,-lgcc,-lc,--end-group
Finished building target: freertos_app_pendulum.elf
 
Invoking: ARM Print Size
arm-xilinx-eabi-size freertos_app_pendulum.elf  |tee "freertos_app_pendulum.elf.size"
   text	   data	    bss	    dec	    hex	filename
  84272	   3096	  23180	 110548	  1afd4	freertos_app_pendulum.elf
Finished building: freertos_app_pendulum.elf.size
 
14:16:08 **** Incremental Build of configuration Debug for project testing ****
make all 
make: Nothing to be done for `all'.
14:16:15 **** Incremental Build of configuration Debug for project freertos_app_pendulum ****
make all 
make: Nothing to be done for `all'.
14:16:15 **** Incremental Build of configuration Debug for project testing ****
make all 
make: Nothing to be done for `all'.
14:17:46 **** Incremental Build of configuration Debug for project freertos_app_pendulum ****
make all 
Building file: ../src/main.c
Invoking: ARM gcc compiler
arm-xilinx-eabi-gcc -Wall -O0 -g3 -c -fmessage-length=0 -I../../freertos_zynq_bsp_0/ps7_cortexa9_0/include -MMD -MP -MF"src/main.d" -MT"src/main.d" -o "src/main.o" "../src/main.c"
In file included from ../../freertos_zynq_bsp_0/ps7_cortexa9_0/include/FreeRTOSConfig.h:19:0,
                 from ../../freertos_zynq_bsp_0/ps7_cortexa9_0/include/FreeRTOS.h:67,
                 from ../src/SPI.h:11,
                 from ../src/main.c:13:
../../freertos_zynq_bsp_0/ps7_cortexa9_0/include/xparameters.h:357:0: warning: "XPAR_XADCPS_0_DEVICE_ID" redefined [enabled by default]
In file included from ../../freertos_zynq_bsp_0/ps7_cortexa9_0/include/xparameters.h:15:0,
                 from ../../freertos_zynq_bsp_0/ps7_cortexa9_0/include/FreeRTOSConfig.h:19,
                 from ../../freertos_zynq_bsp_0/ps7_cortexa9_0/include/FreeRTOS.h:67,
                 from ../src/SPI.h:11,
                 from ../src/main.c:13:
../../freertos_zynq_bsp_0/ps7_cortexa9_0/include/xparameters_ps.h:304:0: note: this is the location of the previous definition
In file included from ../../freertos_zynq_bsp_0/ps7_cortexa9_0/include/FreeRTOSConfig.h:19:0,
                 from ../../freertos_zynq_bsp_0/ps7_cortexa9_0/include/FreeRTOS.h:67,
Finished building: ../src/main.c
                 from ../src/SPI.h:11,
 
                 from ../src/main.c:13:
Building target: freertos_app_pendulum.elf
../../freertos_zynq_bsp_0/ps7_cortexa9_0/include/xparameters.h:358:0: warning: "XPAR_XADCPS_0_BASEADDR" redefined [enabled by default]
Invoking: ARM gcc linker
In file included from ../../freertos_zynq_bsp_0/ps7_cortexa9_0/include/xparameters.h:15:0,
arm-xilinx-eabi-gcc -Wl,-T -Wl,../src/lscript.ld -L../../freertos_zynq_bsp_0/ps7_cortexa9_0/lib -o "freertos_app_pendulum.elf"  ./src/SPI.o ./src/adc_dac.o ./src/encoder.o ./src/main.o   -Wl,--start-group,-lxil,-lfreertos,-lgcc,-lc,--end-group
                 from ../../freertos_zynq_bsp_0/ps7_cortexa9_0/include/FreeRTOSConfig.h:19,
Finished building target: freertos_app_pendulum.elf
                 from ../../freertos_zynq_bsp_0/ps7_cortexa9_0/include/FreeRTOS.h:67,
 
                 from ../src/SPI.h:11,
Invoking: ARM Print Size
                 from ../src/main.c:13:
arm-xilinx-eabi-size freertos_app_pendulum.elf  |tee "freertos_app_pendulum.elf.size"
../../freertos_zynq_bsp_0/ps7_cortexa9_0/include/xparameters_ps.h:305:0: note: this is the location of the previous definition
   text	   data	    bss	    dec	    hex	filename
In file included from ../src/main.c:13:0:
  84280	   3096	  23180	 110556	  1afdc	freertos_app_pendulum.elf
../src/SPI.h:17:21: warning: extra tokens at end of #include directive [enabled by default]
Finished building: freertos_app_pendulum.elf.size
 
14:17:46 **** Incremental Build of configuration Debug for project testing ****
make all 
make: Nothing to be done for `all'.
14:17:49 **** Incremental Build of configuration Debug for project freertos_app_pendulum ****
make all 
make: Nothing to be done for `all'.
14:17:50 **** Incremental Build of configuration Debug for project testing ****
make all 
make: Nothing to be done for `all'.
14:21:10 **** Incremental Build of configuration Debug for project freertos_app_pendulum ****
make all 
Building file: ../src/main.c
Invoking: ARM gcc compiler
arm-xilinx-eabi-gcc -Wall -O0 -g3 -c -fmessage-length=0 -I../../freertos_zynq_bsp_0/ps7_cortexa9_0/include -MMD -MP -MF"src/main.d" -MT"src/main.d" -o "src/main.o" "../src/main.c"
In file included from ../../freertos_zynq_bsp_0/ps7_cortexa9_0/include/FreeRTOSConfig.h:19:0,
                 from ../../freertos_zynq_bsp_0/ps7_cortexa9_0/include/FreeRTOS.h:67,
                 from ../src/SPI.h:11,
                 from ../src/main.c:13:
../../freertos_zynq_bsp_0/ps7_cortexa9_0/include/xparameters.h:357:0: warning: "XPAR_XADCPS_0_DEVICE_ID" redefined [enabled by default]
In file included from ../../freertos_zynq_bsp_0/ps7_cortexa9_0/include/xparameters.h:15:0,
                 from ../../freertos_zynq_bsp_0/ps7_cortexa9_0/include/FreeRTOSConfig.h:19,
                 from ../../freertos_zynq_bsp_0/ps7_cortexa9_0/include/FreeRTOS.h:67,
                 from ../src/SPI.h:11,
                 from ../src/main.c:13:
../../freertos_zynq_bsp_0/ps7_cortexa9_0/include/xparameters_ps.h:304:0: note: this is the location of the previous definition
In file included from ../../freertos_zynq_bsp_0/ps7_cortexa9_0/include/FreeRTOSConfig.h:19:0,
                 from ../../freertos_zynq_bsp_0/ps7_cortexa9_0/include/FreeRTOS.h:67,
Finished building: ../src/main.c
                 from ../src/SPI.h:11,
 
                 from ../src/main.c:13:
Building target: freertos_app_pendulum.elf
Invoking: ARM gcc linker
../../freertos_zynq_bsp_0/ps7_cortexa9_0/include/xparameters.h:358:0: warning: "XPAR_XADCPS_0_BASEADDR" redefined [enabled by default]
arm-xilinx-eabi-gcc -Wl,-T -Wl,../src/lscript.ld -L../../freertos_zynq_bsp_0/ps7_cortexa9_0/lib -o "freertos_app_pendulum.elf"  ./src/SPI.o ./src/adc_dac.o ./src/encoder.o ./src/main.o   -Wl,--start-group,-lxil,-lfreertos,-lgcc,-lc,--end-group
In file included from ../../freertos_zynq_bsp_0/ps7_cortexa9_0/include/xparameters.h:15:0,
Finished building target: freertos_app_pendulum.elf
 
Invoking: ARM Print Size
arm-xilinx-eabi-size freertos_app_pendulum.elf  |tee "freertos_app_pendulum.elf.size"
   text	   data	    bss	    dec	    hex	filename
  84288	   3096	  23180	 110564	  1afe4	freertos_app_pendulum.elf
Finished building: freertos_app_pendulum.elf.size
 
                 from ../../freertos_zynq_bsp_0/ps7_cortexa9_0/include/FreeRTOSConfig.h:19,
                 from ../../freertos_zynq_bsp_0/ps7_cortexa9_0/include/FreeRTOS.h:67,
                 from ../src/SPI.h:11,
                 from ../src/main.c:13:
../../freertos_zynq_bsp_0/ps7_cortexa9_0/include/xparameters_ps.h:305:0: note: this is the location of the previous definition
In file included from ../src/main.c:13:0:
../src/SPI.h:17:21: warning: extra tokens at end of #include directive [enabled by default]
14:21:11 **** Incremental Build of configuration Debug for project testing ****
make all 
make: Nothing to be done for `all'.
14:21:15 **** Incremental Build of configuration Debug for project freertos_app_pendulum ****
make all 
make: Nothing to be done for `all'.
14:21:15 **** Incremental Build of configuration Debug for project testing ****
make all 
make: Nothing to be done for `all'.
14:23:10 **** Incremental Build of configuration Debug for project freertos_app_pendulum ****
make all 
Building file: ../src/main.c
Invoking: ARM gcc compiler
arm-xilinx-eabi-gcc -Wall -O0 -g3 -c -fmessage-length=0 -I../../freertos_zynq_bsp_0/ps7_cortexa9_0/include -MMD -MP -MF"src/main.d" -MT"src/main.d" -o "src/main.o" "../src/main.c"
In file included from ../../freertos_zynq_bsp_0/ps7_cortexa9_0/include/FreeRTOSConfig.h:19:0,
                 from ../../freertos_zynq_bsp_0/ps7_cortexa9_0/include/FreeRTOS.h:67,
                 from ../src/SPI.h:11,
                 from ../src/main.c:13:
../../freertos_zynq_bsp_0/ps7_cortexa9_0/include/xparameters.h:357:0: warning: "XPAR_XADCPS_0_DEVICE_ID" redefined [enabled by default]
In file included from ../../freertos_zynq_bsp_0/ps7_cortexa9_0/include/xparameters.h:15:0,
                 from ../../freertos_zynq_bsp_0/ps7_cortexa9_0/include/FreeRTOSConfig.h:19,
                 from ../../freertos_zynq_bsp_0/ps7_cortexa9_0/include/FreeRTOS.h:67,
                 from ../src/SPI.h:11,
                 from ../src/main.c:13:
../../freertos_zynq_bsp_0/ps7_cortexa9_0/include/xparameters_ps.h:304:0: note: this is the location of the previous definition
In file included from ../../freertos_zynq_bsp_0/ps7_cortexa9_0/include/FreeRTOSConfig.h:19:0,
                 from ../../freertos_zynq_bsp_0/ps7_cortexa9_0/include/FreeRTOS.h:67,
Finished building: ../src/main.c
                 from ../src/SPI.h:11,
 
                 from ../src/main.c:13:
Building target: freertos_app_pendulum.elf
../../freertos_zynq_bsp_0/ps7_cortexa9_0/include/xparameters.h:358:0: warning: "XPAR_XADCPS_0_BASEADDR" redefined [enabled by default]
Invoking: ARM gcc linker
In file included from ../../freertos_zynq_bsp_0/ps7_cortexa9_0/include/xparameters.h:15:0,
arm-xilinx-eabi-gcc -Wl,-T -Wl,../src/lscript.ld -L../../freertos_zynq_bsp_0/ps7_cortexa9_0/lib -o "freertos_app_pendulum.elf"  ./src/SPI.o ./src/adc_dac.o ./src/encoder.o ./src/main.o   -Wl,--start-group,-lxil,-lfreertos,-lgcc,-lc,--end-group
                 from ../../freertos_zynq_bsp_0/ps7_cortexa9_0/include/FreeRTOSConfig.h:19,
Finished building target: freertos_app_pendulum.elf
                 from ../../freertos_zynq_bsp_0/ps7_cortexa9_0/include/FreeRTOS.h:67,
 
                 from ../src/SPI.h:11,
Invoking: ARM Print Size
                 from ../src/main.c:13:
arm-xilinx-eabi-size freertos_app_pendulum.elf  |tee "freertos_app_pendulum.elf.size"
../../freertos_zynq_bsp_0/ps7_cortexa9_0/include/xparameters_ps.h:305:0: note: this is the location of the previous definition
   text	   data	    bss	    dec	    hex	filename
In file included from ../src/main.c:13:0:
  84304	   3096	  23180	 110580	  1aff4	freertos_app_pendulum.elf
../src/SPI.h:17:21: warning: extra tokens at end of #include directive [enabled by default]
Finished building: freertos_app_pendulum.elf.size
 
14:23:10 **** Incremental Build of configuration Debug for project testing ****
make all 
make: Nothing to be done for `all'.
14:23:18 **** Incremental Build of configuration Debug for project freertos_app_pendulum ****
make all 
Building file: ../src/main.c
Invoking: ARM gcc compiler
arm-xilinx-eabi-gcc -Wall -O0 -g3 -c -fmessage-length=0 -I../../freertos_zynq_bsp_0/ps7_cortexa9_0/include -MMD -MP -MF"src/main.d" -MT"src/main.d" -o "src/main.o" "../src/main.c"
In file included from ../../freertos_zynq_bsp_0/ps7_cortexa9_0/include/FreeRTOSConfig.h:19:0,
                 from ../../freertos_zynq_bsp_0/ps7_cortexa9_0/include/FreeRTOS.h:67,
                 from ../src/SPI.h:11,
                 from ../src/main.c:13:
../../freertos_zynq_bsp_0/ps7_cortexa9_0/include/xparameters.h:357:0: warning: "XPAR_XADCPS_0_DEVICE_ID" redefined [enabled by default]
In file included from ../../freertos_zynq_bsp_0/ps7_cortexa9_0/include/xparameters.h:15:0,
                 from ../../freertos_zynq_bsp_0/ps7_cortexa9_0/include/FreeRTOSConfig.h:19,
                 from ../../freertos_zynq_bsp_0/ps7_cortexa9_0/include/FreeRTOS.h:67,
                 from ../src/SPI.h:11,
                 from ../src/main.c:13:
../../freertos_zynq_bsp_0/ps7_cortexa9_0/include/xparameters_ps.h:304:0: note: this is the location of the previous definition
In file included from ../../freertos_zynq_bsp_0/ps7_cortexa9_0/include/FreeRTOSConfig.h:19:0,
                 from ../../freertos_zynq_bsp_0/ps7_cortexa9_0/include/FreeRTOS.h:67,
                 from ../src/SPI.h:11,
                 from ../src/main.c:13:
../../freertos_zynq_bsp_0/ps7_cortexa9_0/include/xparameters.h:358:0: warning: "XPAR_XADCPS_0_BASEADDR" redefined [enabled by default]
Finished building: ../src/main.c
In file included from ../../freertos_zynq_bsp_0/ps7_cortexa9_0/include/xparameters.h:15:0,
                 from ../../freertos_zynq_bsp_0/ps7_cortexa9_0/include/FreeRTOSConfig.h:19,
 
                 from ../../freertos_zynq_bsp_0/ps7_cortexa9_0/include/FreeRTOS.h:67,
Building target: freertos_app_pendulum.elf
                 from ../src/SPI.h:11,
Invoking: ARM gcc linker
                 from ../src/main.c:13:
arm-xilinx-eabi-gcc -Wl,-T -Wl,../src/lscript.ld -L../../freertos_zynq_bsp_0/ps7_cortexa9_0/lib -o "freertos_app_pendulum.elf"  ./src/SPI.o ./src/adc_dac.o ./src/encoder.o ./src/main.o   -Wl,--start-group,-lxil,-lfreertos,-lgcc,-lc,--end-group
../../freertos_zynq_bsp_0/ps7_cortexa9_0/include/xparameters_ps.h:305:0: note: this is the location of the previous definition
In file included from ../src/main.c:13:0:
../src/SPI.h:17:21: warning: extra tokens at end of #include directive [enabled by default]
Finished building target: freertos_app_pendulum.elf
 
Invoking: ARM Print Size
arm-xilinx-eabi-size freertos_app_pendulum.elf  |tee "freertos_app_pendulum.elf.size"
   text	   data	    bss	    dec	    hex	filename
  84304	   3096	  23180	 110580	  1aff4	freertos_app_pendulum.elf
Finished building: freertos_app_pendulum.elf.size
 
14:23:19 **** Incremental Build of configuration Debug for project testing ****
make all 
make: Nothing to be done for `all'.
14:23:27 **** Incremental Build of configuration Debug for project freertos_app_pendulum ****
make all 
make: Nothing to be done for `all'.
14:23:27 **** Incremental Build of configuration Debug for project testing ****
make all 
make: Nothing to be done for `all'.
14:27:06 **** Incremental Build of configuration Debug for project freertos_app_pendulum ****
make all 
make: Nothing to be done for `all'.
14:27:06 **** Incremental Build of configuration Debug for project testing ****
make all 
make: Nothing to be done for `all'.
14:28:17 **** Incremental Build of configuration Debug for project freertos_app_pendulum ****
make all 
Building file: ../src/main.c
Invoking: ARM gcc compiler
arm-xilinx-eabi-gcc -Wall -O0 -g3 -c -fmessage-length=0 -I../../freertos_zynq_bsp_0/ps7_cortexa9_0/include -MMD -MP -MF"src/main.d" -MT"src/main.d" -o "src/main.o" "../src/main.c"
In file included from ../../freertos_zynq_bsp_0/ps7_cortexa9_0/include/FreeRTOSConfig.h:19:0,
                 from ../../freertos_zynq_bsp_0/ps7_cortexa9_0/include/FreeRTOS.h:67,
                 from ../src/SPI.h:11,
                 from ../src/main.c:13:
../../freertos_zynq_bsp_0/ps7_cortexa9_0/include/xparameters.h:357:0: warning: "XPAR_XADCPS_0_DEVICE_ID" redefined [enabled by default]
In file included from ../../freertos_zynq_bsp_0/ps7_cortexa9_0/include/xparameters.h:15:0,
                 from ../../freertos_zynq_bsp_0/ps7_cortexa9_0/include/FreeRTOSConfig.h:19,
                 from ../../freertos_zynq_bsp_0/ps7_cortexa9_0/include/FreeRTOS.h:67,
                 from ../src/SPI.h:11,
                 from ../src/main.c:13:
../../freertos_zynq_bsp_0/ps7_cortexa9_0/include/xparameters_ps.h:304:0: note: this is the location of the previous definition
In file included from ../../freertos_zynq_bsp_0/ps7_cortexa9_0/include/FreeRTOSConfig.h:19:0,
Finished building: ../src/main.c
                 from ../../freertos_zynq_bsp_0/ps7_cortexa9_0/include/FreeRTOS.h:67,
 
                 from ../src/SPI.h:11,
                 from ../src/main.c:13:
../../freertos_zynq_bsp_0/ps7_cortexa9_0/include/xparameters.h:358:0: warning: "XPAR_XADCPS_0_BASEADDR" redefined [enabled by default]
Building target: freertos_app_pendulum.elf
Invoking: ARM gcc linker
arm-xilinx-eabi-gcc -Wl,-T -Wl,../src/lscript.ld -L../../freertos_zynq_bsp_0/ps7_cortexa9_0/lib -o "freertos_app_pendulum.elf"  ./src/SPI.o ./src/adc_dac.o ./src/encoder.o ./src/main.o   -Wl,--start-group,-lxil,-lfreertos,-lgcc,-lc,--end-group
In file included from ../../freertos_zynq_bsp_0/ps7_cortexa9_0/include/xparameters.h:15:0,
                 from ../../freertos_zynq_bsp_0/ps7_cortexa9_0/include/FreeRTOSConfig.h:19,
                 from ../../freertos_zynq_bsp_0/ps7_cortexa9_0/include/FreeRTOS.h:67,
                 from ../src/SPI.h:11,
                 from ../src/main.c:13:
../../freertos_zynq_bsp_0/ps7_cortexa9_0/include/xparameters_ps.h:305:0: note: this is the location of the previous definition
Finished building target: freertos_app_pendulum.elf
 
Invoking: ARM Print Size
arm-xilinx-eabi-size freertos_app_pendulum.elf  |tee "freertos_app_pendulum.elf.size"
   text	   data	    bss	    dec	    hex	filename
  84304	   3096	  23180	 110580	  1aff4	freertos_app_pendulum.elf
Finished building: freertos_app_pendulum.elf.size
 
In file included from ../src/main.c:13:0:
../src/SPI.h:17:21: warning: extra tokens at end of #include directive [enabled by default]
14:28:17 **** Incremental Build of configuration Debug for project testing ****
make all 
make: Nothing to be done for `all'.
14:28:26 **** Incremental Build of configuration Debug for project freertos_app_pendulum ****
make all 
make: Nothing to be done for `all'.
14:28:27 **** Incremental Build of configuration Debug for project testing ****
make all 
make: Nothing to be done for `all'.
14:31:58 **** Incremental Build of configuration Debug for project freertos_app_pendulum ****
make all 
make: Nothing to be done for `all'.
14:31:58 **** Incremental Build of configuration Debug for project testing ****
make all 
make: Nothing to be done for `all'.
14:33:15 **** Incremental Build of configuration Debug for project freertos_app_pendulum ****
make all 
make: Nothing to be done for `all'.
14:33:16 **** Incremental Build of configuration Debug for project testing ****
make all 
make: Nothing to be done for `all'.
14:34:13 **** Incremental Build of configuration Debug for project freertos_app_pendulum ****
make all 
make: Nothing to be done for `all'.
14:34:13 **** Incremental Build of configuration Debug for project testing ****
make all 
make: Nothing to be done for `all'.
14:34:26 **** Incremental Build of configuration Debug for project freertos_app_pendulum ****
make all 
make: Nothing to be done for `all'.
14:34:26 **** Incremental Build of configuration Debug for project testing ****
make all 
make: Nothing to be done for `all'.
14:36:04 **** Incremental Build of configuration Debug for project freertos_app_pendulum ****
make all 
Building file: ../src/main.c
Invoking: ARM gcc compiler
arm-xilinx-eabi-gcc -Wall -O0 -g3 -c -fmessage-length=0 -I../../freertos_zynq_bsp_0/ps7_cortexa9_0/include -MMD -MP -MF"src/main.d" -MT"src/main.d" -o "src/main.o" "../src/main.c"
In file included from ../../freertos_zynq_bsp_0/ps7_cortexa9_0/include/FreeRTOSConfig.h:19:0,
                 from ../../freertos_zynq_bsp_0/ps7_cortexa9_0/include/FreeRTOS.h:67,
                 from ../src/SPI.h:11,
                 from ../src/main.c:13:
../../freertos_zynq_bsp_0/ps7_cortexa9_0/include/xparameters.h:357:0: warning: "XPAR_XADCPS_0_DEVICE_ID" redefined [enabled by default]
In file included from ../../freertos_zynq_bsp_0/ps7_cortexa9_0/include/xparameters.h:15:0,
                 from ../../freertos_zynq_bsp_0/ps7_cortexa9_0/include/FreeRTOSConfig.h:19,
                 from ../../freertos_zynq_bsp_0/ps7_cortexa9_0/include/FreeRTOS.h:67,
                 from ../src/SPI.h:11,
                 from ../src/main.c:13:
../../freertos_zynq_bsp_0/ps7_cortexa9_0/include/xparameters_ps.h:304:0: note: this is the location of the previous definition
In file included from ../../freertos_zynq_bsp_0/ps7_cortexa9_0/include/FreeRTOSConfig.h:19:0,
                 from ../../freertos_zynq_bsp_0/ps7_cortexa9_0/include/FreeRTOS.h:67,
                 from ../src/SPI.h:11,
                 from ../src/main.c:13:
../../freertos_zynq_bsp_0/ps7_cortexa9_0/include/xparameters.h:358:0: warning: "XPAR_XADCPS_0_BASEADDR" redefined [enabled by default]
In file included from ../../freertos_zynq_bsp_0/ps7_cortexa9_0/include/xparameters.h:15:0,
                 from ../../freertos_zynq_bsp_0/ps7_cortexa9_0/include/FreeRTOSConfig.h:19,
                 from ../../freertos_zynq_bsp_0/ps7_cortexa9_0/include/FreeRTOS.h:67,
                 from ../src/SPI.h:11,
                 from ../src/main.c:13:
../../freertos_zynq_bsp_0/ps7_cortexa9_0/include/xparameters_ps.h:305:0: note: this is the location of the previous definition
In file included from ../src/main.c:13:0:
../src/SPI.h:17:21: warning: extra tokens at end of #include directive [enabled by default]
Finished building: ../src/main.c
 
Building target: freertos_app_pendulum.elf
Invoking: ARM gcc linker
arm-xilinx-eabi-gcc -Wl,-T -Wl,../src/lscript.ld -L../../freertos_zynq_bsp_0/ps7_cortexa9_0/lib -o "freertos_app_pendulum.elf"  ./src/SPI.o ./src/adc_dac.o ./src/encoder.o ./src/main.o   -Wl,--start-group,-lxil,-lfreertos,-lgcc,-lc,--end-group
Finished building target: freertos_app_pendulum.elf
 
Invoking: ARM Print Size
arm-xilinx-eabi-size freertos_app_pendulum.elf  |tee "freertos_app_pendulum.elf.size"
   text	   data	    bss	    dec	    hex	filename
  84304	   3096	  23180	 110580	  1aff4	freertos_app_pendulum.elf
Finished building: freertos_app_pendulum.elf.size
 
14:36:05 **** Incremental Build of configuration Debug for project testing ****
make all 
make: Nothing to be done for `all'.
14:36:33 **** Incremental Build of configuration Debug for project freertos_app_pendulum ****
make all 
make: Nothing to be done for `all'.
14:36:33 **** Incremental Build of configuration Debug for project testing ****
make all 
make: Nothing to be done for `all'.
14:36:47 **** Incremental Build of configuration Debug for project freertos_app_pendulum ****
make all 
make: Nothing to be done for `all'.
14:36:48 **** Incremental Build of configuration Debug for project testing ****
make all 
make: Nothing to be done for `all'.
16:17:44 **** Incremental Build of configuration Debug for project freertos_app_pendulum ****
make all 
make: Nothing to be done for `all'.
16:17:46 **** Incremental Build of configuration Debug for project testing ****
make all 
make: Nothing to be done for `all'.
14:40:51 **** Build of project freertos_zynq_bsp_0 ****
make -k all 
Finished building libraries
14:40:51 **** Build of configuration Debug for project freertos_app_pendulum ****
make all 
make: Nothing to be done for `all'.
14:40:52 **** Build of configuration Debug for project testing ****
make all 
make: Nothing to be done for `all'.
14:49:03 **** Incremental Build of configuration Debug for project freertos_app_pendulum ****
make all 
Building file: ../src/main.c
Invoking: ARM gcc compiler
arm-xilinx-eabi-gcc -Wall -O0 -g3 -c -fmessage-length=0 -I../../freertos_zynq_bsp_0/ps7_cortexa9_0/include -MMD -MP -MF"src/main.d" -MT"src/main.d" -o "src/main.o" "../src/main.c"
In file included from ../../freertos_zynq_bsp_0/ps7_cortexa9_0/include/FreeRTOSConfig.h:19:0,
                 from ../../freertos_zynq_bsp_0/ps7_cortexa9_0/include/FreeRTOS.h:67,
                 from ../src/SPI.h:11,
                 from ../src/main.c:13:
../../freertos_zynq_bsp_0/ps7_cortexa9_0/include/xparameters.h:357:0: warning: "XPAR_XADCPS_0_DEVICE_ID" redefined [enabled by default]
In file included from ../../freertos_zynq_bsp_0/ps7_cortexa9_0/include/xparameters.h:15:0,
                 from ../../freertos_zynq_bsp_0/ps7_cortexa9_0/include/FreeRTOSConfig.h:19,
                 from ../../freertos_zynq_bsp_0/ps7_cortexa9_0/include/FreeRTOS.h:67,
                 from ../src/SPI.h:11,
                 from ../src/main.c:13:
../../freertos_zynq_bsp_0/ps7_cortexa9_0/include/xparameters_ps.h:304:0: note: this is the location of the previous definition
In file included from ../../freertos_zynq_bsp_0/ps7_cortexa9_0/include/FreeRTOSConfig.h:19:0,
                 from ../../freertos_zynq_bsp_0/ps7_cortexa9_0/include/FreeRTOS.h:67,
                 from ../src/SPI.h:11,
                 from ../src/main.c:13:
../../freertos_zynq_bsp_0/ps7_cortexa9_0/include/xparameters.h:358:0: warning: "XPAR_XADCPS_0_BASEADDR" redefined [enabled by default]
In file included from ../../freertos_zynq_bsp_0/ps7_cortexa9_0/include/xparameters.h:15:0,
                 from ../../freertos_zynq_bsp_0/ps7_cortexa9_0/include/FreeRTOSConfig.h:19,
                 from ../../freertos_zynq_bsp_0/ps7_cortexa9_0/include/FreeRTOS.h:67,
                 from ../src/SPI.h:11,
                 from ../src/main.c:13:
../../freertos_zynq_bsp_0/ps7_cortexa9_0/include/xparameters_ps.h:305:0: note: this is the location of the previous definition
In file included from ../src/main.c:13:0:
../src/SPI.h:17:21: warning: extra tokens at end of #include directive [enabled by default]
Finished building: ../src/main.c
 
Building target: freertos_app_pendulum.elf
Invoking: ARM gcc linker
arm-xilinx-eabi-gcc -Wl,-T -Wl,../src/lscript.ld -L../../freertos_zynq_bsp_0/ps7_cortexa9_0/lib -o "freertos_app_pendulum.elf"  ./src/SPI.o ./src/adc_dac.o ./src/encoder.o ./src/main.o   -Wl,--start-group,-lxil,-lfreertos,-lgcc,-lc,--end-group
Finished building target: freertos_app_pendulum.elf
 
Invoking: ARM Print Size
arm-xilinx-eabi-size freertos_app_pendulum.elf  |tee "freertos_app_pendulum.elf.size"
   text	   data	    bss	    dec	    hex	filename
  84304	   3096	  23180	 110580	  1aff4	freertos_app_pendulum.elf
Finished building: freertos_app_pendulum.elf.size
 
14:49:04 **** Incremental Build of configuration Debug for project testing ****
make all 
make: Nothing to be done for `all'.
14:49:18 **** Incremental Build of configuration Debug for project freertos_app_pendulum ****
make all 
make: Nothing to be done for `all'.
14:49:18 **** Incremental Build of configuration Debug for project testing ****
make all 
make: Nothing to be done for `all'.
14:50:48 **** Incremental Build of configuration Debug for project freertos_app_pendulum ****
make all 
make: Nothing to be done for `all'.
14:50:48 **** Incremental Build of configuration Debug for project testing ****
make all 
make: Nothing to be done for `all'.
14:54:19 **** Incremental Build of configuration Debug for project freertos_app_pendulum ****
make all 
Building file: ../src/main.c
Invoking: ARM gcc compiler
arm-xilinx-eabi-gcc -Wall -O0 -g3 -c -fmessage-length=0 -I../../freertos_zynq_bsp_0/ps7_cortexa9_0/include -MMD -MP -MF"src/main.d" -MT"src/main.d" -o "src/main.o" "../src/main.c"
In file included from ../../freertos_zynq_bsp_0/ps7_cortexa9_0/include/FreeRTOSConfig.h:19:0,
                 from ../../freertos_zynq_bsp_0/ps7_cortexa9_0/include/FreeRTOS.h:67,
                 from ../src/SPI.h:11,
                 from ../src/main.c:13:
../../freertos_zynq_bsp_0/ps7_cortexa9_0/include/xparameters.h:357:0: warning: "XPAR_XADCPS_0_DEVICE_ID" redefined [enabled by default]
In file included from ../../freertos_zynq_bsp_0/ps7_cortexa9_0/include/xparameters.h:15:0,
                 from ../../freertos_zynq_bsp_0/ps7_cortexa9_0/include/FreeRTOSConfig.h:19,
                 from ../../freertos_zynq_bsp_0/ps7_cortexa9_0/include/FreeRTOS.h:67,
                 from ../src/SPI.h:11,
                 from ../src/main.c:13:
../../freertos_zynq_bsp_0/ps7_cortexa9_0/include/xparameters_ps.h:304:0: note: this is the location of the previous definition
In file included from ../../freertos_zynq_bsp_0/ps7_cortexa9_0/include/FreeRTOSConfig.h:19:0,
Finished building: ../src/main.c
                 from ../../freertos_zynq_bsp_0/ps7_cortexa9_0/include/FreeRTOS.h:67,
 
                 from ../src/SPI.h:11,
Building target: freertos_app_pendulum.elf
                 from ../src/main.c:13:
Invoking: ARM gcc linker
../../freertos_zynq_bsp_0/ps7_cortexa9_0/include/xparameters.h:358:0: warning: "XPAR_XADCPS_0_BASEADDR" redefined [enabled by default]
arm-xilinx-eabi-gcc -Wl,-T -Wl,../src/lscript.ld -L../../freertos_zynq_bsp_0/ps7_cortexa9_0/lib -o "freertos_app_pendulum.elf"  ./src/SPI.o ./src/adc_dac.o ./src/encoder.o ./src/main.o   -Wl,--start-group,-lxil,-lfreertos,-lgcc,-lc,--end-group
In file included from ../../freertos_zynq_bsp_0/ps7_cortexa9_0/include/xparameters.h:15:0,
Finished building target: freertos_app_pendulum.elf
                 from ../../freertos_zynq_bsp_0/ps7_cortexa9_0/include/FreeRTOSConfig.h:19,
 
                 from ../../freertos_zynq_bsp_0/ps7_cortexa9_0/include/FreeRTOS.h:67,
Invoking: ARM Print Size
                 from ../src/SPI.h:11,
arm-xilinx-eabi-size freertos_app_pendulum.elf  |tee "freertos_app_pendulum.elf.size"
                 from ../src/main.c:13:
   text	   data	    bss	    dec	    hex	filename
../../freertos_zynq_bsp_0/ps7_cortexa9_0/include/xparameters_ps.h:305:0: note: this is the location of the previous definition
  83648	   3088	  23164	 109900	  1ad4c	freertos_app_pendulum.elf
In file included from ../src/main.c:13:0:
Finished building: freertos_app_pendulum.elf.size
../src/SPI.h:17:21: warning: extra tokens at end of #include directive [enabled by default]
 
14:54:20 **** Incremental Build of configuration Debug for project testing ****
make all 
make: Nothing to be done for `all'.
14:54:37 **** Incremental Build of configuration Debug for project freertos_app_pendulum ****
make all 
make: Nothing to be done for `all'.
14:54:37 **** Incremental Build of configuration Debug for project testing ****
make all 
make: Nothing to be done for `all'.
14:59:53 **** Incremental Build of configuration Debug for project freertos_app_pendulum ****
make all 
Building file: ../src/main.c
Invoking: ARM gcc compiler
arm-xilinx-eabi-gcc -Wall -O0 -g3 -c -fmessage-length=0 -I../../freertos_zynq_bsp_0/ps7_cortexa9_0/include -MMD -MP -MF"src/main.d" -MT"src/main.d" -o "src/main.o" "../src/main.c"
In file included from ../../freertos_zynq_bsp_0/ps7_cortexa9_0/include/FreeRTOSConfig.h:19:0,
                 from ../../freertos_zynq_bsp_0/ps7_cortexa9_0/include/FreeRTOS.h:67,
                 from ../src/SPI.h:11,
                 from ../src/main.c:13:
../../freertos_zynq_bsp_0/ps7_cortexa9_0/include/xparameters.h:357:0: warning: "XPAR_XADCPS_0_DEVICE_ID" redefined [enabled by default]
In file included from ../../freertos_zynq_bsp_0/ps7_cortexa9_0/include/xparameters.h:15:0,
                 from ../../freertos_zynq_bsp_0/ps7_cortexa9_0/include/FreeRTOSConfig.h:19,
                 from ../../freertos_zynq_bsp_0/ps7_cortexa9_0/include/FreeRTOS.h:67,
                 from ../src/SPI.h:11,
                 from ../src/main.c:13:
../../freertos_zynq_bsp_0/ps7_cortexa9_0/include/xparameters_ps.h:304:0: note: this is the location of the previous definition
In file included from ../../freertos_zynq_bsp_0/ps7_cortexa9_0/include/FreeRTOSConfig.h:19:0,
                 from ../../freertos_zynq_bsp_0/ps7_cortexa9_0/include/FreeRTOS.h:67,
                 from ../src/SPI.h:11,
                 from ../src/main.c:13:
../../freertos_zynq_bsp_0/ps7_cortexa9_0/include/xparameters.h:358:0: warning: "XPAR_XADCPS_0_BASEADDR" redefined [enabled by default]
Finished building: ../src/main.c
In file included from ../../freertos_zynq_bsp_0/ps7_cortexa9_0/include/xparameters.h:15:0,
 
                 from ../../freertos_zynq_bsp_0/ps7_cortexa9_0/include/FreeRTOSConfig.h:19,
Building target: freertos_app_pendulum.elf
                 from ../../freertos_zynq_bsp_0/ps7_cortexa9_0/include/FreeRTOS.h:67,
Invoking: ARM gcc linker
arm-xilinx-eabi-gcc -Wl,-T -Wl,../src/lscript.ld -L../../freertos_zynq_bsp_0/ps7_cortexa9_0/lib -o "freertos_app_pendulum.elf"  ./src/SPI.o ./src/adc_dac.o ./src/encoder.o ./src/main.o   -Wl,--start-group,-lxil,-lfreertos,-lgcc,-lc,--end-group
                 from ../src/SPI.h:11,
Finished building target: freertos_app_pendulum.elf
                 from ../src/main.c:13:
 
../../freertos_zynq_bsp_0/ps7_cortexa9_0/include/xparameters_ps.h:305:0: note: this is the location of the previous definition
Invoking: ARM Print Size
In file included from ../src/main.c:13:0:
../src/SPI.h:17:21: warning: extra tokens at end of #include directive [enabled by default]
arm-xilinx-eabi-size freertos_app_pendulum.elf  |tee "freertos_app_pendulum.elf.size"
   text	   data	    bss	    dec	    hex	filename
  84304	   3096	  23180	 110580	  1aff4	freertos_app_pendulum.elf
Finished building: freertos_app_pendulum.elf.size
 
14:59:53 **** Incremental Build of configuration Debug for project testing ****
make all 
make: Nothing to be done for `all'.
15:01:24 **** Incremental Build of configuration Debug for project freertos_app_pendulum ****
make all 
Building file: ../src/main.c
Invoking: ARM gcc compiler
arm-xilinx-eabi-gcc -Wall -O0 -g3 -c -fmessage-length=0 -I../../freertos_zynq_bsp_0/ps7_cortexa9_0/include -MMD -MP -MF"src/main.d" -MT"src/main.d" -o "src/main.o" "../src/main.c"
In file included from ../../freertos_zynq_bsp_0/ps7_cortexa9_0/include/FreeRTOSConfig.h:19:0,
                 from ../../freertos_zynq_bsp_0/ps7_cortexa9_0/include/FreeRTOS.h:67,
                 from ../src/SPI.h:11,
                 from ../src/main.c:13:
../../freertos_zynq_bsp_0/ps7_cortexa9_0/include/xparameters.h:357:0: warning: "XPAR_XADCPS_0_DEVICE_ID" redefined [enabled by default]
In file included from ../../freertos_zynq_bsp_0/ps7_cortexa9_0/include/xparameters.h:15:0,
                 from ../../freertos_zynq_bsp_0/ps7_cortexa9_0/include/FreeRTOSConfig.h:19,
                 from ../../freertos_zynq_bsp_0/ps7_cortexa9_0/include/FreeRTOS.h:67,
                 from ../src/SPI.h:11,
                 from ../src/main.c:13:
../../freertos_zynq_bsp_0/ps7_cortexa9_0/include/xparameters_ps.h:304:0: note: this is the location of the previous definition
Finished building: ../src/main.c
In file included from ../../freertos_zynq_bsp_0/ps7_cortexa9_0/include/FreeRTOSConfig.h:19:0,
 
                 from ../../freertos_zynq_bsp_0/ps7_cortexa9_0/include/FreeRTOS.h:67,
                 from ../src/SPI.h:11,
                 from ../src/main.c:13:
../../freertos_zynq_bsp_0/ps7_cortexa9_0/include/xparameters.h:358:0: warning: "XPAR_XADCPS_0_BASEADDR" redefined [enabled by default]
In file included from ../../freertos_zynq_bsp_0/ps7_cortexa9_0/include/xparameters.h:15:0,
                 from ../../freertos_zynq_bsp_0/ps7_cortexa9_0/include/FreeRTOSConfig.h:19,
                 from ../../freertos_zynq_bsp_0/ps7_cortexa9_0/include/FreeRTOS.h:67,
Building target: freertos_app_pendulum.elf
                 from ../src/SPI.h:11,
Invoking: ARM gcc linker
arm-xilinx-eabi-gcc -Wl,-T -Wl,../src/lscript.ld -L../../freertos_zynq_bsp_0/ps7_cortexa9_0/lib -o "freertos_app_pendulum.elf"  ./src/SPI.o ./src/adc_dac.o ./src/encoder.o ./src/main.o   -Wl,--start-group,-lxil,-lfreertos,-lgcc,-lc,--end-group
                 from ../src/main.c:13:
Finished building target: freertos_app_pendulum.elf
../../freertos_zynq_bsp_0/ps7_cortexa9_0/include/xparameters_ps.h:305:0: note: this is the location of the previous definition
 
In file included from ../src/main.c:13:0:
Invoking: ARM Print Size
../src/SPI.h:17:21: warning: extra tokens at end of #include directive [enabled by default]
arm-xilinx-eabi-size freertos_app_pendulum.elf  |tee "freertos_app_pendulum.elf.size"
   text	   data	    bss	    dec	    hex	filename
  84264	   3096	  23180	 110540	  1afcc	freertos_app_pendulum.elf
Finished building: freertos_app_pendulum.elf.size
 
15:01:24 **** Incremental Build of configuration Debug for project testing ****
make all 
make: Nothing to be done for `all'.
15:01:46 **** Incremental Build of configuration Debug for project freertos_app_pendulum ****
make all 
make: Nothing to be done for `all'.
15:01:46 **** Incremental Build of configuration Debug for project testing ****
make all 
make: Nothing to be done for `all'.
15:45:07 **** Incremental Build of configuration Debug for project freertos_app_pendulum ****
make all 
Building file: ../src/encoder.c
Invoking: ARM gcc compiler
arm-xilinx-eabi-gcc -Wall -O0 -g3 -c -fmessage-length=0 -I../../freertos_zynq_bsp_0/ps7_cortexa9_0/include -MMD -MP -MF"src/encoder.d" -MT"src/encoder.d" -o "src/encoder.o" "../src/encoder.c"
In file included from ../../freertos_zynq_bsp_0/ps7_cortexa9_0/include/FreeRTOSConfig.h:19:0,
                 from ../../freertos_zynq_bsp_0/ps7_cortexa9_0/include/FreeRTOS.h:67,
                 from ../src/SPI.h:11,
                 from ../src/encoder.h:7,
                 from ../src/encoder.c:1:
../../freertos_zynq_bsp_0/ps7_cortexa9_0/include/xparameters.h:357:0: warning: "XPAR_XADCPS_0_DEVICE_ID" redefined [enabled by default]
In file included from ../../freertos_zynq_bsp_0/ps7_cortexa9_0/include/xparameters.h:15:0,
Finished building: ../src/encoder.c
                 from ../../freertos_zynq_bsp_0/ps7_cortexa9_0/include/FreeRTOSConfig.h:19,
 
                 from ../../freertos_zynq_bsp_0/ps7_cortexa9_0/include/FreeRTOS.h:67,
Building file: ../src/main.c
                 from ../src/SPI.h:11,
                 from ../src/encoder.h:7,
Invoking: ARM gcc compiler
                 from ../src/encoder.c:1:
arm-xilinx-eabi-gcc -Wall -O0 -g3 -c -fmessage-length=0 -I../../freertos_zynq_bsp_0/ps7_cortexa9_0/include -MMD -MP -MF"src/main.d" -MT"src/main.d" -o "src/main.o" "../src/main.c"
../../freertos_zynq_bsp_0/ps7_cortexa9_0/include/xparameters_ps.h:304:0: note: this is the location of the previous definition
In file included from ../../freertos_zynq_bsp_0/ps7_cortexa9_0/include/FreeRTOSConfig.h:19:0,
                 from ../../freertos_zynq_bsp_0/ps7_cortexa9_0/include/FreeRTOS.h:67,
                 from ../src/SPI.h:11,
                 from ../src/encoder.h:7,
                 from ../src/encoder.c:1:
../../freertos_zynq_bsp_0/ps7_cortexa9_0/include/xparameters.h:358:0: warning: "XPAR_XADCPS_0_BASEADDR" redefined [enabled by default]
In file included from ../../freertos_zynq_bsp_0/ps7_cortexa9_0/include/xparameters.h:15:0,
                 from ../../freertos_zynq_bsp_0/ps7_cortexa9_0/include/FreeRTOSConfig.h:19,
                 from ../../freertos_zynq_bsp_0/ps7_cortexa9_0/include/FreeRTOS.h:67,
                 from ../src/SPI.h:11,
                 from ../src/encoder.h:7,
                 from ../src/encoder.c:1:
../../freertos_zynq_bsp_0/ps7_cortexa9_0/include/xparameters_ps.h:305:0: note: this is the location of the previous definition
In file included from ../src/encoder.h:7:0,
                 from ../src/encoder.c:1:
../src/SPI.h:17:21: warning: extra tokens at end of #include directive [enabled by default]
In file included from ../../freertos_zynq_bsp_0/ps7_cortexa9_0/include/FreeRTOSConfig.h:19:0,
                 from ../../freertos_zynq_bsp_0/ps7_cortexa9_0/include/FreeRTOS.h:67,
                 from ../src/SPI.h:11,
                 from ../src/main.c:13:
../../freertos_zynq_bsp_0/ps7_cortexa9_0/include/xparameters.h:357:0: warning: "XPAR_XADCPS_0_DEVICE_ID" redefined [enabled by default]
In file included from ../../freertos_zynq_bsp_0/ps7_cortexa9_0/include/xparameters.h:15:0,
                 from ../../freertos_zynq_bsp_0/ps7_cortexa9_0/include/FreeRTOSConfig.h:19,
                 from ../../freertos_zynq_bsp_0/ps7_cortexa9_0/include/FreeRTOS.h:67,
                 from ../src/SPI.h:11,
                 from ../src/main.c:13:
../../freertos_zynq_bsp_0/ps7_cortexa9_0/include/xparameters_ps.h:304:0: note: this is the location of the previous definition
In file included from ../../freertos_zynq_bsp_0/ps7_cortexa9_0/include/FreeRTOSConfig.h:19:0,
                 from ../../freertos_zynq_bsp_0/ps7_cortexa9_0/include/FreeRTOS.h:67,
                 from ../src/SPI.h:11,
                 from ../src/main.c:13:
../../freertos_zynq_bsp_0/ps7_cortexa9_0/include/xparameters.h:358:0: warning: "XPAR_XADCPS_0_BASEADDR" redefined [enabled by default]
In file included from ../../freertos_zynq_bsp_0/ps7_cortexa9_0/include/xparameters.h:15:0,
                 from ../../freertos_zynq_bsp_0/ps7_cortexa9_0/include/FreeRTOSConfig.h:19,
                 from ../../freertos_zynq_bsp_0/ps7_cortexa9_0/include/FreeRTOS.h:67,
                 from ../src/SPI.h:11,
                 from ../src/main.c:13:
../../freertos_zynq_bsp_0/ps7_cortexa9_0/include/xparameters_ps.h:305:0: note: this is the location of the previous definition
In file included from ../src/main.c:13:0:
../src/SPI.h:17:21: warning: extra tokens at end of #include directive [enabled by default]
../src/main.c: In function 'update_value':
../src/main.c:113:2: error: too few arguments to function 'encoderRead'
In file included from ../src/main.c:15:0:
../src/encoder.h:87:5: note: declared here
make: *** [src/main.o] Error 1
15:45:08 **** Incremental Build of configuration Debug for project testing ****
make all 
make: Nothing to be done for `all'.
15:45:23 **** Incremental Build of configuration Debug for project freertos_app_pendulum ****
make all 
Building file: ../src/main.c
Invoking: ARM gcc compiler
arm-xilinx-eabi-gcc -Wall -O0 -g3 -c -fmessage-length=0 -I../../freertos_zynq_bsp_0/ps7_cortexa9_0/include -MMD -MP -MF"src/main.d" -MT"src/main.d" -o "src/main.o" "../src/main.c"
In file included from ../../freertos_zynq_bsp_0/ps7_cortexa9_0/include/FreeRTOSConfig.h:19:0,
                 from ../../freertos_zynq_bsp_0/ps7_cortexa9_0/include/FreeRTOS.h:67,
                 from ../src/SPI.h:11,
                 from ../src/main.c:13:
../../freertos_zynq_bsp_0/ps7_cortexa9_0/include/xparameters.h:357:0: warning: "XPAR_XADCPS_0_DEVICE_ID" redefined [enabled by default]
In file included from ../../freertos_zynq_bsp_0/ps7_cortexa9_0/include/xparameters.h:15:0,
                 from ../../freertos_zynq_bsp_0/ps7_cortexa9_0/include/FreeRTOSConfig.h:19,
                 from ../../freertos_zynq_bsp_0/ps7_cortexa9_0/include/FreeRTOS.h:67,
                 from ../src/SPI.h:11,
                 from ../src/main.c:13:
../../freertos_zynq_bsp_0/ps7_cortexa9_0/include/xparameters_ps.h:304:0: note: this is the location of the previous definition
In file included from ../../freertos_zynq_bsp_0/ps7_cortexa9_0/include/FreeRTOSConfig.h:19:0,
                 from ../../freertos_zynq_bsp_0/ps7_cortexa9_0/include/FreeRTOS.h:67,
Finished building: ../src/main.c
                 from ../src/SPI.h:11,
 
                 from ../src/main.c:13:
Building target: freertos_app_pendulum.elf
../../freertos_zynq_bsp_0/ps7_cortexa9_0/include/xparameters.h:358:0: warning: "XPAR_XADCPS_0_BASEADDR" redefined [enabled by default]
Invoking: ARM gcc linker
In file included from ../../freertos_zynq_bsp_0/ps7_cortexa9_0/include/xparameters.h:15:0,
                 from ../../freertos_zynq_bsp_0/ps7_cortexa9_0/include/FreeRTOSConfig.h:19,
arm-xilinx-eabi-gcc -Wl,-T -Wl,../src/lscript.ld -L../../freertos_zynq_bsp_0/ps7_cortexa9_0/lib -o "freertos_app_pendulum.elf"  ./src/SPI.o ./src/adc_dac.o ./src/encoder.o ./src/main.o   -Wl,--start-group,-lxil,-lfreertos,-lgcc,-lc,--end-group
                 from ../../freertos_zynq_bsp_0/ps7_cortexa9_0/include/FreeRTOS.h:67,
Finished building target: freertos_app_pendulum.elf
 
                 from ../src/SPI.h:11,
Invoking: ARM Print Size
                 from ../src/main.c:13:
arm-xilinx-eabi-size freertos_app_pendulum.elf  |tee "freertos_app_pendulum.elf.size"
../../freertos_zynq_bsp_0/ps7_cortexa9_0/include/xparameters_ps.h:305:0: note: this is the location of the previous definition
   text	   data	    bss	    dec	    hex	filename
In file included from ../src/main.c:13:0:
  84312	   3096	  23180	 110588	  1affc	freertos_app_pendulum.elf
../src/SPI.h:17:21: warning: extra tokens at end of #include directive [enabled by default]
Finished building: freertos_app_pendulum.elf.size
 
15:45:24 **** Incremental Build of configuration Debug for project testing ****
make all 
make: Nothing to be done for `all'.
15:46:01 **** Incremental Build of configuration Debug for project freertos_app_pendulum ****
make all 
make: Nothing to be done for `all'.
15:46:02 **** Incremental Build of configuration Debug for project testing ****
make all 
make: Nothing to be done for `all'.
15:46:49 **** Incremental Build of configuration Debug for project freertos_app_pendulum ****
make all 
Building file: ../src/main.c
Invoking: ARM gcc compiler
arm-xilinx-eabi-gcc -Wall -O0 -g3 -c -fmessage-length=0 -I../../freertos_zynq_bsp_0/ps7_cortexa9_0/include -MMD -MP -MF"src/main.d" -MT"src/main.d" -o "src/main.o" "../src/main.c"
In file included from ../../freertos_zynq_bsp_0/ps7_cortexa9_0/include/FreeRTOSConfig.h:19:0,
                 from ../../freertos_zynq_bsp_0/ps7_cortexa9_0/include/FreeRTOS.h:67,
                 from ../src/SPI.h:11,
                 from ../src/main.c:13:
../../freertos_zynq_bsp_0/ps7_cortexa9_0/include/xparameters.h:357:0: warning: "XPAR_XADCPS_0_DEVICE_ID" redefined [enabled by default]
In file included from ../../freertos_zynq_bsp_0/ps7_cortexa9_0/include/xparameters.h:15:0,
                 from ../../freertos_zynq_bsp_0/ps7_cortexa9_0/include/FreeRTOSConfig.h:19,
                 from ../../freertos_zynq_bsp_0/ps7_cortexa9_0/include/FreeRTOS.h:67,
                 from ../src/SPI.h:11,
                 from ../src/main.c:13:
../../freertos_zynq_bsp_0/ps7_cortexa9_0/include/xparameters_ps.h:304:0: note: this is the location of the previous definition
In file included from ../../freertos_zynq_bsp_0/ps7_cortexa9_0/include/FreeRTOSConfig.h:19:0,
                 from ../../freertos_zynq_bsp_0/ps7_cortexa9_0/include/FreeRTOS.h:67,
Finished building: ../src/main.c
                 from ../src/SPI.h:11,
 
                 from ../src/main.c:13:
../../freertos_zynq_bsp_0/ps7_cortexa9_0/include/xparameters.h:358:0: warning: "XPAR_XADCPS_0_BASEADDR" redefined [enabled by default]
Building target: freertos_app_pendulum.elf
In file included from ../../freertos_zynq_bsp_0/ps7_cortexa9_0/include/xparameters.h:15:0,
Invoking: ARM gcc linker
                 from ../../freertos_zynq_bsp_0/ps7_cortexa9_0/include/FreeRTOSConfig.h:19,
arm-xilinx-eabi-gcc -Wl,-T -Wl,../src/lscript.ld -L../../freertos_zynq_bsp_0/ps7_cortexa9_0/lib -o "freertos_app_pendulum.elf"  ./src/SPI.o ./src/adc_dac.o ./src/encoder.o ./src/main.o   -Wl,--start-group,-lxil,-lfreertos,-lgcc,-lc,--end-group
                 from ../../freertos_zynq_bsp_0/ps7_cortexa9_0/include/FreeRTOS.h:67,
                 from ../src/SPI.h:11,
                 from ../src/main.c:13:
../../freertos_zynq_bsp_0/ps7_cortexa9_0/include/xparameters_ps.h:305:0: note: this is the location of the previous definition
Finished building target: freertos_app_pendulum.elf
 
Invoking: ARM Print Size
arm-xilinx-eabi-size freertos_app_pendulum.elf  |tee "freertos_app_pendulum.elf.size"
   text	   data	    bss	    dec	    hex	filename
  84312	   3096	  23180	 110588	  1affc	freertos_app_pendulum.elf
Finished building: freertos_app_pendulum.elf.size
 
In file included from ../src/main.c:13:0:
../src/SPI.h:17:21: warning: extra tokens at end of #include directive [enabled by default]
15:46:50 **** Incremental Build of configuration Debug for project testing ****
make all 
make: Nothing to be done for `all'.
15:46:56 **** Incremental Build of configuration Debug for project freertos_app_pendulum ****
make all 
make: Nothing to be done for `all'.
15:46:57 **** Incremental Build of configuration Debug for project testing ****
make all 
make: Nothing to be done for `all'.
15:47:10 **** Incremental Build of configuration Debug for project freertos_app_pendulum ****
make all 
make: Nothing to be done for `all'.
15:47:10 **** Incremental Build of configuration Debug for project testing ****
make all 
make: Nothing to be done for `all'.
15:55:06 **** Incremental Build of configuration Debug for project freertos_app_pendulum ****
make all 
Building file: ../src/main.c
Invoking: ARM gcc compiler
arm-xilinx-eabi-gcc -Wall -O0 -g3 -c -fmessage-length=0 -I../../freertos_zynq_bsp_0/ps7_cortexa9_0/include -MMD -MP -MF"src/main.d" -MT"src/main.d" -o "src/main.o" "../src/main.c"
In file included from ../../freertos_zynq_bsp_0/ps7_cortexa9_0/include/FreeRTOSConfig.h:19:0,
                 from ../../freertos_zynq_bsp_0/ps7_cortexa9_0/include/FreeRTOS.h:67,
                 from ../src/SPI.h:11,
                 from ../src/main.c:13:
../../freertos_zynq_bsp_0/ps7_cortexa9_0/include/xparameters.h:357:0: warning: "XPAR_XADCPS_0_DEVICE_ID" redefined [enabled by default]
In file included from ../../freertos_zynq_bsp_0/ps7_cortexa9_0/include/xparameters.h:15:0,
                 from ../../freertos_zynq_bsp_0/ps7_cortexa9_0/include/FreeRTOSConfig.h:19,
                 from ../../freertos_zynq_bsp_0/ps7_cortexa9_0/include/FreeRTOS.h:67,
                 from ../src/SPI.h:11,
                 from ../src/main.c:13:
../../freertos_zynq_bsp_0/ps7_cortexa9_0/include/xparameters_ps.h:304:0: note: this is the location of the previous definition
In file included from ../../freertos_zynq_bsp_0/ps7_cortexa9_0/include/FreeRTOSConfig.h:19:0,
                 from ../../freertos_zynq_bsp_0/ps7_cortexa9_0/include/FreeRTOS.h:67,
                 from ../src/SPI.h:11,
                 from ../src/main.c:13:
../../freertos_zynq_bsp_0/ps7_cortexa9_0/include/xparameters.h:358:0: warning: "XPAR_XADCPS_0_BASEADDR" redefined [enabled by default]
In file included from ../../freertos_zynq_bsp_0/ps7_cortexa9_0/include/xparameters.h:15:0,
                 from ../../freertos_zynq_bsp_0/ps7_cortexa9_0/include/FreeRTOSConfig.h:19,
                 from ../../freertos_zynq_bsp_0/ps7_cortexa9_0/include/FreeRTOS.h:67,
                 from ../src/SPI.h:11,
                 from ../src/main.c:13:
../../freertos_zynq_bsp_0/ps7_cortexa9_0/include/xparameters_ps.h:305:0: note: this is the location of the previous definition
In file included from ../src/main.c:13:0:
../src/SPI.h:17:21: warning: extra tokens at end of #include directive [enabled by default]
../src/main.c: In function 'update_value':
../src/main.c:124:4: warning: implicit declaration of function 'mT2GetIntFlag' [-Wimplicit-function-declaration]
../src/main.c:127:7: warning: implicit declaration of function 'mT2ClearIntFlag' [-Wimplicit-function-declaration]
../src/main.c:147:15: error: 'xhat' undeclared (first use in this function)
../src/main.c:147:15: note: each undeclared identifier is reported only once for each function it appears in
../src/main.c:196:13: error: invalid storage class for function 'printingTask'
../src/main.c:271:1: error: expected declaration or statement at end of input
../src/main.c:121:29: warning: unused variable 'alphaOld' [-Wunused-variable]
../src/main.c:121:17: warning: unused variable 'thetaOld' [-Wunused-variable]
../src/main.c: At top level:
../src/main.c:34:14: warning: 'printingTask' used but never defined [enabled by default]
make: *** [src/main.o] Error 1
15:55:07 **** Incremental Build of configuration Debug for project testing ****
make all 
make: Nothing to be done for `all'.
15:55:51 **** Incremental Build of configuration Debug for project freertos_app_pendulum ****
make all 
Building file: ../src/main.c
Invoking: ARM gcc compiler
arm-xilinx-eabi-gcc -Wall -O0 -g3 -c -fmessage-length=0 -I../../freertos_zynq_bsp_0/ps7_cortexa9_0/include -MMD -MP -MF"src/main.d" -MT"src/main.d" -o "src/main.o" "../src/main.c"
In file included from ../../freertos_zynq_bsp_0/ps7_cortexa9_0/include/FreeRTOSConfig.h:19:0,
                 from ../../freertos_zynq_bsp_0/ps7_cortexa9_0/include/FreeRTOS.h:67,
                 from ../src/SPI.h:11,
                 from ../src/main.c:13:
../../freertos_zynq_bsp_0/ps7_cortexa9_0/include/xparameters.h:357:0: warning: "XPAR_XADCPS_0_DEVICE_ID" redefined [enabled by default]
In file included from ../../freertos_zynq_bsp_0/ps7_cortexa9_0/include/xparameters.h:15:0,
                 from ../../freertos_zynq_bsp_0/ps7_cortexa9_0/include/FreeRTOSConfig.h:19,
                 from ../../freertos_zynq_bsp_0/ps7_cortexa9_0/include/FreeRTOS.h:67,
                 from ../src/SPI.h:11,
                 from ../src/main.c:13:
../../freertos_zynq_bsp_0/ps7_cortexa9_0/include/xparameters_ps.h:304:0: note: this is the location of the previous definition
In file included from ../../freertos_zynq_bsp_0/ps7_cortexa9_0/include/FreeRTOSConfig.h:19:0,
                 from ../../freertos_zynq_bsp_0/ps7_cortexa9_0/include/FreeRTOS.h:67,
                 from ../src/SPI.h:11,
                 from ../src/main.c:13:
../../freertos_zynq_bsp_0/ps7_cortexa9_0/include/xparameters.h:358:0: warning: "XPAR_XADCPS_0_BASEADDR" redefined [enabled by default]
In file included from ../../freertos_zynq_bsp_0/ps7_cortexa9_0/include/xparameters.h:15:0,
                 from ../../freertos_zynq_bsp_0/ps7_cortexa9_0/include/FreeRTOSConfig.h:19,
                 from ../../freertos_zynq_bsp_0/ps7_cortexa9_0/include/FreeRTOS.h:67,
                 from ../src/SPI.h:11,
                 from ../src/main.c:13:
../../freertos_zynq_bsp_0/ps7_cortexa9_0/include/xparameters_ps.h:305:0: note: this is the location of the previous definition
In file included from ../src/main.c:13:0:
../src/SPI.h:17:21: warning: extra tokens at end of #include directive [enabled by default]
../src/main.c: In function 'update_value':
../src/main.c:125:4: warning: implicit declaration of function 'mT2GetIntFlag' [-Wimplicit-function-declaration]
../src/main.c:128:7: warning: implicit declaration of function 'mT2ClearIntFlag' [-Wimplicit-function-declaration]
../src/main.c:197:13: error: invalid storage class for function 'printingTask'
../src/main.c:272:1: error: expected declaration or statement at end of input
../src/main.c:122:29: warning: unused variable 'alphaOld' [-Wunused-variable]
../src/main.c:122:17: warning: unused variable 'thetaOld' [-Wunused-variable]
../src/main.c: At top level:
../src/main.c:34:14: warning: 'printingTask' used but never defined [enabled by default]
make: *** [src/main.o] Error 1
15:55:51 **** Incremental Build of configuration Debug for project testing ****
make all 
make: Nothing to be done for `all'.
15:56:47 **** Incremental Build of configuration Debug for project freertos_app_pendulum ****
make all 
Building file: ../src/main.c
Invoking: ARM gcc compiler
arm-xilinx-eabi-gcc -Wall -O0 -g3 -c -fmessage-length=0 -I../../freertos_zynq_bsp_0/ps7_cortexa9_0/include -MMD -MP -MF"src/main.d" -MT"src/main.d" -o "src/main.o" "../src/main.c"
In file included from ../../freertos_zynq_bsp_0/ps7_cortexa9_0/include/FreeRTOSConfig.h:19:0,
                 from ../../freertos_zynq_bsp_0/ps7_cortexa9_0/include/FreeRTOS.h:67,
                 from ../src/SPI.h:11,
                 from ../src/main.c:13:
../../freertos_zynq_bsp_0/ps7_cortexa9_0/include/xparameters.h:357:0: warning: "XPAR_XADCPS_0_DEVICE_ID" redefined [enabled by default]
In file included from ../../freertos_zynq_bsp_0/ps7_cortexa9_0/include/xparameters.h:15:0,
                 from ../../freertos_zynq_bsp_0/ps7_cortexa9_0/include/FreeRTOSConfig.h:19,
                 from ../../freertos_zynq_bsp_0/ps7_cortexa9_0/include/FreeRTOS.h:67,
                 from ../src/SPI.h:11,
                 from ../src/main.c:13:
../../freertos_zynq_bsp_0/ps7_cortexa9_0/include/xparameters_ps.h:304:0: note: this is the location of the previous definition
In file included from ../../freertos_zynq_bsp_0/ps7_cortexa9_0/include/FreeRTOSConfig.h:19:0,
                 from ../../freertos_zynq_bsp_0/ps7_cortexa9_0/include/FreeRTOS.h:67,
                 from ../src/SPI.h:11,
                 from ../src/main.c:13:
../../freertos_zynq_bsp_0/ps7_cortexa9_0/include/xparameters.h:358:0: warning: "XPAR_XADCPS_0_BASEADDR" redefined [enabled by default]
In file included from ../../freertos_zynq_bsp_0/ps7_cortexa9_0/include/xparameters.h:15:0,
                 from ../../freertos_zynq_bsp_0/ps7_cortexa9_0/include/FreeRTOSConfig.h:19,
                 from ../../freertos_zynq_bsp_0/ps7_cortexa9_0/include/FreeRTOS.h:67,
                 from ../src/SPI.h:11,
                 from ../src/main.c:13:
../../freertos_zynq_bsp_0/ps7_cortexa9_0/include/xparameters_ps.h:305:0: note: this is the location of the previous definition
In file included from ../src/main.c:13:0:
../src/SPI.h:17:21: warning: extra tokens at end of #include directive [enabled by default]
../src/main.c: In function 'update_value':
../src/main.c:127:2: warning: implicit declaration of function 'mT2ClearIntFlag' [-Wimplicit-function-declaration]
../src/main.c:194:13: error: invalid storage class for function 'printingTask'
../src/main.c:269:1: error: expected declaration or statement at end of input
../src/main.c:122:29: warning: unused variable 'alphaOld' [-Wunused-variable]
../src/main.c:122:17: warning: unused variable 'thetaOld' [-Wunused-variable]
../src/main.c: At top level:
../src/main.c:34:14: warning: 'printingTask' used but never defined [enabled by default]
make: *** [src/main.o] Error 1
15:56:47 **** Incremental Build of configuration Debug for project testing ****
make all 
make: Nothing to be done for `all'.
15:57:24 **** Incremental Build of configuration Debug for project freertos_app_pendulum ****
make all 
Building file: ../src/main.c
Invoking: ARM gcc compiler
arm-xilinx-eabi-gcc -Wall -O0 -g3 -c -fmessage-length=0 -I../../freertos_zynq_bsp_0/ps7_cortexa9_0/include -MMD -MP -MF"src/main.d" -MT"src/main.d" -o "src/main.o" "../src/main.c"
In file included from ../../freertos_zynq_bsp_0/ps7_cortexa9_0/include/FreeRTOSConfig.h:19:0,
                 from ../../freertos_zynq_bsp_0/ps7_cortexa9_0/include/FreeRTOS.h:67,
                 from ../src/SPI.h:11,
                 from ../src/main.c:13:
../../freertos_zynq_bsp_0/ps7_cortexa9_0/include/xparameters.h:357:0: warning: "XPAR_XADCPS_0_DEVICE_ID" redefined [enabled by default]
In file included from ../../freertos_zynq_bsp_0/ps7_cortexa9_0/include/xparameters.h:15:0,
                 from ../../freertos_zynq_bsp_0/ps7_cortexa9_0/include/FreeRTOSConfig.h:19,
                 from ../../freertos_zynq_bsp_0/ps7_cortexa9_0/include/FreeRTOS.h:67,
                 from ../src/SPI.h:11,
                 from ../src/main.c:13:
../../freertos_zynq_bsp_0/ps7_cortexa9_0/include/xparameters_ps.h:304:0: note: this is the location of the previous definition
[...]
In file included from xttcps_g.c:15:0:
../../../include/xparameters.h:358:0: warning: "XPAR_XADCPS_0_BASEADDR" redefined [enabled by default]
In file included from ../../../include/xparameters.h:15:0,
                 from xttcps_g.c:15:
../../../include/xparameters_ps.h:305:0: note: this is the location of the previous definition
In file included from xttcps_sinit.c:61:0:
../../../include/xparameters.h:357:0: warning: "XPAR_XADCPS_0_DEVICE_ID" redefined [enabled by default]
In file included from ../../../include/xparameters.h:15:0,
                 from xttcps_sinit.c:61:
../../../include/xparameters_ps.h:304:0: note: this is the location of the previous definition
In file included from xttcps_sinit.c:61:0:
../../../include/xparameters.h:358:0: warning: "XPAR_XADCPS_0_BASEADDR" redefined [enabled by default]
In file included from ../../../include/xparameters.h:15:0,
                 from xttcps_sinit.c:61:
../../../include/xparameters_ps.h:305:0: note: this is the location of the previous definition
Compiling uartps
In file included from xuartps_g.c:15:0:
../../../include/xparameters.h:357:0: warning: "XPAR_XADCPS_0_DEVICE_ID" redefined [enabled by default]
In file included from ../../../include/xparameters.h:15:0,
                 from xuartps_g.c:15:
../../../include/xparameters_ps.h:304:0: note: this is the location of the previous definition
In file included from xuartps_g.c:15:0:
../../../include/xparameters.h:358:0: warning: "XPAR_XADCPS_0_BASEADDR" redefined [enabled by default]
In file included from ../../../include/xparameters.h:15:0,
                 from xuartps_g.c:15:
../../../include/xparameters_ps.h:305:0: note: this is the location of the previous definition
In file included from xuartps_sinit.c:62:0:
../../../include/xparameters.h:357:0: warning: "XPAR_XADCPS_0_DEVICE_ID" redefined [enabled by default]
In file included from ../../../include/xparameters.h:15:0,
                 from xuartps_sinit.c:62:
../../../include/xparameters_ps.h:304:0: note: this is the location of the previous definition
In file included from xuartps_sinit.c:62:0:
../../../include/xparameters.h:358:0: warning: "XPAR_XADCPS_0_BASEADDR" redefined [enabled by default]
In file included from ../../../include/xparameters.h:15:0,
                 from xuartps_sinit.c:62:
../../../include/xparameters_ps.h:305:0: note: this is the location of the previous definition
Compiling xadcps
In file included from xadcps_g.c:15:0:
../../../include/xparameters.h:357:0: warning: "XPAR_XADCPS_0_DEVICE_ID" redefined [enabled by default]
In file included from ../../../include/xparameters.h:15:0,
                 from xadcps_g.c:15:
../../../include/xparameters_ps.h:304:0: note: this is the location of the previous definition
In file included from xadcps_g.c:15:0:
../../../include/xparameters.h:358:0: warning: "XPAR_XADCPS_0_BASEADDR" redefined [enabled by default]
In file included from ../../../include/xparameters.h:15:0,
                 from xadcps_g.c:15:
../../../include/xparameters_ps.h:305:0: note: this is the location of the previous definition
In file included from xadcps_sinit.c:65:0:
../../../include/xparameters.h:357:0: warning: "XPAR_XADCPS_0_DEVICE_ID" redefined [enabled by default]
In file included from ../../../include/xparameters.h:15:0,
                 from xadcps_sinit.c:65:
../../../include/xparameters_ps.h:304:0: note: this is the location of the previous definition
In file included from xadcps_sinit.c:65:0:
../../../include/xparameters.h:358:0: warning: "XPAR_XADCPS_0_BASEADDR" redefined [enabled by default]
In file included from ../../../include/xparameters.h:15:0,
                 from xadcps_sinit.c:65:
../../../include/xparameters_ps.h:305:0: note: this is the location of the previous definition
Compiling cpu_cortexa9
Running execs_generate.
Finished building libraries
13:46:31 **** Build of configuration Debug for project freertos_app_pendulum ****
make all 
Building file: ../src/SPI.c
Invoking: ARM gcc compiler
arm-xilinx-eabi-gcc -Wall -O0 -g3 -c -fmessage-length=0 -I../../freertos_zynq_bsp_0/ps7_cortexa9_0/include -MMD -MP -MF"src/SPI.d" -MT"src/SPI.d" -o "src/SPI.o" "../src/SPI.c"
In file included from ../../freertos_zynq_bsp_0/ps7_cortexa9_0/include/FreeRTOSConfig.h:19:0,
                 from ../../freertos_zynq_bsp_0/ps7_cortexa9_0/include/FreeRTOS.h:67,
                 from ../src/SPI.h:11,
                 from ../src/SPI.c:9:
../../freertos_zynq_bsp_0/ps7_cortexa9_0/include/xparameters.h:357:0: warning: "XPAR_XADCPS_0_DEVICE_ID" redefined [enabled by default]
In file included from ../../freertos_zynq_bsp_0/ps7_cortexa9_0/include/xparameters.h:15:0,
                 from ../../freertos_zynq_bsp_0/ps7_cortexa9_0/include/FreeRTOSConfig.h:19,
                 from ../../freertos_zynq_bsp_0/ps7_cortexa9_0/include/FreeRTOS.h:67,
                 from ../src/SPI.h:11,
                 from ../src/SPI.c:9:
../../freertos_zynq_bsp_0/ps7_cortexa9_0/include/xparameters_ps.h:304:0: note: this is the location of the previous definition
In file included from ../../freertos_zynq_bsp_0/ps7_cortexa9_0/include/FreeRTOSConfig.h:19:0,
                 from ../../freertos_zynq_bsp_0/ps7_cortexa9_0/include/FreeRTOS.h:67,
Finished building: ../src/SPI.c
                 from ../src/SPI.h:11,
 
                 from ../src/SPI.c:9:
../../freertos_zynq_bsp_0/ps7_cortexa9_0/include/xparameters.h:358:0: warning: "XPAR_XADCPS_0_BASEADDR" redefined [enabled by default]
Building file: ../src/adc_dac.c
In file included from ../../freertos_zynq_bsp_0/ps7_cortexa9_0/include/xparameters.h:15:0,
Invoking: ARM gcc compiler
                 from ../../freertos_zynq_bsp_0/ps7_cortexa9_0/include/FreeRTOSConfig.h:19,
arm-xilinx-eabi-gcc -Wall -O0 -g3 -c -fmessage-length=0 -I../../freertos_zynq_bsp_0/ps7_cortexa9_0/include -MMD -MP -MF"src/adc_dac.d" -MT"src/adc_dac.d" -o "src/adc_dac.o" "../src/adc_dac.c"
                 from ../../freertos_zynq_bsp_0/ps7_cortexa9_0/include/FreeRTOS.h:67,
                 from ../src/SPI.h:11,
                 from ../src/SPI.c:9:
../../freertos_zynq_bsp_0/ps7_cortexa9_0/include/xparameters_ps.h:305:0: note: this is the location of the previous definition
In file included from ../src/SPI.c:9:0:
../src/SPI.h:17:21: warning: extra tokens at end of #include directive [enabled by default]
In file included from ../../freertos_zynq_bsp_0/ps7_cortexa9_0/include/FreeRTOSConfig.h:19:0,
                 from ../../freertos_zynq_bsp_0/ps7_cortexa9_0/include/FreeRTOS.h:67,
                 from ../src/SPI.h:11,
                 from ../src/adc_dac.h:10,
                 from ../src/adc_dac.c:1:
../../freertos_zynq_bsp_0/ps7_cortexa9_0/include/xparameters.h:357:0: warning: "XPAR_XADCPS_0_DEVICE_ID" redefined [enabled by default]
In file included from ../../freertos_zynq_bsp_0/ps7_cortexa9_0/include/xparameters.h:15:0,
                 from ../../freertos_zynq_bsp_0/ps7_cortexa9_0/include/FreeRTOSConfig.h:19,
                 from ../../freertos_zynq_bsp_0/ps7_cortexa9_0/include/FreeRTOS.h:67,
                 from ../src/SPI.h:11,
                 from ../src/adc_dac.h:10,
                 from ../src/adc_dac.c:1:
../../freertos_zynq_bsp_0/ps7_cortexa9_0/include/xparameters_ps.h:304:0: note: this is the location of the previous definition
In file included from ../../freertos_zynq_bsp_0/ps7_cortexa9_0/include/FreeRTOSConfig.h:19:0,
                 from ../../freertos_zynq_bsp_0/ps7_cortexa9_0/include/FreeRTOS.h:67,
                 from ../src/SPI.h:11,
                 from ../src/adc_dac.h:10,
                 from ../src/adc_dac.c:1:
../../freertos_zynq_bsp_0/ps7_cortexa9_0/include/xparameters.h:358:0: warning: "XPAR_XADCPS_0_BASEADDR" redefined [enabled by default]
In file included from ../../freertos_zynq_bsp_0/ps7_cortexa9_0/include/xparameters.h:15:0,
                 from ../../freertos_zynq_bsp_0/ps7_cortexa9_0/include/FreeRTOSConfig.h:19,
                 from ../../freertos_zynq_bsp_0/ps7_cortexa9_0/include/FreeRTOS.h:67,
                 from ../src/SPI.h:11,
                 from ../src/adc_dac.h:10,
                 from ../src/adc_dac.c:1:
../../freertos_zynq_bsp_0/ps7_cortexa9_0/include/xparameters_ps.h:305:0: note: this is the location of the previous definition
In file included from ../src/adc_dac.h:10:0,
                 from ../src/adc_dac.c:1:
../src/SPI.h:17:21: warning: extra tokens at end of #include directive [enabled by default]
../src/adc_dac.c: In function 'writeDAC':
../src/adc_dac.c:33:36: error: 'DAC_SS' undeclared (first use in this function)
../src/adc_dac.c:33:36: note: each undeclared identifier is reported only once for each function it appears in
../src/adc_dac.c: In function 'readADC':
../src/adc_dac.c:42:53: error: 'ADC_SS' undeclared (first use in this function)
make: *** [src/adc_dac.o] Error 1
13:46:32 **** Build of configuration Debug for project testing ****
make all 
Building file: ../src/freertos_hello_world.c
Invoking: ARM gcc compiler
arm-xilinx-eabi-gcc -Wall -O0 -g3 -c -fmessage-length=0 -I../../freertos_zynq_bsp_0/ps7_cortexa9_0/include -MMD -MP -MF"src/freertos_hello_world.d" -MT"src/freertos_hello_world.d" -o "src/freertos_hello_world.o" "../src/freertos_hello_world.c"
In file included from ../../freertos_zynq_bsp_0/ps7_cortexa9_0/include/FreeRTOSConfig.h:19:0,
                 from ../../freertos_zynq_bsp_0/ps7_cortexa9_0/include/FreeRTOS.h:67,
Finished building: ../src/freertos_hello_world.c
                 from ../src/freertos_hello_world.c:63:
 
../../freertos_zynq_bsp_0/ps7_cortexa9_0/include/xparameters.h:357:0: warning: "XPAR_XADCPS_0_DEVICE_ID" redefined [enabled by default]
In file included from ../../freertos_zynq_bsp_0/ps7_cortexa9_0/include/xparameters.h:15:0,
Building target: testing.elf
                 from ../../freertos_zynq_bsp_0/ps7_cortexa9_0/include/FreeRTOSConfig.h:19,
                 from ../../freertos_zynq_bsp_0/ps7_cortexa9_0/include/FreeRTOS.h:67,
Invoking: ARM gcc linker
                 from ../src/freertos_hello_world.c:63:
arm-xilinx-eabi-gcc -Wl,-T -Wl,../src/lscript.ld -L../../freertos_zynq_bsp_0/ps7_cortexa9_0/lib -o "testing.elf"  ./src/freertos_hello_world.o   -Wl,--start-group,-lxil,-lfreertos,-lgcc,-lc,--end-group
../../freertos_zynq_bsp_0/ps7_cortexa9_0/include/xparameters_ps.h:304:0: note: this is the location of the previous definition
Finished building target: testing.elf
In file included from ../../freertos_zynq_bsp_0/ps7_cortexa9_0/include/FreeRTOSConfig.h:19:0,
                 from ../../freertos_zynq_bsp_0/ps7_cortexa9_0/include/FreeRTOS.h:67,
 
                 from ../src/freertos_hello_world.c:63:
Invoking: ARM Print Size
../../freertos_zynq_bsp_0/ps7_cortexa9_0/include/xparameters.h:358:0: warning: "XPAR_XADCPS_0_BASEADDR" redefined [enabled by default]
arm-xilinx-eabi-size testing.elf  |tee "testing.elf.size"
In file included from ../../freertos_zynq_bsp_0/ps7_cortexa9_0/include/xparameters.h:15:0,
   text	   data	    bss	    dec	    hex	filename
  69064	   3060	  23100	  95224	  173f8	testing.elf
Finished building: testing.elf.size
 
                 from ../../freertos_zynq_bsp_0/ps7_cortexa9_0/include/FreeRTOSConfig.h:19,
                 from ../../freertos_zynq_bsp_0/ps7_cortexa9_0/include/FreeRTOS.h:67,
                 from ../src/freertos_hello_world.c:63:
../../freertos_zynq_bsp_0/ps7_cortexa9_0/include/xparameters_ps.h:305:0: note: this is the location of the previous definition
13:47:30 **** Incremental Build of configuration Debug for project freertos_app_pendulum ****
make all 
Building file: ../src/adc_dac.c
Invoking: ARM gcc compiler
arm-xilinx-eabi-gcc -Wall -O0 -g3 -c -fmessage-length=0 -I../../freertos_zynq_bsp_0/ps7_cortexa9_0/include -MMD -MP -MF"src/adc_dac.d" -MT"src/adc_dac.d" -o "src/adc_dac.o" "../src/adc_dac.c"
In file included from ../../freertos_zynq_bsp_0/ps7_cortexa9_0/include/FreeRTOSConfig.h:19:0,
                 from ../../freertos_zynq_bsp_0/ps7_cortexa9_0/include/FreeRTOS.h:67,
                 from ../src/SPI.h:11,
                 from ../src/adc_dac.h:10,
                 from ../src/adc_dac.c:1:
../../freertos_zynq_bsp_0/ps7_cortexa9_0/include/xparameters.h:357:0: warning: "XPAR_XADCPS_0_DEVICE_ID" redefined [enabled by default]
In file included from ../../freertos_zynq_bsp_0/ps7_cortexa9_0/include/xparameters.h:15:0,
Finished building: ../src/adc_dac.c
                 from ../../freertos_zynq_bsp_0/ps7_cortexa9_0/include/FreeRTOSConfig.h:19,
 
                 from ../../freertos_zynq_bsp_0/ps7_cortexa9_0/include/FreeRTOS.h:67,
Building file: ../src/encoder.c
                 from ../src/SPI.h:11,
Invoking: ARM gcc compiler
                 from ../src/adc_dac.h:10,
arm-xilinx-eabi-gcc -Wall -O0 -g3 -c -fmessage-length=0 -I../../freertos_zynq_bsp_0/ps7_cortexa9_0/include -MMD -MP -MF"src/encoder.d" -MT"src/encoder.d" -o "src/encoder.o" "../src/encoder.c"
                 from ../src/adc_dac.c:1:
../../freertos_zynq_bsp_0/ps7_cortexa9_0/include/xparameters_ps.h:304:0: note: this is the location of the previous definition
In file included from ../../freertos_zynq_bsp_0/ps7_cortexa9_0/include/FreeRTOSConfig.h:19:0,
Finished building: ../src/encoder.c
                 from ../../freertos_zynq_bsp_0/ps7_cortexa9_0/include/FreeRTOS.h:67,
 
Building file: ../src/main.c
Invoking: ARM gcc compiler
                 from ../src/SPI.h:11,
                 from ../src/adc_dac.h:10,
                 from ../src/adc_dac.c:1:
arm-xilinx-eabi-gcc -Wall -O0 -g3 -c -fmessage-length=0 -I../../freertos_zynq_bsp_0/ps7_cortexa9_0/include -MMD -MP -MF"src/main.d" -MT"src/main.d" -o "src/main.o" "../src/main.c"
../../freertos_zynq_bsp_0/ps7_cortexa9_0/include/xparameters.h:358:0: warning: "XPAR_XADCPS_0_BASEADDR" redefined [enabled by default]
In file included from ../../freertos_zynq_bsp_0/ps7_cortexa9_0/include/xparameters.h:15:0,
                 from ../../freertos_zynq_bsp_0/ps7_cortexa9_0/include/FreeRTOSConfig.h:19,
                 from ../../freertos_zynq_bsp_0/ps7_cortexa9_0/include/FreeRTOS.h:67,
                 from ../src/SPI.h:11,
                 from ../src/adc_dac.h:10,
                 from ../src/adc_dac.c:1:
../../freertos_zynq_bsp_0/ps7_cortexa9_0/include/xparameters_ps.h:305:0: note: this is the location of the previous definition
In file included from ../src/adc_dac.h:10:0,
                 from ../src/adc_dac.c:1:
../src/SPI.h:17:21: warning: extra tokens at end of #include directive [enabled by default]
In file included from ../../freertos_zynq_bsp_0/ps7_cortexa9_0/include/FreeRTOSConfig.h:19:0,
Finished building: ../src/main.c
                 from ../../freertos_zynq_bsp_0/ps7_cortexa9_0/include/FreeRTOS.h:67,
 
                 from ../src/SPI.h:11,
Building target: freertos_app_pendulum.elf
                 from ../src/encoder.h:7,
Invoking: ARM gcc linker
arm-xilinx-eabi-gcc -Wl,-T -Wl,../src/lscript.ld -L../../freertos_zynq_bsp_0/ps7_cortexa9_0/lib -o "freertos_app_pendulum.elf"  ./src/SPI.o ./src/adc_dac.o ./src/encoder.o ./src/main.o   -Wl,--start-group,-lxil,-lfreertos,-lgcc,-lc,--end-group
                 from ../src/encoder.c:1:
../../freertos_zynq_bsp_0/ps7_cortexa9_0/include/xparameters.h:357:0: warning: "XPAR_XADCPS_0_DEVICE_ID" redefined [enabled by default]
In file included from ../../freertos_zynq_bsp_0/ps7_cortexa9_0/include/xparameters.h:15:0,
                 from ../../freertos_zynq_bsp_0/ps7_cortexa9_0/include/FreeRTOSConfig.h:19,
                 from ../../freertos_zynq_bsp_0/ps7_cortexa9_0/include/FreeRTOS.h:67,
                 from ../src/SPI.h:11,
                 from ../src/encoder.h:7,
                 from ../src/encoder.c:1:
../../freertos_zynq_bsp_0/ps7_cortexa9_0/include/xparameters_ps.h:304:0: note: this is the location of the previous definition
In file included from ../../freertos_zynq_bsp_0/ps7_cortexa9_0/include/FreeRTOSConfig.h:19:0,
                 from ../../freertos_zynq_bsp_0/ps7_cortexa9_0/include/FreeRTOS.h:67,
                 from ../src/SPI.h:11,
                 from ../src/encoder.h:7,
                 from ../src/encoder.c:1:
../../freertos_zynq_bsp_0/ps7_cortexa9_0/include/xparameters.h:358:0: warning: "XPAR_XADCPS_0_BASEADDR" redefined [enabled by default]
Finished building target: freertos_app_pendulum.elf
In file included from ../../freertos_zynq_bsp_0/ps7_cortexa9_0/include/xparameters.h:15:0,
 
                 from ../../freertos_zynq_bsp_0/ps7_cortexa9_0/include/FreeRTOSConfig.h:19,
Invoking: ARM Print Size
                 from ../../freertos_zynq_bsp_0/ps7_cortexa9_0/include/FreeRTOS.h:67,
arm-xilinx-eabi-size freertos_app_pendulum.elf  |tee "freertos_app_pendulum.elf.size"
                 from ../src/SPI.h:11,
   text	   data	    bss	    dec	    hex	filename
                 from ../src/encoder.h:7,
                 from ../src/encoder.c:1:
  84792	   3096	  23212	 111100	  1b1fc	freertos_app_pendulum.elf
Finished building: freertos_app_pendulum.elf.size
 
../../freertos_zynq_bsp_0/ps7_cortexa9_0/include/xparameters_ps.h:305:0: note: this is the location of the previous definition
In file included from ../src/encoder.h:7:0,
                 from ../src/encoder.c:1:
../src/SPI.h:17:21: warning: extra tokens at end of #include directive [enabled by default]
In file included from ../../freertos_zynq_bsp_0/ps7_cortexa9_0/include/FreeRTOSConfig.h:19:0,
                 from ../../freertos_zynq_bsp_0/ps7_cortexa9_0/include/FreeRTOS.h:67,
                 from ../src/SPI.h:11,
                 from ../src/main.c:13:
../../freertos_zynq_bsp_0/ps7_cortexa9_0/include/xparameters.h:357:0: warning: "XPAR_XADCPS_0_DEVICE_ID" redefined [enabled by default]
In file included from ../../freertos_zynq_bsp_0/ps7_cortexa9_0/include/xparameters.h:15:0,
                 from ../../freertos_zynq_bsp_0/ps7_cortexa9_0/include/FreeRTOSConfig.h:19,
                 from ../../freertos_zynq_bsp_0/ps7_cortexa9_0/include/FreeRTOS.h:67,
                 from ../src/SPI.h:11,
                 from ../src/main.c:13:
../../freertos_zynq_bsp_0/ps7_cortexa9_0/include/xparameters_ps.h:304:0: note: this is the location of the previous definition
In file included from ../../freertos_zynq_bsp_0/ps7_cortexa9_0/include/FreeRTOSConfig.h:19:0,
                 from ../../freertos_zynq_bsp_0/ps7_cortexa9_0/include/FreeRTOS.h:67,
                 from ../src/SPI.h:11,
                 from ../src/main.c:13:
../../freertos_zynq_bsp_0/ps7_cortexa9_0/include/xparameters.h:358:0: warning: "XPAR_XADCPS_0_BASEADDR" redefined [enabled by default]
In file included from ../../freertos_zynq_bsp_0/ps7_cortexa9_0/include/xparameters.h:15:0,
                 from ../../freertos_zynq_bsp_0/ps7_cortexa9_0/include/FreeRTOSConfig.h:19,
                 from ../../freertos_zynq_bsp_0/ps7_cortexa9_0/include/FreeRTOS.h:67,
                 from ../src/SPI.h:11,
                 from ../src/main.c:13:
../../freertos_zynq_bsp_0/ps7_cortexa9_0/include/xparameters_ps.h:305:0: note: this is the location of the previous definition
In file included from ../src/main.c:13:0:
../src/SPI.h:17:21: warning: extra tokens at end of #include directive [enabled by default]
../src/main.c: In function 'update_value':
../src/main.c:124:29: warning: unused variable 'alphaOld' [-Wunused-variable]
../src/main.c:124:17: warning: unused variable 'thetaOld' [-Wunused-variable]
13:47:31 **** Incremental Build of configuration Debug for project testing ****
make all 
make: Nothing to be done for `all'.
13:47:44 **** Incremental Build of configuration Debug for project freertos_app_pendulum ****
make all 
make: Nothing to be done for `all'.
13:47:44 **** Incremental Build of configuration Debug for project testing ****
make all 
make: Nothing to be done for `all'.
13:47:48 **** Incremental Build of configuration Debug for project freertos_app_pendulum ****
make all 
make: Nothing to be done for `all'.
13:47:49 **** Incremental Build of configuration Debug for project testing ****
make all 
make: Nothing to be done for `all'.
