16:20:54 **** Build of project freertos_zynq_bsp_0 ****
make -k all 
Finished building libraries
16:20:56 **** Clean-only build of configuration Debug for project freertos_app_pendulum ****
make clean 
rm -rf  ./src/SPI.o ./src/adc_dac.o ./src/encoder.o ./src/main.o  ./src/SPI.d ./src/adc_dac.d ./src/encoder.d ./src/main.d  freertos_app_pendulum.elf.size  freertos_app_pendulum.elf
 
16:20:57 **** Build of configuration Debug for project freertos_app_pendulum ****
make all 
Building file: ../src/SPI.c
Invoking: ARM gcc compiler
arm-xilinx-eabi-gcc -Wall -O0 -g3 -c -fmessage-length=0 -I../../freertos_zynq_bsp_0/ps7_cortexa9_0/include -MMD -MP -MF"src/SPI.d" -MT"src/SPI.d" -o "src/SPI.o" "../src/SPI.c"
Finished building: ../src/SPI.c
 
Building file: ../src/adc_dac.c
Invoking: ARM gcc compiler
arm-xilinx-eabi-gcc -Wall -O0 -g3 -c -fmessage-length=0 -I../../freertos_zynq_bsp_0/ps7_cortexa9_0/include -MMD -MP -MF"src/adc_dac.d" -MT"src/adc_dac.d" -o "src/adc_dac.o" "../src/adc_dac.c"
Finished building: ../src/adc_dac.c
 
Building file: ../src/encoder.c
Invoking: ARM gcc compiler
arm-xilinx-eabi-gcc -Wall -O0 -g3 -c -fmessage-length=0 -I../../freertos_zynq_bsp_0/ps7_cortexa9_0/include -MMD -MP -MF"src/encoder.d" -MT"src/encoder.d" -o "src/encoder.o" "../src/encoder.c"
Finished building: ../src/encoder.c
 
Building file: ../src/main.c
Invoking: ARM gcc compiler
arm-xilinx-eabi-gcc -Wall -O0 -g3 -c -fmessage-length=0 -I../../freertos_zynq_bsp_0/ps7_cortexa9_0/include -MMD -MP -MF"src/main.d" -MT"src/main.d" -o "src/main.o" "../src/main.c"
../src/main.c: In function 'main':
../src/main.c:68:2: warning: implicit declaration of function 'prvSetLEDHardware' [-Wimplicit-function-declaration]
../src/main.c: At top level:
../src/main.c:272:6: warning: conflicting types for 'prvSetLEDHardware' [enabled by default]
../src/main.c:68:2: note: previous implicit declaration of 'prvSetLEDHardware' was here
../src/main.c:20:13: warning: 'prvLed_Task' declared 'static' but never defined [-Wunused-function]
../src/main.c:40:25: warning: 'ConfigPtrPS' defined but not used [-Wunused-variable]
Finished building: ../src/main.c
 
Building target: freertos_app_pendulum.elf
Invoking: ARM gcc linker
arm-xilinx-eabi-gcc -Wl,-T -Wl,../src/lscript.ld -L../../freertos_zynq_bsp_0/ps7_cortexa9_0/lib -o "freertos_app_pendulum.elf"  ./src/SPI.o ./src/adc_dac.o ./src/encoder.o ./src/main.o   -Wl,--start-group,-lxil,-lfreertos,-lgcc,-lc,--end-group
Finished building target: freertos_app_pendulum.elf
 
Invoking: ARM Print Size
arm-xilinx-eabi-size freertos_app_pendulum.elf  |tee "freertos_app_pendulum.elf.size"
   text	   data	    bss	    dec	    hex	filename
  83728	   3096	  30332	 117156	  1c9a4	freertos_app_pendulum.elf
Finished building: freertos_app_pendulum.elf.size
 
16:20:59 **** Clean-only build of configuration Debug for project freertos_app_led ****
make clean 
rm -rf  ./src/freertos_blink_led_semaphore.o  ./src/freertos_blink_led_semaphore.d  freertos_app_led.elf.size  freertos_app_led.elf
 
16:20:59 **** Build of configuration Debug for project freertos_app_led ****
make all 
Building file: ../src/freertos_blink_led_semaphore.c
Invoking: ARM gcc compiler
arm-xilinx-eabi-gcc -Wall -O0 -g3 -c -fmessage-length=0 -I../../freertos_zynq_bsp_0/ps7_cortexa9_0/include -MMD -MP -MF"src/freertos_blink_led_semaphore.d" -MT"src/freertos_blink_led_semaphore.d" -o "src/freertos_blink_led_semaphore.o" "../src/freertos_blink_led_semaphore.c"
../src/freertos_blink_led_semaphore.c:78:1: warning: "/*" within comment [-Wcomment]
../src/freertos_blink_led_semaphore.c: In function 'main':
../src/freertos_blink_led_semaphore.c:94:3: warning: "/*" within comment [-Wcomment]
../src/freertos_blink_led_semaphore.c:108:32: warning: "/*" within comment [-Wcomment]
../src/freertos_blink_led_semaphore.c:109:45: warning: "/*" within comment [-Wcomment]
../src/freertos_blink_led_semaphore.c:110:41: warning: "/*" within comment [-Wcomment]
../src/freertos_blink_led_semaphore.c:114:4: warning: "/*" within comment [-Wcomment]
../src/freertos_blink_led_semaphore.c:119:4: warning: "/*" within comment [-Wcomment]
Finished building: ../src/freertos_blink_led_semaphore.c
../src/freertos_blink_led_semaphore.c:123:6: warning: "/*" within comment [-Wcomment]
 
../src/freertos_blink_led_semaphore.c: In function 'ledTask':
../src/freertos_blink_led_semaphore.c:134:17: warning: unused variable 'uiLedFlag' [-Wunused-variable]
Building target: freertos_app_led.elf
../src/freertos_blink_led_semaphore.c: In function 'prvSetGpioHardware':
../src/freertos_blink_led_semaphore.c:156:3: warning: "/*" within comment [-Wcomment]
../src/freertos_blink_led_semaphore.c:145:7: warning: unused variable 'Status' [-Wunused-variable]
Invoking: ARM gcc linker
arm-xilinx-eabi-gcc -Wl,-T -Wl,../src/lscript.ld -L../../freertos_zynq_bsp_0/ps7_cortexa9_0/lib -o "freertos_app_led.elf"  ./src/freertos_blink_led_semaphore.o   -Wl,--start-group,-lxil,-lfreertos,-lgcc,-lc,--end-group
Finished building target: freertos_app_led.elf
 
Invoking: ARM Print Size
arm-xilinx-eabi-size freertos_app_led.elf  |tee "freertos_app_led.elf.size"
   text	   data	    bss	    dec	    hex	filename
  68820	   3056	  30268	 102144	  18f00	freertos_app_led.elf
Finished building: freertos_app_led.elf.size
 
16:21:00 **** Clean-only build of configuration Debug for project standalone_app_emioled ****
make clean 
rm -rf  ./src/freertos_blink_led_semaphore.o  ./src/freertos_blink_led_semaphore.d  standalone_app_emioled.elf.size  standalone_app_emioled.elf
 
16:21:00 **** Build of configuration Debug for project standalone_app_emioled ****
make all 
Building file: ../src/freertos_blink_led_semaphore.c
Invoking: ARM gcc compiler
arm-xilinx-eabi-gcc -Wall -O0 -g3 -c -fmessage-length=0 -I../../freertos_zynq_bsp_0/ps7_cortexa9_0/include -MMD -MP -MF"src/freertos_blink_led_semaphore.d" -MT"src/freertos_blink_led_semaphore.d" -o "src/freertos_blink_led_semaphore.o" "../src/freertos_blink_led_semaphore.c"
../src/freertos_blink_led_semaphore.c: In function 'main':
../src/freertos_blink_led_semaphore.c:23:5: warning: implicit declaration of function 'xil_printf' [-Wimplicit-function-declaration]
Finished building: ../src/freertos_blink_led_semaphore.c
 
Building target: standalone_app_emioled.elf
Invoking: ARM gcc linker
arm-xilinx-eabi-gcc -Wl,-T -Wl,../src/lscript.ld -L../../freertos_zynq_bsp_0/ps7_cortexa9_0/lib -o "standalone_app_emioled.elf"  ./src/freertos_blink_led_semaphore.o   -Wl,--start-group,-lxil,-lfreertos,-lgcc,-lc,--end-group
Finished building target: standalone_app_emioled.elf
 
Invoking: ARM Print Size
arm-xilinx-eabi-size standalone_app_emioled.elf  |tee "standalone_app_emioled.elf.size"
   text	   data	    bss	    dec	    hex	filename
  76192	   3080	  30284	 109556	  1abf4	standalone_app_emioled.elf
Finished building: standalone_app_emioled.elf.size
 
16:24:18 **** Incremental Build of configuration Debug for project freertos_app_pendulum ****
make all 
make: Nothing to be done for 'all'.
16:24:19 **** Incremental Build of configuration Debug for project freertos_app_led ****
make all 
make: Nothing to be done for 'all'.
16:24:20 **** Incremental Build of configuration Debug for project standalone_app_emioled ****
make all 
make: Nothing to be done for 'all'.
16:31:18 **** Incremental Build of configuration Debug for project freertos_app_pendulum ****
make all 
make: Nothing to be done for 'all'.
16:31:19 **** Incremental Build of configuration Debug for project freertos_app_led ****
make all 
make: Nothing to be done for 'all'.
16:31:19 **** Incremental Build of configuration Debug for project standalone_app_emioled ****
make all 
make: Nothing to be done for 'all'.
16:31:43 **** Auto Build of configuration Debug for project freertos_app_pendulum ****
make all 
make: Nothing to be done for 'all'.
16:31:48 **** Incremental Build of configuration Debug for project freertos_app_pendulum ****
make all 
make: Nothing to be done for 'all'.
16:31:48 **** Incremental Build of configuration Debug for project freertos_app_led ****
make all 
make: Nothing to be done for 'all'.
16:31:49 **** Incremental Build of configuration Debug for project standalone_app_emioled ****
make all 
make: Nothing to be done for 'all'.
16:32:32 **** Incremental Build of configuration Debug for project freertos_app_pendulum ****
make all 
make: Nothing to be done for 'all'.
16:32:33 **** Incremental Build of configuration Debug for project freertos_app_led ****
make all 
make: Nothing to be done for 'all'.
16:32:33 **** Incremental Build of configuration Debug for project standalone_app_emioled ****
make all 
make: Nothing to be done for 'all'.
16:33:28 **** Incremental Build of configuration Debug for project freertos_app_pendulum ****
make all 
make: Nothing to be done for 'all'.
16:33:29 **** Incremental Build of configuration Debug for project freertos_app_led ****
make all 
make: Nothing to be done for 'all'.
16:33:30 **** Incremental Build of configuration Debug for project standalone_app_emioled ****
make all 
make: Nothing to be done for 'all'.
16:34:22 **** Auto Build of configuration Debug for project freertos_app_pendulum ****
make all 
Building file: ../src/main.c
Invoking: ARM gcc compiler
arm-xilinx-eabi-gcc -Wall -O0 -g3 -c -fmessage-length=0 -I../../freertos_zynq_bsp_0/ps7_cortexa9_0/include -MMD -MP -MF"src/main.d" -MT"src/main.d" -o "src/main.o" "../src/main.c"
../src/main.c: In function 'main':
../src/main.c:68:2: warning: implicit declaration of function 'prvSetLEDHardware' [-Wimplicit-function-declaration]
../src/main.c: At top level:
../src/main.c:273:6: warning: conflicting types for 'prvSetLEDHardware' [enabled by default]
../src/main.c:68:2: note: previous implicit declaration of 'prvSetLEDHardware' was here
../src/main.c:20:13: warning: 'prvLed_Task' declared 'static' but never defined [-Wunused-function]
../src/main.c:40:25: warning: 'ConfigPtrPS' defined but not used [-Wunused-variable]
Finished building: ../src/main.c
 
Building target: freertos_app_pendulum.elf
Invoking: ARM gcc linker
arm-xilinx-eabi-gcc -Wl,-T -Wl,../src/lscript.ld -L../../freertos_zynq_bsp_0/ps7_cortexa9_0/lib -o "freertos_app_pendulum.elf"  ./src/SPI.o ./src/adc_dac.o ./src/encoder.o ./src/main.o   -Wl,--start-group,-lxil,-lfreertos,-lgcc,-lc,--end-group
Finished building target: freertos_app_pendulum.elf
 
Invoking: ARM Print Size
arm-xilinx-eabi-size freertos_app_pendulum.elf  |tee "freertos_app_pendulum.elf.size"
   text	   data	    bss	    dec	    hex	filename
  83752	   3096	  30332	 117180	  1c9bc	freertos_app_pendulum.elf
Finished building: freertos_app_pendulum.elf.size
 
16:34:58 **** Auto Build of configuration Debug for project freertos_app_pendulum ****
make all 
Building file: ../src/SPI.c
Invoking: ARM gcc compiler
arm-xilinx-eabi-gcc -Wall -O0 -g3 -c -fmessage-length=0 -I../../freertos_zynq_bsp_0/ps7_cortexa9_0/include -MMD -MP -MF"src/SPI.d" -MT"src/SPI.d" -o "src/SPI.o" "../src/SPI.c"
../src/SPI.c: In function 'spiMonitorTask':
../src/SPI.c:203:3: warning: implicit declaration of function 'XGpioPs_WritePin' [-Wimplicit-function-declaration]
src/subdir.mk:30: recipe for target 'src/SPI.o' failed
../src/SPI.c:203:21: error: 'mio_emio_pmod2' undeclared (first use in this function)
../src/SPI.c:203:21: note: each undeclared identifier is reported only once for each function it appears in
../src/SPI.c:203:37: error: 'LD6' undeclared (first use in this function)
make: *** [src/SPI.o] Error 1
16:35:17 **** Auto Build of configuration Debug for project freertos_app_pendulum ****
make all 
Building file: ../src/SPI.c
Invoking: ARM gcc compiler
arm-xilinx-eabi-gcc -Wall -O0 -g3 -c -fmessage-length=0 -I../../freertos_zynq_bsp_0/ps7_cortexa9_0/include -MMD -MP -MF"src/SPI.d" -MT"src/SPI.d" -o "src/SPI.o" "../src/SPI.c"
../src/SPI.c: In function 'spiMonitorTask':
../src/SPI.c:203:3: warning: implicit declaration of function 'XGpioPs_WritePin' [-Wimplicit-function-declaration]
src/subdir.mk:30: recipe for target 'src/SPI.o' failed
../src/SPI.c:203:21: error: 'mio_emio_pmod2' undeclared (first use in this function)
../src/SPI.c:203:21: note: each undeclared identifier is reported only once for each function it appears in
../src/SPI.c:203:37: error: 'LD6' undeclared (first use in this function)
make: *** [src/SPI.o] Error 1
16:35:21 **** Auto Build of configuration Debug for project freertos_app_pendulum ****
make all 
Building file: ../src/SPI.c
Invoking: ARM gcc compiler
arm-xilinx-eabi-gcc -Wall -O0 -g3 -c -fmessage-length=0 -I../../freertos_zynq_bsp_0/ps7_cortexa9_0/include -MMD -MP -MF"src/SPI.d" -MT"src/SPI.d" -o "src/SPI.o" "../src/SPI.c"
../src/SPI.c: In function 'spiMonitorTask':
../src/SPI.c:204:21: error: 'mio_emio_pmod2' undeclared (first use in this function)
src/subdir.mk:30: recipe for target 'src/SPI.o' failed
../src/SPI.c:204:21: note: each undeclared identifier is reported only once for each function it appears in
../src/SPI.c:204:37: error: 'LD6' undeclared (first use in this function)
make: *** [src/SPI.o] Error 1
16:35:27 **** Auto Build of configuration Debug for project freertos_app_pendulum ****
make all 
Building file: ../src/SPI.c
Invoking: ARM gcc compiler
arm-xilinx-eabi-gcc -Wall -O0 -g3 -c -fmessage-length=0 -I../../freertos_zynq_bsp_0/ps7_cortexa9_0/include -MMD -MP -MF"src/SPI.d" -MT"src/SPI.d" -o "src/SPI.o" "../src/SPI.c"
../src/SPI.c: In function 'spiMonitorTask':
../src/SPI.c:204:21: error: 'mio_emio_pmod2' undeclared (first use in this function)
src/subdir.mk:30: recipe for target 'src/SPI.o' failed
../src/SPI.c:204:21: note: each undeclared identifier is reported only once for each function it appears in
../src/SPI.c:204:37: error: 'LD6' undeclared (first use in this function)
make: *** [src/SPI.o] Error 1
16:35:31 **** Auto Build of configuration Debug for project freertos_app_pendulum ****
make all 
Building file: ../src/SPI.c
Invoking: ARM gcc compiler
arm-xilinx-eabi-gcc -Wall -O0 -g3 -c -fmessage-length=0 -I../../freertos_zynq_bsp_0/ps7_cortexa9_0/include -MMD -MP -MF"src/SPI.d" -MT"src/SPI.d" -o "src/SPI.o" "../src/SPI.c"
../src/SPI.c: In function 'spiMonitorTask':
../src/SPI.c:205:21: error: 'mio_emio_pmod2' undeclared (first use in this function)
../src/SPI.c:205:21: note: each undeclared identifier is reported only once for each function it appears in
src/subdir.mk:30: recipe for target 'src/SPI.o' failed
../src/SPI.c:205:37: error: 'LD6' undeclared (first use in this function)
make: *** [src/SPI.o] Error 1
16:35:36 **** Auto Build of configuration Debug for project freertos_app_pendulum ****
make all 
Building file: ../src/SPI.c
Invoking: ARM gcc compiler
arm-xilinx-eabi-gcc -Wall -O0 -g3 -c -fmessage-length=0 -I../../freertos_zynq_bsp_0/ps7_cortexa9_0/include -MMD -MP -MF"src/SPI.d" -MT"src/SPI.d" -o "src/SPI.o" "../src/SPI.c"
../src/SPI.c: In function 'spiMonitorTask':
../src/SPI.c:205:21: error: 'mio_emio_pmod2' undeclared (first use in this function)
src/subdir.mk:30: recipe for target 'src/SPI.o' failed
../src/SPI.c:205:21: note: each undeclared identifier is reported only once for each function it appears in
make: *** [src/SPI.o] Error 1
16:35:41 **** Auto Build of configuration Debug for project freertos_app_pendulum ****
make all 
Building file: ../src/SPI.c
Invoking: ARM gcc compiler
arm-xilinx-eabi-gcc -Wall -O0 -g3 -c -fmessage-length=0 -I../../freertos_zynq_bsp_0/ps7_cortexa9_0/include -MMD -MP -MF"src/SPI.d" -MT"src/SPI.d" -o "src/SPI.o" "../src/SPI.c"
../src/SPI.c: In function 'spiMonitorTask':
../src/SPI.c:205:21: error: 'mio_emio_pmod2' undeclared (first use in this function)
src/subdir.mk:30: recipe for target 'src/SPI.o' failed
../src/SPI.c:205:21: note: each undeclared identifier is reported only once for each function it appears in
make: *** [src/SPI.o] Error 1
16:35:43 **** Auto Build of configuration Debug for project freertos_app_pendulum ****
make all 
Building file: ../src/SPI.c
Invoking: ARM gcc compiler
arm-xilinx-eabi-gcc -Wall -O0 -g3 -c -fmessage-length=0 -I../../freertos_zynq_bsp_0/ps7_cortexa9_0/include -MMD -MP -MF"src/SPI.d" -MT"src/SPI.d" -o "src/SPI.o" "../src/SPI.c"
../src/SPI.c: In function 'spiMonitorTask':
../src/SPI.c:205:21: error: 'mio_emio_pmod2' undeclared (first use in this function)
src/subdir.mk:30: recipe for target 'src/SPI.o' failed
../src/SPI.c:205:21: note: each undeclared identifier is reported only once for each function it appears in
make: *** [src/SPI.o] Error 1
16:36:02 **** Auto Build of configuration Debug for project freertos_app_pendulum ****
make all 
Building file: ../src/SPI.c
Invoking: ARM gcc compiler
arm-xilinx-eabi-gcc -Wall -O0 -g3 -c -fmessage-length=0 -I../../freertos_zynq_bsp_0/ps7_cortexa9_0/include -MMD -MP -MF"src/SPI.d" -MT"src/SPI.d" -o "src/SPI.o" "../src/SPI.c"
../src/SPI.c: In function 'spiMonitorTask':
../src/SPI.c:205:21: error: 'mio_emio_pmod2' undeclared (first use in this function)
src/subdir.mk:30: recipe for target 'src/SPI.o' failed
../src/SPI.c:205:21: note: each undeclared identifier is reported only once for each function it appears in
make: *** [src/SPI.o] Error 1
16:36:13 **** Auto Build of configuration Debug for project freertos_app_pendulum ****
make all 
Building file: ../src/SPI.c
Invoking: ARM gcc compiler
arm-xilinx-eabi-gcc -Wall -O0 -g3 -c -fmessage-length=0 -I../../freertos_zynq_bsp_0/ps7_cortexa9_0/include -MMD -MP -MF"src/SPI.d" -MT"src/SPI.d" -o "src/SPI.o" "../src/SPI.c"
In file included from ../src/SPI.c:10:0:
../src/SPI.h:24:25: warning: 'ConfigPtrPS' defined but not used [-Wunused-variable]
Finished building: ../src/SPI.c
 
Building file: ../src/main.c
Invoking: ARM gcc compiler
arm-xilinx-eabi-gcc -Wall -O0 -g3 -c -fmessage-length=0 -I../../freertos_zynq_bsp_0/ps7_cortexa9_0/include -MMD -MP -MF"src/main.d" -MT"src/main.d" -o "src/main.o" "../src/main.c"
../src/main.c: In function 'main':
../src/main.c:61:2: warning: implicit declaration of function 'prvSetLEDHardware' [-Wimplicit-function-declaration]
../src/main.c: At top level:
../src/main.c:266:6: warning: conflicting types for 'prvSetLEDHardware' [enabled by default]
../src/main.c:61:2: note: previous implicit declaration of 'prvSetLEDHardware' was here
In file included from ../src/main.c:12:0:
../src/SPI.h:24:25: warning: 'ConfigPtrPS' defined but not used [-Wunused-variable]
../src/main.c:20:13: warning: 'prvLed_Task' declared 'static' but never defined [-Wunused-function]
Finished building: ../src/main.c
 
Building target: freertos_app_pendulum.elf
Invoking: ARM gcc linker
arm-xilinx-eabi-gcc -Wl,-T -Wl,../src/lscript.ld -L../../freertos_zynq_bsp_0/ps7_cortexa9_0/lib -o "freertos_app_pendulum.elf"  ./src/SPI.o ./src/adc_dac.o ./src/encoder.o ./src/main.o   -Wl,--start-group,-lxil,-lfreertos,-lgcc,-lc,--end-group
Finished building target: freertos_app_pendulum.elf
 
Invoking: ARM Print Size
arm-xilinx-eabi-size freertos_app_pendulum.elf  |tee "freertos_app_pendulum.elf.size"
   text	   data	    bss	    dec	    hex	filename
  83760	   3096	  30348	 117204	  1c9d4	freertos_app_pendulum.elf
Finished building: freertos_app_pendulum.elf.size
 
16:36:15 **** Incremental Build of configuration Debug for project freertos_app_pendulum ****
make all 
make: Nothing to be done for 'all'.
16:36:15 **** Incremental Build of configuration Debug for project freertos_app_led ****
make all 
make: Nothing to be done for 'all'.
16:36:16 **** Incremental Build of configuration Debug for project standalone_app_emioled ****
make all 
make: Nothing to be done for 'all'.
16:36:18 **** Auto Build of configuration Debug for project freertos_app_pendulum ****
make all 
Building file: ../src/SPI.c
Invoking: ARM gcc compiler
arm-xilinx-eabi-gcc -Wall -O0 -g3 -c -fmessage-length=0 -I../../freertos_zynq_bsp_0/ps7_cortexa9_0/include -MMD -MP -MF"src/SPI.d" -MT"src/SPI.d" -o "src/SPI.o" "../src/SPI.c"
In file included from ../src/SPI.c:10:0:
../src/SPI.h:24:25: warning: 'ConfigPtrPS' defined but not used [-Wunused-variable]
Finished building: ../src/SPI.c
 
Building target: freertos_app_pendulum.elf
Invoking: ARM gcc linker
arm-xilinx-eabi-gcc -Wl,-T -Wl,../src/lscript.ld -L../../freertos_zynq_bsp_0/ps7_cortexa9_0/lib -o "freertos_app_pendulum.elf"  ./src/SPI.o ./src/adc_dac.o ./src/encoder.o ./src/main.o   -Wl,--start-group,-lxil,-lfreertos,-lgcc,-lc,--end-group
Finished building target: freertos_app_pendulum.elf
 
Invoking: ARM Print Size
arm-xilinx-eabi-size freertos_app_pendulum.elf  |tee "freertos_app_pendulum.elf.size"
   text	   data	    bss	    dec	    hex	filename
  83760	   3096	  30348	 117204	  1c9d4	freertos_app_pendulum.elf
Finished building: freertos_app_pendulum.elf.size
 
16:36:30 **** Incremental Build of configuration Debug for project freertos_app_pendulum ****
make all 
make: Nothing to be done for 'all'.
16:36:31 **** Incremental Build of configuration Debug for project freertos_app_led ****
make all 
make: Nothing to be done for 'all'.
16:36:32 **** Incremental Build of configuration Debug for project standalone_app_emioled ****
make all 
make: Nothing to be done for 'all'.
16:37:19 **** Auto Build of configuration Debug for project freertos_app_pendulum ****
make all 
make: Nothing to be done for 'all'.
16:37:26 **** Auto Build of configuration Debug for project freertos_app_pendulum ****
make all 
make: Nothing to be done for 'all'.
16:37:42 **** Auto Build of configuration Debug for project freertos_app_pendulum ****
make all 
make: Nothing to be done for 'all'.
16:37:47 **** Incremental Build of configuration Debug for project freertos_app_pendulum ****
make all 
make: Nothing to be done for 'all'.
16:37:47 **** Incremental Build of configuration Debug for project freertos_app_led ****
make all 
make: Nothing to be done for 'all'.
16:37:48 **** Incremental Build of configuration Debug for project standalone_app_emioled ****
make all 
make: Nothing to be done for 'all'.
16:38:05 **** Auto Build of configuration Debug for project freertos_app_pendulum ****
make all 
make: Nothing to be done for 'all'.
16:38:08 **** Auto Build of configuration Debug for project freertos_app_pendulum ****
make all 
Building file: ../src/SPI.c
Invoking: ARM gcc compiler
arm-xilinx-eabi-gcc -Wall -O0 -g3 -c -fmessage-length=0 -I../../freertos_zynq_bsp_0/ps7_cortexa9_0/include -MMD -MP -MF"src/SPI.d" -MT"src/SPI.d" -o "src/SPI.o" "../src/SPI.c"
../src/SPI.c: In function 'spiMonitorTask':
../src/SPI.c:204:3: warning: implicit declaration of function 'XGpioPs_WritePin' [-Wimplicit-function-declaration]
src/subdir.mk:30: recipe for target 'src/SPI.o' failed
../src/SPI.c:204:21: error: 'mio_emio_pmod2' undeclared (first use in this function)
../src/SPI.c:204:21: note: each undeclared identifier is reported only once for each function it appears in
../src/SPI.c:204:37: error: 'LD6' undeclared (first use in this function)
make: *** [src/SPI.o] Error 1
16:38:13 **** Auto Build of configuration Debug for project freertos_app_pendulum ****
make all 
Building file: ../src/SPI.c
Invoking: ARM gcc compiler
arm-xilinx-eabi-gcc -Wall -O0 -g3 -c -fmessage-length=0 -I../../freertos_zynq_bsp_0/ps7_cortexa9_0/include -MMD -MP -MF"src/SPI.d" -MT"src/SPI.d" -o "src/SPI.o" "../src/SPI.c"
../src/SPI.c: In function 'spiMonitorTask':
../src/SPI.c:204:3: warning: implicit declaration of function 'XGpioPs_WritePin' [-Wimplicit-function-declaration]
src/subdir.mk:30: recipe for target 'src/SPI.o' failed
../src/SPI.c:204:21: error: 'mio_emio_pmod2' undeclared (first use in this function)
../src/SPI.c:204:21: note: each undeclared identifier is reported only once for each function it appears in
../src/SPI.c:204:37: error: 'LD6' undeclared (first use in this function)
make: *** [src/SPI.o] Error 1
16:38:46 **** Auto Build of configuration Debug for project freertos_app_pendulum ****
make all 
Building file: ../src/SPI.c
Invoking: ARM gcc compiler
arm-xilinx-eabi-gcc -Wall -O0 -g3 -c -fmessage-length=0 -I../../freertos_zynq_bsp_0/ps7_cortexa9_0/include -MMD -MP -MF"src/SPI.d" -MT"src/SPI.d" -o "src/SPI.o" "../src/SPI.c"
../src/SPI.c: In function 'spiMonitorTask':
../src/SPI.c:204:3: warning: implicit declaration of function 'XGpioPs_WritePin' [-Wimplicit-function-declaration]
src/subdir.mk:30: recipe for target 'src/SPI.o' failed
../src/SPI.c:204:21: error: 'mio_emio_pmod2' undeclared (first use in this function)
../src/SPI.c:204:21: note: each undeclared identifier is reported only once for each function it appears in
../src/SPI.c:204:37: error: 'LD6' undeclared (first use in this function)
make: *** [src/SPI.o] Error 1
16:38:49 **** Auto Build of configuration Debug for project freertos_app_pendulum ****
make all 
Building file: ../src/SPI.c
Invoking: ARM gcc compiler
arm-xilinx-eabi-gcc -Wall -O0 -g3 -c -fmessage-length=0 -I../../freertos_zynq_bsp_0/ps7_cortexa9_0/include -MMD -MP -MF"src/SPI.d" -MT"src/SPI.d" -o "src/SPI.o" "../src/SPI.c"
../src/SPI.c: In function 'spiMonitorTask':
../src/SPI.c:204:3: warning: implicit declaration of function 'XGpioPs_WritePin' [-Wimplicit-function-declaration]
src/subdir.mk:30: recipe for target 'src/SPI.o' failed
../src/SPI.c:204:21: error: 'mio_emio_pmod2' undeclared (first use in this function)
../src/SPI.c:204:21: note: each undeclared identifier is reported only once for each function it appears in
../src/SPI.c:204:37: error: 'LD6' undeclared (first use in this function)
make: *** [src/SPI.o] Error 1
16:38:58 **** Auto Build of configuration Debug for project freertos_app_pendulum ****
make all 
Building file: ../src/SPI.c
Invoking: ARM gcc compiler
arm-xilinx-eabi-gcc -Wall -O0 -g3 -c -fmessage-length=0 -I../../freertos_zynq_bsp_0/ps7_cortexa9_0/include -MMD -MP -MF"src/SPI.d" -MT"src/SPI.d" -o "src/SPI.o" "../src/SPI.c"
../src/SPI.c: In function 'spiMonitorTask':
../src/SPI.c:204:3: warning: implicit declaration of function 'XGpioPs_WritePin' [-Wimplicit-function-declaration]
src/subdir.mk:30: recipe for target 'src/SPI.o' failed
../src/SPI.c:204:21: error: 'mio_emio_pmod2' undeclared (first use in this function)
../src/SPI.c:204:21: note: each undeclared identifier is reported only once for each function it appears in
../src/SPI.c:204:37: error: 'LD6' undeclared (first use in this function)
make: *** [src/SPI.o] Error 1
16:39:00 **** Auto Build of configuration Debug for project freertos_app_pendulum ****
make all 
Building file: ../src/SPI.c
Invoking: ARM gcc compiler
arm-xilinx-eabi-gcc -Wall -O0 -g3 -c -fmessage-length=0 -I../../freertos_zynq_bsp_0/ps7_cortexa9_0/include -MMD -MP -MF"src/SPI.d" -MT"src/SPI.d" -o "src/SPI.o" "../src/SPI.c"
../src/SPI.c: In function 'spiMonitorTask':
../src/SPI.c:204:3: warning: implicit declaration of function 'XGpioPs_WritePin' [-Wimplicit-function-declaration]
src/subdir.mk:30: recipe for target 'src/SPI.o' failed
../src/SPI.c:204:21: error: 'mio_emio_pmod2' undeclared (first use in this function)
../src/SPI.c:204:21: note: each undeclared identifier is reported only once for each function it appears in
../src/SPI.c:204:37: error: 'LD6' undeclared (first use in this function)
make: *** [src/SPI.o] Error 1
16:39:01 **** Auto Build of configuration Debug for project freertos_app_pendulum ****
make all 
Building file: ../src/SPI.c
Invoking: ARM gcc compiler
arm-xilinx-eabi-gcc -Wall -O0 -g3 -c -fmessage-length=0 -I../../freertos_zynq_bsp_0/ps7_cortexa9_0/include -MMD -MP -MF"src/SPI.d" -MT"src/SPI.d" -o "src/SPI.o" "../src/SPI.c"
../src/SPI.c: In function 'spiMonitorTask':
../src/SPI.c:204:3: warning: implicit declaration of function 'XGpioPs_WritePin' [-Wimplicit-function-declaration]
src/subdir.mk:30: recipe for target 'src/SPI.o' failed
../src/SPI.c:204:21: error: 'mio_emio_pmod2' undeclared (first use in this function)
../src/SPI.c:204:21: note: each undeclared identifier is reported only once for each function it appears in
../src/SPI.c:204:37: error: 'LD6' undeclared (first use in this function)
make: *** [src/SPI.o] Error 1
16:39:07 **** Auto Build of configuration Debug for project freertos_app_pendulum ****
make all 
Building file: ../src/SPI.c
Invoking: ARM gcc compiler
arm-xilinx-eabi-gcc -Wall -O0 -g3 -c -fmessage-length=0 -I../../freertos_zynq_bsp_0/ps7_cortexa9_0/include -MMD -MP -MF"src/SPI.d" -MT"src/SPI.d" -o "src/SPI.o" "../src/SPI.c"
../src/SPI.c: In function 'spiMonitorTask':
../src/SPI.c:204:3: warning: implicit declaration of function 'XGpioPs_WritePin' [-Wimplicit-function-declaration]
src/subdir.mk:30: recipe for target 'src/SPI.o' failed
../src/SPI.c:204:21: error: 'mio_emio_pmod2' undeclared (first use in this function)
../src/SPI.c:204:21: note: each undeclared identifier is reported only once for each function it appears in
../src/SPI.c:204:37: error: 'LD6' undeclared (first use in this function)
make: *** [src/SPI.o] Error 1
16:39:17 **** Auto Build of configuration Debug for project freertos_app_pendulum ****
make all 
Building file: ../src/SPI.c
Invoking: ARM gcc compiler
arm-xilinx-eabi-gcc -Wall -O0 -g3 -c -fmessage-length=0 -I../../freertos_zynq_bsp_0/ps7_cortexa9_0/include -MMD -MP -MF"src/SPI.d" -MT"src/SPI.d" -o "src/SPI.o" "../src/SPI.c"
../src/SPI.c: In function 'spiMonitorTask':
../src/SPI.c:204:3: warning: implicit declaration of function 'XGpioPs_WritePin' [-Wimplicit-function-declaration]
src/subdir.mk:30: recipe for target 'src/SPI.o' failed
../src/SPI.c:204:21: error: 'mio_emio_pmod2' undeclared (first use in this function)
../src/SPI.c:204:21: note: each undeclared identifier is reported only once for each function it appears in
../src/SPI.c:204:37: error: 'LD6' undeclared (first use in this function)
make: *** [src/SPI.o] Error 1
16:39:19 **** Auto Build of configuration Debug for project freertos_app_pendulum ****
make all 
Building file: ../src/SPI.c
Invoking: ARM gcc compiler
arm-xilinx-eabi-gcc -Wall -O0 -g3 -c -fmessage-length=0 -I../../freertos_zynq_bsp_0/ps7_cortexa9_0/include -MMD -MP -MF"src/SPI.d" -MT"src/SPI.d" -o "src/SPI.o" "../src/SPI.c"
../src/SPI.c: In function 'spiMonitorTask':
../src/SPI.c:204:3: warning: implicit declaration of function 'XGpioPs_WritePin' [-Wimplicit-function-declaration]
src/subdir.mk:30: recipe for target 'src/SPI.o' failed
../src/SPI.c:204:21: error: 'mio_emio_pmod2' undeclared (first use in this function)
../src/SPI.c:204:21: note: each undeclared identifier is reported only once for each function it appears in
../src/SPI.c:204:37: error: 'LD6' undeclared (first use in this function)
make: *** [src/SPI.o] Error 1
16:39:30 **** Auto Build of configuration Debug for project freertos_app_pendulum ****
make all 
Building file: ../src/SPI.c
Invoking: ARM gcc compiler
arm-xilinx-eabi-gcc -Wall -O0 -g3 -c -fmessage-length=0 -I../../freertos_zynq_bsp_0/ps7_cortexa9_0/include -MMD -MP -MF"src/SPI.d" -MT"src/SPI.d" -o "src/SPI.o" "../src/SPI.c"
../src/SPI.c: In function 'spiMonitorTask':
../src/SPI.c:204:3: warning: implicit declaration of function 'XGpioPs_WritePin' [-Wimplicit-function-declaration]
src/subdir.mk:30: recipe for target 'src/SPI.o' failed
../src/SPI.c:204:21: error: 'mio_emio_pmod2' undeclared (first use in this function)
../src/SPI.c:204:21: note: each undeclared identifier is reported only once for each function it appears in
../src/SPI.c:204:37: error: 'LD6' undeclared (first use in this function)
make: *** [src/SPI.o] Error 1
16:39:39 **** Auto Build of configuration Debug for project freertos_app_pendulum ****
make all 
Building file: ../src/SPI.c
Invoking: ARM gcc compiler
arm-xilinx-eabi-gcc -Wall -O0 -g3 -c -fmessage-length=0 -I../../freertos_zynq_bsp_0/ps7_cortexa9_0/include -MMD -MP -MF"src/SPI.d" -MT"src/SPI.d" -o "src/SPI.o" "../src/SPI.c"
../src/SPI.c: In function 'spiMonitorTask':
../src/SPI.c:204:3: warning: implicit declaration of function 'XGpioPs_WritePin' [-Wimplicit-function-declaration]
src/subdir.mk:30: recipe for target 'src/SPI.o' failed
../src/SPI.c:204:21: error: 'mio_emio_pmod2' undeclared (first use in this function)
../src/SPI.c:204:21: note: each undeclared identifier is reported only once for each function it appears in
../src/SPI.c:204:37: error: 'LD6' undeclared (first use in this function)
make: *** [src/SPI.o] Error 1
16:39:43 **** Auto Build of configuration Debug for project freertos_app_pendulum ****
make all 
Building file: ../src/SPI.c
Invoking: ARM gcc compiler
arm-xilinx-eabi-gcc -Wall -O0 -g3 -c -fmessage-length=0 -I../../freertos_zynq_bsp_0/ps7_cortexa9_0/include -MMD -MP -MF"src/SPI.d" -MT"src/SPI.d" -o "src/SPI.o" "../src/SPI.c"
../src/SPI.c: In function 'spiMonitorTask':
../src/SPI.c:204:3: warning: implicit declaration of function 'XGpioPs_WritePin' [-Wimplicit-function-declaration]
src/subdir.mk:30: recipe for target 'src/SPI.o' failed
../src/SPI.c:204:21: error: 'mio_emio_pmod2' undeclared (first use in this function)
../src/SPI.c:204:21: note: each undeclared identifier is reported only once for each function it appears in
../src/SPI.c:204:37: error: 'LD6' undeclared (first use in this function)
make: *** [src/SPI.o] Error 1
16:39:55 **** Auto Build of configuration Debug for project freertos_app_pendulum ****
make all 
Building file: ../src/SPI.c
Invoking: ARM gcc compiler
arm-xilinx-eabi-gcc -Wall -O0 -g3 -c -fmessage-length=0 -I../../freertos_zynq_bsp_0/ps7_cortexa9_0/include -MMD -MP -MF"src/SPI.d" -MT"src/SPI.d" -o "src/SPI.o" "../src/SPI.c"
Finished building: ../src/SPI.c
 
Building file: ../src/main.c
Invoking: ARM gcc compiler
arm-xilinx-eabi-gcc -Wall -O0 -g3 -c -fmessage-length=0 -I../../freertos_zynq_bsp_0/ps7_cortexa9_0/include -MMD -MP -MF"src/main.d" -MT"src/main.d" -o "src/main.o" "../src/main.c"
../src/main.c:23:2: error: unknown type name 'XGpioPs'
../src/main.c:27:2: error: unknown type name 'XGpioPs'
../src/main.c:28:2: error: unknown type name 'XGpioPs_Config'
src/subdir.mk:30: recipe for target 'src/main.o' failed
../src/main.c: In function 'main':
../src/main.c:56:2: warning: implicit declaration of function 'prvSetLEDHardware' [-Wimplicit-function-declaration]
../src/main.c: In function 'update_value':
../src/main.c:88:2: warning: implicit declaration of function 'XGpioPs_WritePin' [-Wimplicit-function-declaration]
../src/main.c:89:36: error: 'LD6' undeclared (first use in this function)
../src/main.c:89:36: note: each undeclared identifier is reported only once for each function it appears in
../src/main.c: At top level:
../src/main.c:257:6: warning: conflicting types for 'prvSetLEDHardware' [enabled by default]
../src/main.c:56:2: note: previous implicit declaration of 'prvSetLEDHardware' was here
../src/main.c: In function 'prvSetLEDHardware':
../src/main.c:260:2: error: unknown type name 'XGpioPs_Config'
../src/main.c:262:2: warning: implicit declaration of function 'XGpioPs_LookupConfig' [-Wimplicit-function-declaration]
../src/main.c:262:14: warning: assignment makes pointer from integer without a cast [enabled by default]
../src/main.c:263:2: warning: implicit declaration of function 'XGpioPs_CfgInitialize' [-Wimplicit-function-declaration]
../src/main.c:264:17: error: request for member 'BaseAddr' in something not a structure or union
../src/main.c:266:2: warning: implicit declaration of function 'XGpioPs_SetDirectionPin' [-Wimplicit-function-declaration]
../src/main.c:267:2: warning: implicit declaration of function 'XGpioPs_SetOutputEnablePin' [-Wimplicit-function-declaration]
../src/main.c:268:43: error: 'LD6' undeclared (first use in this function)
../src/main.c: At top level:
../src/main.c:19:13: warning: 'prvLed_Task' declared 'static' but never defined [-Wunused-function]
../src/main.c:28:25: warning: 'ConfigPtrPS' defined but not used [-Wunused-variable]
make: *** [src/main.o] Error 1
16:40:22 **** Auto Build of configuration Debug for project freertos_app_pendulum ****
make all 
Building file: ../src/main.c
Invoking: ARM gcc compiler
arm-xilinx-eabi-gcc -Wall -O0 -g3 -c -fmessage-length=0 -I../../freertos_zynq_bsp_0/ps7_cortexa9_0/include -MMD -MP -MF"src/main.d" -MT"src/main.d" -o "src/main.o" "../src/main.c"
../src/main.c:23:22: warning: extra tokens at end of #include directive [enabled by default]
../src/main.c: In function 'main':
../src/main.c:57:2: warning: implicit declaration of function 'prvSetLEDHardware' [-Wimplicit-function-declaration]
../src/main.c: In function 'update_value':
../src/main.c:90:36: error: 'LD6' undeclared (first use in this function)
../src/main.c:90:36: note: each undeclared identifier is reported only once for each function it appears in
../src/main.c: At top level:
../src/main.c:258:6: warning: conflicting types for 'prvSetLEDHardware' [enabled by default]
../src/main.c:57:2: note: previous implicit declaration of 'prvSetLEDHardware' was here
../src/main.c: In function 'prvSetLEDHardware':
src/subdir.mk:30: recipe for target 'src/main.o' failed
../src/main.c:269:43: error: 'LD6' undeclared (first use in this function)
../src/main.c: At top level:
../src/main.c:19:13: warning: 'prvLed_Task' declared 'static' but never defined [-Wunused-function]
../src/main.c:29:25: warning: 'ConfigPtrPS' defined but not used [-Wunused-variable]
make: *** [src/main.o] Error 1
16:40:24 **** Incremental Build of configuration Debug for project freertos_app_pendulum ****
make all 
Building file: ../src/main.c
Invoking: ARM gcc compiler
arm-xilinx-eabi-gcc -Wall -O0 -g3 -c -fmessage-length=0 -I../../freertos_zynq_bsp_0/ps7_cortexa9_0/include -MMD -MP -MF"src/main.d" -MT"src/main.d" -o "src/main.o" "../src/main.c"
../src/main.c:23:22: warning: extra tokens at end of #include directive [enabled by default]
src/subdir.mk:30: recipe for target 'src/main.o' failed
../src/main.c: In function 'main':
../src/main.c:57:2: warning: implicit declaration of function 'prvSetLEDHardware' [-Wimplicit-function-declaration]
../src/main.c: In function 'update_value':
../src/main.c:90:36: error: 'LD6' undeclared (first use in this function)
../src/main.c:90:36: note: each undeclared identifier is reported only once for each function it appears in
../src/main.c: At top level:
../src/main.c:258:6: warning: conflicting types for 'prvSetLEDHardware' [enabled by default]
../src/main.c:57:2: note: previous implicit declaration of 'prvSetLEDHardware' was here
../src/main.c: In function 'prvSetLEDHardware':
../src/main.c:269:43: error: 'LD6' undeclared (first use in this function)
../src/main.c: At top level:
../src/main.c:19:13: warning: 'prvLed_Task' declared 'static' but never defined [-Wunused-function]
../src/main.c:29:25: warning: 'ConfigPtrPS' defined but not used [-Wunused-variable]
make: *** [src/main.o] Error 1
16:40:25 **** Incremental Build of configuration Debug for project freertos_app_led ****
make all 
make: Nothing to be done for 'all'.
16:40:26 **** Incremental Build of configuration Debug for project standalone_app_emioled ****
make all 
make: Nothing to be done for 'all'.
16:40:46 **** Auto Build of configuration Debug for project freertos_app_pendulum ****
make all 
Building file: ../src/main.c
Invoking: ARM gcc compiler
arm-xilinx-eabi-gcc -Wall -O0 -g3 -c -fmessage-length=0 -I../../freertos_zynq_bsp_0/ps7_cortexa9_0/include -MMD -MP -MF"src/main.d" -MT"src/main.d" -o "src/main.o" "../src/main.c"
../src/main.c:23:22: warning: extra tokens at end of #include directive [enabled by default]
../src/main.c: In function 'main':
../src/main.c:58:2: warning: implicit declaration of function 'prvSetLEDHardware' [-Wimplicit-function-declaration]
../src/main.c: At top level:
../src/main.c:259:6: warning: conflicting types for 'prvSetLEDHardware' [enabled by default]
../src/main.c:58:2: note: previous implicit declaration of 'prvSetLEDHardware' was here
../src/main.c:19:13: warning: 'prvLed_Task' declared 'static' but never defined [-Wunused-function]
../src/main.c:30:25: warning: 'ConfigPtrPS' defined but not used [-Wunused-variable]
Finished building: ../src/main.c
 
Building target: freertos_app_pendulum.elf
Invoking: ARM gcc linker
arm-xilinx-eabi-gcc -Wl,-T -Wl,../src/lscript.ld -L../../freertos_zynq_bsp_0/ps7_cortexa9_0/lib -o "freertos_app_pendulum.elf"  ./src/SPI.o ./src/adc_dac.o ./src/encoder.o ./src/main.o   -Wl,--start-group,-lxil,-lfreertos,-lgcc,-lc,--end-group
Finished building target: freertos_app_pendulum.elf
 
Invoking: ARM Print Size
arm-xilinx-eabi-size freertos_app_pendulum.elf  |tee "freertos_app_pendulum.elf.size"
   text	   data	    bss	    dec	    hex	filename
  83752	   3096	  30332	 117180	  1c9bc	freertos_app_pendulum.elf
Finished building: freertos_app_pendulum.elf.size
 
16:40:49 **** Incremental Build of configuration Debug for project freertos_app_pendulum ****
make all 
make: Nothing to be done for 'all'.
16:40:50 **** Incremental Build of configuration Debug for project freertos_app_led ****
make all 
make: Nothing to be done for 'all'.
16:40:50 **** Incremental Build of configuration Debug for project standalone_app_emioled ****
make all 
make: Nothing to be done for 'all'.
16:40:54 **** Incremental Build of configuration Debug for project freertos_app_pendulum ****
make all 
make: Nothing to be done for 'all'.
16:40:54 **** Incremental Build of configuration Debug for project freertos_app_led ****
make all 
make: Nothing to be done for 'all'.
16:40:55 **** Incremental Build of configuration Debug for project standalone_app_emioled ****
make all 
make: Nothing to be done for 'all'.
16:41:19 **** Auto Build of configuration Debug for project freertos_app_pendulum ****
make all 
Building file: ../src/main.c
Invoking: ARM gcc compiler
arm-xilinx-eabi-gcc -Wall -O0 -g3 -c -fmessage-length=0 -I../../freertos_zynq_bsp_0/ps7_cortexa9_0/include -MMD -MP -MF"src/main.d" -MT"src/main.d" -o "src/main.o" "../src/main.c"
../src/main.c:23:22: warning: extra tokens at end of #include directive [enabled by default]
../src/main.c: In function 'main':
../src/main.c:58:2: warning: implicit declaration of function 'prvSetLEDHardware' [-Wimplicit-function-declaration]
../src/main.c: At top level:
../src/main.c:175:6: warning: conflicting types for 'prvSetLEDHardware' [enabled by default]
../src/main.c:58:2: note: previous implicit declaration of 'prvSetLEDHardware' was here
../src/main.c:19:13: warning: 'prvLed_Task' declared 'static' but never defined [-Wunused-function]
../src/main.c:30:25: warning: 'ConfigPtrPS' defined but not used [-Wunused-variable]
Finished building: ../src/main.c
 
Building target: freertos_app_pendulum.elf
Invoking: ARM gcc linker
arm-xilinx-eabi-gcc -Wl,-T -Wl,../src/lscript.ld -L../../freertos_zynq_bsp_0/ps7_cortexa9_0/lib -o "freertos_app_pendulum.elf"  ./src/SPI.o ./src/adc_dac.o ./src/encoder.o ./src/main.o   -Wl,--start-group,-lxil,-lfreertos,-lgcc,-lc,--end-group
Finished building target: freertos_app_pendulum.elf
 
Invoking: ARM Print Size
arm-xilinx-eabi-size freertos_app_pendulum.elf  |tee "freertos_app_pendulum.elf.size"
   text	   data	    bss	    dec	    hex	filename
  83752	   3096	  30332	 117180	  1c9bc	freertos_app_pendulum.elf
Finished building: freertos_app_pendulum.elf.size
 
16:41:48 **** Auto Build of configuration Debug for project freertos_app_pendulum ****
make all 
Building file: ../src/main.c
Invoking: ARM gcc compiler
arm-xilinx-eabi-gcc -Wall -O0 -g3 -c -fmessage-length=0 -I../../freertos_zynq_bsp_0/ps7_cortexa9_0/include -MMD -MP -MF"src/main.d" -MT"src/main.d" -o "src/main.o" "../src/main.c"
../src/main.c:23:22: warning: extra tokens at end of #include directive [enabled by default]
../src/main.c: In function 'main':
../src/main.c:58:2: warning: implicit declaration of function 'prvSetLEDHardware' [-Wimplicit-function-declaration]
../src/main.c: At top level:
../src/main.c:163:6: warning: conflicting types for 'prvSetLEDHardware' [enabled by default]
../src/main.c:58:2: note: previous implicit declaration of 'prvSetLEDHardware' was here
../src/main.c:19:13: warning: 'prvLed_Task' declared 'static' but never defined [-Wunused-function]
../src/main.c:30:25: warning: 'ConfigPtrPS' defined but not used [-Wunused-variable]
Finished building: ../src/main.c
 
Building target: freertos_app_pendulum.elf
Invoking: ARM gcc linker
arm-xilinx-eabi-gcc -Wl,-T -Wl,../src/lscript.ld -L../../freertos_zynq_bsp_0/ps7_cortexa9_0/lib -o "freertos_app_pendulum.elf"  ./src/SPI.o ./src/adc_dac.o ./src/encoder.o ./src/main.o   -Wl,--start-group,-lxil,-lfreertos,-lgcc,-lc,--end-group
Finished building target: freertos_app_pendulum.elf
 
Invoking: ARM Print Size
arm-xilinx-eabi-size freertos_app_pendulum.elf  |tee "freertos_app_pendulum.elf.size"
   text	   data	    bss	    dec	    hex	filename
  83752	   3096	  30332	 117180	  1c9bc	freertos_app_pendulum.elf
Finished building: freertos_app_pendulum.elf.size
 
16:41:55 **** Auto Build of configuration Debug for project freertos_app_pendulum ****
make all 
Building file: ../src/main.c
Invoking: ARM gcc compiler
arm-xilinx-eabi-gcc -Wall -O0 -g3 -c -fmessage-length=0 -I../../freertos_zynq_bsp_0/ps7_cortexa9_0/include -MMD -MP -MF"src/main.d" -MT"src/main.d" -o "src/main.o" "../src/main.c"
../src/main.c:23:22: warning: extra tokens at end of #include directive [enabled by default]
../src/main.c: In function 'main':
../src/main.c:58:2: warning: implicit declaration of function 'prvSetLEDHardware' [-Wimplicit-function-declaration]
../src/main.c: At top level:
../src/main.c:162:6: warning: conflicting types for 'prvSetLEDHardware' [enabled by default]
../src/main.c:58:2: note: previous implicit declaration of 'prvSetLEDHardware' was here
../src/main.c:19:13: warning: 'prvLed_Task' declared 'static' but never defined [-Wunused-function]
../src/main.c:30:25: warning: 'ConfigPtrPS' defined but not used [-Wunused-variable]
Finished building: ../src/main.c
 
Building target: freertos_app_pendulum.elf
Invoking: ARM gcc linker
arm-xilinx-eabi-gcc -Wl,-T -Wl,../src/lscript.ld -L../../freertos_zynq_bsp_0/ps7_cortexa9_0/lib -o "freertos_app_pendulum.elf"  ./src/SPI.o ./src/adc_dac.o ./src/encoder.o ./src/main.o   -Wl,--start-group,-lxil,-lfreertos,-lgcc,-lc,--end-group
Finished building target: freertos_app_pendulum.elf
 
Invoking: ARM Print Size
arm-xilinx-eabi-size freertos_app_pendulum.elf  |tee "freertos_app_pendulum.elf.size"
   text	   data	    bss	    dec	    hex	filename
  83752	   3096	  30332	 117180	  1c9bc	freertos_app_pendulum.elf
Finished building: freertos_app_pendulum.elf.size
 
16:45:43 **** Auto Build of configuration Debug for project freertos_app_pendulum ****
make all 
make: Nothing to be done for 'all'.
16:46:21 **** Auto Build of configuration Debug for project freertos_app_pendulum ****
make all 
make: Nothing to be done for 'all'.
16:46:31 **** Auto Build of configuration Debug for project freertos_app_pendulum ****
make all 
make: Nothing to be done for 'all'.
16:46:50 **** Auto Build of configuration Debug for project freertos_app_pendulum ****
make all 
make: Nothing to be done for 'all'.
16:47:04 **** Auto Build of configuration Debug for project freertos_app_pendulum ****
make all 
Building file: ../src/SPI.c
Invoking: ARM gcc compiler
arm-xilinx-eabi-gcc -Wall -O0 -g3 -c -fmessage-length=0 -I../../freertos_zynq_bsp_0/ps7_cortexa9_0/include -MMD -MP -MF"src/SPI.d" -MT"src/SPI.d" -o "src/SPI.o" "../src/SPI.c"
In file included from ../src/SPI.c:10:0:
../src/SPI.h:43:27: error: unknown type name 'XGpioPs'
../src/SPI.c:24:27: error: unknown type name 'XGpioPs'
src/subdir.mk:30: recipe for target 'src/SPI.o' failed
make: *** [src/SPI.o] Error 1
16:47:42 **** Auto Build of configuration Debug for project freertos_app_pendulum ****
make all 
Building file: ../src/SPI.c
Invoking: ARM gcc compiler
arm-xilinx-eabi-gcc -Wall -O0 -g3 -c -fmessage-length=0 -I../../freertos_zynq_bsp_0/ps7_cortexa9_0/include -MMD -MP -MF"src/SPI.d" -MT"src/SPI.d" -o "src/SPI.o" "../src/SPI.c"
In file included from ../src/SPI.c:10:0:
../src/SPI.h:43:27: error: unknown type name 'XGpioPs'
../src/SPI.c:24:27: error: unknown type name 'XGpioPs'
src/subdir.mk:30: recipe for target 'src/SPI.o' failed
make: *** [src/SPI.o] Error 1
16:47:46 **** Auto Build of configuration Debug for project freertos_app_pendulum ****
make all 
Building file: ../src/SPI.c
Invoking: ARM gcc compiler
arm-xilinx-eabi-gcc -Wall -O0 -g3 -c -fmessage-length=0 -I../../freertos_zynq_bsp_0/ps7_cortexa9_0/include -MMD -MP -MF"src/SPI.d" -MT"src/SPI.d" -o "src/SPI.o" "../src/SPI.c"
In file included from ../src/SPI.c:10:0:
../src/SPI.h:17:21: warning: extra tokens at end of #include directive [enabled by default]
Finished building: ../src/SPI.c
 
Building file: ../src/main.c
Invoking: ARM gcc compiler
arm-xilinx-eabi-gcc -Wall -O0 -g3 -c -fmessage-length=0 -I../../freertos_zynq_bsp_0/ps7_cortexa9_0/include -MMD -MP -MF"src/main.d" -MT"src/main.d" -o "src/main.o" "../src/main.c"
In file included from ../src/main.c:12:0:
../src/SPI.h:17:21: warning: extra tokens at end of #include directive [enabled by default]
../src/main.c: In function 'main':
../src/main.c:57:2: warning: implicit declaration of function 'prvSetLEDHardware' [-Wimplicit-function-declaration]
../src/main.c: At top level:
../src/main.c:161:6: warning: conflicting types for 'prvSetLEDHardware' [enabled by default]
../src/main.c:57:2: note: previous implicit declaration of 'prvSetLEDHardware' was here
../src/main.c:19:13: warning: 'prvLed_Task' declared 'static' but never defined [-Wunused-function]
../src/main.c:29:25: warning: 'ConfigPtrPS' defined but not used [-Wunused-variable]
Finished building: ../src/main.c
 
Building target: freertos_app_pendulum.elf
Invoking: ARM gcc linker
arm-xilinx-eabi-gcc -Wl,-T -Wl,../src/lscript.ld -L../../freertos_zynq_bsp_0/ps7_cortexa9_0/lib -o "freertos_app_pendulum.elf"  ./src/SPI.o ./src/adc_dac.o ./src/encoder.o ./src/main.o   -Wl,--start-group,-lxil,-lfreertos,-lgcc,-lc,--end-group
Finished building target: freertos_app_pendulum.elf
 
Invoking: ARM Print Size
arm-xilinx-eabi-size freertos_app_pendulum.elf  |tee "freertos_app_pendulum.elf.size"
   text	   data	    bss	    dec	    hex	filename
  83784	   3096	  30332	 117212	  1c9dc	freertos_app_pendulum.elf
Finished building: freertos_app_pendulum.elf.size
 
16:55:15 **** Incremental Build of configuration Debug for project freertos_app_pendulum ****
make all 
make: Nothing to be done for 'all'.
16:55:15 **** Incremental Build of configuration Debug for project freertos_app_led ****
make all 
make: Nothing to be done for 'all'.
16:55:16 **** Incremental Build of configuration Debug for project standalone_app_emioled ****
make all 
make: Nothing to be done for 'all'.
16:55:58 **** Auto Build of configuration Debug for project freertos_app_pendulum ****
make all 
Building file: ../src/SPI.c
Invoking: ARM gcc compiler
arm-xilinx-eabi-gcc -Wall -O0 -g3 -c -fmessage-length=0 -I../../freertos_zynq_bsp_0/ps7_cortexa9_0/include -MMD -MP -MF"src/SPI.d" -MT"src/SPI.d" -o "src/SPI.o" "../src/SPI.c"
In file included from ../src/SPI.c:10:0:
../src/SPI.h:17:21: warning: extra tokens at end of #include directive [enabled by default]
../src/SPI.c:24:6: error: conflicting types for 'setupDebugLatancyLED'
In file included from ../src/SPI.c:10:0:
../src/SPI.h:44:6: note: previous declaration of 'setupDebugLatancyLED' was here
src/subdir.mk:30: recipe for target 'src/SPI.o' failed
make: *** [src/SPI.o] Error 1
16:56:04 **** Auto Build of configuration Debug for project freertos_app_pendulum ****
make all 
Building file: ../src/SPI.c
Invoking: ARM gcc compiler
arm-xilinx-eabi-gcc -Wall -O0 -g3 -c -fmessage-length=0 -I../../freertos_zynq_bsp_0/ps7_cortexa9_0/include -MMD -MP -MF"src/SPI.d" -MT"src/SPI.d" -o "src/SPI.o" "../src/SPI.c"
In file included from ../src/SPI.c:10:0:
../src/SPI.h:17:21: warning: extra tokens at end of #include directive [enabled by default]
Finished building: ../src/SPI.c
 
Building target: freertos_app_pendulum.elf
Invoking: ARM gcc linker
arm-xilinx-eabi-gcc -Wl,-T -Wl,../src/lscript.ld -L../../freertos_zynq_bsp_0/ps7_cortexa9_0/lib -o "freertos_app_pendulum.elf"  ./src/SPI.o ./src/adc_dac.o ./src/encoder.o ./src/main.o   -Wl,--start-group,-lxil,-lfreertos,-lgcc,-lc,--end-group
Finished building target: freertos_app_pendulum.elf
 
Invoking: ARM Print Size
arm-xilinx-eabi-size freertos_app_pendulum.elf  |tee "freertos_app_pendulum.elf.size"
   text	   data	    bss	    dec	    hex	filename
  83784	   3096	  30332	 117212	  1c9dc	freertos_app_pendulum.elf
Finished building: freertos_app_pendulum.elf.size
 
16:56:45 **** Auto Build of configuration Debug for project freertos_app_pendulum ****
make all 
Building file: ../src/SPI.c
Invoking: ARM gcc compiler
arm-xilinx-eabi-gcc -Wall -O0 -g3 -c -fmessage-length=0 -I../../freertos_zynq_bsp_0/ps7_cortexa9_0/include -MMD -MP -MF"src/SPI.d" -MT"src/SPI.d" -o "src/SPI.o" "../src/SPI.c"
In file included from ../src/SPI.c:10:0:
../src/SPI.h:17:21: warning: extra tokens at end of #include directive [enabled by default]
../src/SPI.c:26:1: error: expected '=', ',', ';', 'asm' or '__attribute__' before 'void'
src/subdir.mk:30: recipe for target 'src/SPI.o' failed
make: *** [src/SPI.o] Error 1
16:56:49 **** Auto Build of configuration Debug for project freertos_app_pendulum ****
make all 
Building file: ../src/SPI.c
Invoking: ARM gcc compiler
arm-xilinx-eabi-gcc -Wall -O0 -g3 -c -fmessage-length=0 -I../../freertos_zynq_bsp_0/ps7_cortexa9_0/include -MMD -MP -MF"src/SPI.d" -MT"src/SPI.d" -o "src/SPI.o" "../src/SPI.c"
In file included from ../src/SPI.c:10:0:
../src/SPI.h:17:21: warning: extra tokens at end of #include directive [enabled by default]
Finished building: ../src/SPI.c
 
Building target: freertos_app_pendulum.elf
Invoking: ARM gcc linker
arm-xilinx-eabi-gcc -Wl,-T -Wl,../src/lscript.ld -L../../freertos_zynq_bsp_0/ps7_cortexa9_0/lib -o "freertos_app_pendulum.elf"  ./src/SPI.o ./src/adc_dac.o ./src/encoder.o ./src/main.o   -Wl,--start-group,-lxil,-lfreertos,-lgcc,-lc,--end-group
Finished building target: freertos_app_pendulum.elf
 
Invoking: ARM Print Size
arm-xilinx-eabi-size freertos_app_pendulum.elf  |tee "freertos_app_pendulum.elf.size"
   text	   data	    bss	    dec	    hex	filename
  83784	   3096	  30332	 117212	  1c9dc	freertos_app_pendulum.elf
Finished building: freertos_app_pendulum.elf.size
 
16:56:52 **** Auto Build of configuration Debug for project freertos_app_pendulum ****
make all 
Building file: ../src/SPI.c
Invoking: ARM gcc compiler
arm-xilinx-eabi-gcc -Wall -O0 -g3 -c -fmessage-length=0 -I../../freertos_zynq_bsp_0/ps7_cortexa9_0/include -MMD -MP -MF"src/SPI.d" -MT"src/SPI.d" -o "src/SPI.o" "../src/SPI.c"
In file included from ../src/SPI.c:10:0:
../src/SPI.h:17:21: warning: extra tokens at end of #include directive [enabled by default]
../src/SPI.c:24:17: warning: 'debugXgpiopsLED' defined but not used [-Wunused-variable]
Finished building: ../src/SPI.c
 
Building target: freertos_app_pendulum.elf
Invoking: ARM gcc linker
arm-xilinx-eabi-gcc -Wl,-T -Wl,../src/lscript.ld -L../../freertos_zynq_bsp_0/ps7_cortexa9_0/lib -o "freertos_app_pendulum.elf"  ./src/SPI.o ./src/adc_dac.o ./src/encoder.o ./src/main.o   -Wl,--start-group,-lxil,-lfreertos,-lgcc,-lc,--end-group
Finished building target: freertos_app_pendulum.elf
 
Invoking: ARM Print Size
arm-xilinx-eabi-size freertos_app_pendulum.elf  |tee "freertos_app_pendulum.elf.size"
   text	   data	    bss	    dec	    hex	filename
  83784	   3096	  30332	 117212	  1c9dc	freertos_app_pendulum.elf
Finished building: freertos_app_pendulum.elf.size
 
16:57:00 **** Auto Build of configuration Debug for project freertos_app_pendulum ****
make all 
Building file: ../src/SPI.c
Invoking: ARM gcc compiler
arm-xilinx-eabi-gcc -Wall -O0 -g3 -c -fmessage-length=0 -I../../freertos_zynq_bsp_0/ps7_cortexa9_0/include -MMD -MP -MF"src/SPI.d" -MT"src/SPI.d" -o "src/SPI.o" "../src/SPI.c"
In file included from ../src/SPI.c:10:0:
../src/SPI.h:17:21: warning: extra tokens at end of #include directive [enabled by default]
Finished building: ../src/SPI.c
 
Building target: freertos_app_pendulum.elf
Invoking: ARM gcc linker
arm-xilinx-eabi-gcc -Wl,-T -Wl,../src/lscript.ld -L../../freertos_zynq_bsp_0/ps7_cortexa9_0/lib -o "freertos_app_pendulum.elf"  ./src/SPI.o ./src/adc_dac.o ./src/encoder.o ./src/main.o   -Wl,--start-group,-lxil,-lfreertos,-lgcc,-lc,--end-group
Finished building target: freertos_app_pendulum.elf
 
Invoking: ARM Print Size
arm-xilinx-eabi-size freertos_app_pendulum.elf  |tee "freertos_app_pendulum.elf.size"
   text	   data	    bss	    dec	    hex	filename
  83800	   3096	  30332	 117228	  1c9ec	freertos_app_pendulum.elf
Finished building: freertos_app_pendulum.elf.size
 
16:57:07 **** Auto Build of configuration Debug for project freertos_app_pendulum ****
make all 
Building file: ../src/SPI.c
Invoking: ARM gcc compiler
arm-xilinx-eabi-gcc -Wall -O0 -g3 -c -fmessage-length=0 -I../../freertos_zynq_bsp_0/ps7_cortexa9_0/include -MMD -MP -MF"src/SPI.d" -MT"src/SPI.d" -o "src/SPI.o" "../src/SPI.c"
In file included from ../src/SPI.c:10:0:
../src/SPI.h:17:21: warning: extra tokens at end of #include directive [enabled by default]
../src/SPI.c:25:8: warning: type defaults to 'int' in declaration of 'debugLEDnum' [-Wimplicit-int]
../src/SPI.c:25:8: warning: 'debugLEDnum' defined but not used [-Wunused-variable]
Finished building: ../src/SPI.c
 
Building target: freertos_app_pendulum.elf
Invoking: ARM gcc linker
arm-xilinx-eabi-gcc -Wl,-T -Wl,../src/lscript.ld -L../../freertos_zynq_bsp_0/ps7_cortexa9_0/lib -o "freertos_app_pendulum.elf"  ./src/SPI.o ./src/adc_dac.o ./src/encoder.o ./src/main.o   -Wl,--start-group,-lxil,-lfreertos,-lgcc,-lc,--end-group
Finished building target: freertos_app_pendulum.elf
 
Invoking: ARM Print Size
arm-xilinx-eabi-size freertos_app_pendulum.elf  |tee "freertos_app_pendulum.elf.size"
   text	   data	    bss	    dec	    hex	filename
  83800	   3096	  30332	 117228	  1c9ec	freertos_app_pendulum.elf
Finished building: freertos_app_pendulum.elf.size
 
16:57:14 **** Auto Build of configuration Debug for project freertos_app_pendulum ****
make all 
Building file: ../src/SPI.c
Invoking: ARM gcc compiler
arm-xilinx-eabi-gcc -Wall -O0 -g3 -c -fmessage-length=0 -I../../freertos_zynq_bsp_0/ps7_cortexa9_0/include -MMD -MP -MF"src/SPI.d" -MT"src/SPI.d" -o "src/SPI.o" "../src/SPI.c"
In file included from ../src/SPI.c:10:0:
../src/SPI.h:17:21: warning: extra tokens at end of #include directive [enabled by default]
../src/SPI.c:25:8: warning: type defaults to 'int' in declaration of 'debugLEDnum' [-Wimplicit-int]
Finished building: ../src/SPI.c
 
Building target: freertos_app_pendulum.elf
Invoking: ARM gcc linker
arm-xilinx-eabi-gcc -Wl,-T -Wl,../src/lscript.ld -L../../freertos_zynq_bsp_0/ps7_cortexa9_0/lib -o "freertos_app_pendulum.elf"  ./src/SPI.o ./src/adc_dac.o ./src/encoder.o ./src/main.o   -Wl,--start-group,-lxil,-lfreertos,-lgcc,-lc,--end-group
Finished building target: freertos_app_pendulum.elf
 
Invoking: ARM Print Size
arm-xilinx-eabi-size freertos_app_pendulum.elf  |tee "freertos_app_pendulum.elf.size"
   text	   data	    bss	    dec	    hex	filename
  83816	   3096	  30332	 117244	  1c9fc	freertos_app_pendulum.elf
Finished building: freertos_app_pendulum.elf.size
 
16:58:16 **** Auto Build of configuration Debug for project freertos_app_pendulum ****
make all 
Building file: ../src/SPI.c
Invoking: ARM gcc compiler
arm-xilinx-eabi-gcc -Wall -O0 -g3 -c -fmessage-length=0 -I../../freertos_zynq_bsp_0/ps7_cortexa9_0/include -MMD -MP -MF"src/SPI.d" -MT"src/SPI.d" -o "src/SPI.o" "../src/SPI.c"
In file included from ../src/SPI.c:10:0:
../src/SPI.h:17:21: warning: extra tokens at end of #include directive [enabled by default]
../src/SPI.c:25:8: warning: type defaults to 'int' in declaration of 'debugLEDnum' [-Wimplicit-int]
Finished building: ../src/SPI.c
 
Building target: freertos_app_pendulum.elf
Invoking: ARM gcc linker
arm-xilinx-eabi-gcc -Wl,-T -Wl,../src/lscript.ld -L../../freertos_zynq_bsp_0/ps7_cortexa9_0/lib -o "freertos_app_pendulum.elf"  ./src/SPI.o ./src/adc_dac.o ./src/encoder.o ./src/main.o   -Wl,--start-group,-lxil,-lfreertos,-lgcc,-lc,--end-group
Finished building target: freertos_app_pendulum.elf
 
Invoking: ARM Print Size
arm-xilinx-eabi-size freertos_app_pendulum.elf  |tee "freertos_app_pendulum.elf.size"
   text	   data	    bss	    dec	    hex	filename
  83816	   3096	  30332	 117244	  1c9fc	freertos_app_pendulum.elf
Finished building: freertos_app_pendulum.elf.size
 
16:59:56 **** Auto Build of configuration Debug for project freertos_app_pendulum ****
make all 
Building file: ../src/SPI.c
Invoking: ARM gcc compiler
arm-xilinx-eabi-gcc -Wall -O0 -g3 -c -fmessage-length=0 -I../../freertos_zynq_bsp_0/ps7_cortexa9_0/include -MMD -MP -MF"src/SPI.d" -MT"src/SPI.d" -o "src/SPI.o" "../src/SPI.c"
In file included from ../src/SPI.c:10:0:
../src/SPI.h:17:21: warning: extra tokens at end of #include directive [enabled by default]
../src/SPI.c:26:8: warning: type defaults to 'int' in declaration of 'debugLEDnum' [-Wimplicit-int]
../src/SPI.c:24:12: warning: 'debugLED' defined but not used [-Wunused-variable]
Finished building: ../src/SPI.c
 
Building target: freertos_app_pendulum.elf
Invoking: ARM gcc linker
arm-xilinx-eabi-gcc -Wl,-T -Wl,../src/lscript.ld -L../../freertos_zynq_bsp_0/ps7_cortexa9_0/lib -o "freertos_app_pendulum.elf"  ./src/SPI.o ./src/adc_dac.o ./src/encoder.o ./src/main.o   -Wl,--start-group,-lxil,-lfreertos,-lgcc,-lc,--end-group
Finished building target: freertos_app_pendulum.elf
 
Invoking: ARM Print Size
arm-xilinx-eabi-size freertos_app_pendulum.elf  |tee "freertos_app_pendulum.elf.size"
   text	   data	    bss	    dec	    hex	filename
  83816	   3096	  30348	 117260	  1ca0c	freertos_app_pendulum.elf
Finished building: freertos_app_pendulum.elf.size
 
17:00:00 **** Auto Build of configuration Debug for project freertos_app_pendulum ****
make all 
Building file: ../src/SPI.c
Invoking: ARM gcc compiler
arm-xilinx-eabi-gcc -Wall -O0 -g3 -c -fmessage-length=0 -I../../freertos_zynq_bsp_0/ps7_cortexa9_0/include -MMD -MP -MF"src/SPI.d" -MT"src/SPI.d" -o "src/SPI.o" "../src/SPI.c"
In file included from ../src/SPI.c:10:0:
../src/SPI.h:17:21: warning: extra tokens at end of #include directive [enabled by default]
../src/SPI.c:25:8: warning: type defaults to 'int' in declaration of 'debugLEDnum' [-Wimplicit-int]
Finished building: ../src/SPI.c
 
Building target: freertos_app_pendulum.elf
Invoking: ARM gcc linker
arm-xilinx-eabi-gcc -Wl,-T -Wl,../src/lscript.ld -L../../freertos_zynq_bsp_0/ps7_cortexa9_0/lib -o "freertos_app_pendulum.elf"  ./src/SPI.o ./src/adc_dac.o ./src/encoder.o ./src/main.o   -Wl,--start-group,-lxil,-lfreertos,-lgcc,-lc,--end-group
Finished building target: freertos_app_pendulum.elf
 
Invoking: ARM Print Size
arm-xilinx-eabi-size freertos_app_pendulum.elf  |tee "freertos_app_pendulum.elf.size"
   text	   data	    bss	    dec	    hex	filename
  83816	   3096	  30332	 117244	  1c9fc	freertos_app_pendulum.elf
Finished building: freertos_app_pendulum.elf.size
 
17:00:03 **** Auto Build of configuration Debug for project freertos_app_pendulum ****
make all 
Building file: ../src/SPI.c
Invoking: ARM gcc compiler
arm-xilinx-eabi-gcc -Wall -O0 -g3 -c -fmessage-length=0 -I../../freertos_zynq_bsp_0/ps7_cortexa9_0/include -MMD -MP -MF"src/SPI.d" -MT"src/SPI.d" -o "src/SPI.o" "../src/SPI.c"
In file included from ../src/SPI.c:10:0:
../src/SPI.h:17:21: warning: extra tokens at end of #include directive [enabled by default]
../src/SPI.c:26:8: warning: type defaults to 'int' in declaration of 'debugLEDnum' [-Wimplicit-int]
../src/SPI.c:24:12: warning: 'debugLED' defined but not used [-Wunused-variable]
Finished building: ../src/SPI.c
 
Building target: freertos_app_pendulum.elf
Invoking: ARM gcc linker
arm-xilinx-eabi-gcc -Wl,-T -Wl,../src/lscript.ld -L../../freertos_zynq_bsp_0/ps7_cortexa9_0/lib -o "freertos_app_pendulum.elf"  ./src/SPI.o ./src/adc_dac.o ./src/encoder.o ./src/main.o   -Wl,--start-group,-lxil,-lfreertos,-lgcc,-lc,--end-group
Finished building target: freertos_app_pendulum.elf
 
Invoking: ARM Print Size
arm-xilinx-eabi-size freertos_app_pendulum.elf  |tee "freertos_app_pendulum.elf.size"
   text	   data	    bss	    dec	    hex	filename
  83816	   3096	  30348	 117260	  1ca0c	freertos_app_pendulum.elf
Finished building: freertos_app_pendulum.elf.size
 
17:00:14 **** Auto Build of configuration Debug for project freertos_app_pendulum ****
make all 
Building file: ../src/SPI.c
Invoking: ARM gcc compiler
arm-xilinx-eabi-gcc -Wall -O0 -g3 -c -fmessage-length=0 -I../../freertos_zynq_bsp_0/ps7_cortexa9_0/include -MMD -MP -MF"src/SPI.d" -MT"src/SPI.d" -o "src/SPI.o" "../src/SPI.c"
In file included from ../src/SPI.c:10:0:
../src/SPI.h:17:21: warning: extra tokens at end of #include directive [enabled by default]
../src/SPI.c:26:8: warning: type defaults to 'int' in declaration of 'debugLEDnum' [-Wimplicit-int]
Finished building: ../src/SPI.c
 
Building target: freertos_app_pendulum.elf
Invoking: ARM gcc linker
arm-xilinx-eabi-gcc -Wl,-T -Wl,../src/lscript.ld -L../../freertos_zynq_bsp_0/ps7_cortexa9_0/lib -o "freertos_app_pendulum.elf"  ./src/SPI.o ./src/adc_dac.o ./src/encoder.o ./src/main.o   -Wl,--start-group,-lxil,-lfreertos,-lgcc,-lc,--end-group
Finished building target: freertos_app_pendulum.elf
 
Invoking: ARM Print Size
arm-xilinx-eabi-size freertos_app_pendulum.elf  |tee "freertos_app_pendulum.elf.size"
   text	   data	    bss	    dec	    hex	filename
  83832	   3096	  30348	 117276	  1ca1c	freertos_app_pendulum.elf
Finished building: freertos_app_pendulum.elf.size
 
17:00:52 **** Auto Build of configuration Debug for project freertos_app_pendulum ****
make all 
Building file: ../src/SPI.c
Invoking: ARM gcc compiler
arm-xilinx-eabi-gcc -Wall -O0 -g3 -c -fmessage-length=0 -I../../freertos_zynq_bsp_0/ps7_cortexa9_0/include -MMD -MP -MF"src/SPI.d" -MT"src/SPI.d" -o "src/SPI.o" "../src/SPI.c"
In file included from ../src/SPI.c:10:0:
../src/SPI.h:17:21: warning: extra tokens at end of #include directive [enabled by default]
../src/SPI.c:26:8: warning: type defaults to 'int' in declaration of 'debugLEDnum' [-Wimplicit-int]
src/subdir.mk:30: recipe for target 'src/SPI.o' failed
../src/SPI.c: In function 'spiMonitorTask':
../src/SPI.c:213:50: error: 'LD6' undeclared (first use in this function)
../src/SPI.c:213:50: note: each undeclared identifier is reported only once for each function it appears in
make: *** [src/SPI.o] Error 1
17:00:59 **** Auto Build of configuration Debug for project freertos_app_pendulum ****
make all 
Building file: ../src/SPI.c
Invoking: ARM gcc compiler
arm-xilinx-eabi-gcc -Wall -O0 -g3 -c -fmessage-length=0 -I../../freertos_zynq_bsp_0/ps7_cortexa9_0/include -MMD -MP -MF"src/SPI.d" -MT"src/SPI.d" -o "src/SPI.o" "../src/SPI.c"
In file included from ../src/SPI.c:10:0:
../src/SPI.h:17:21: warning: extra tokens at end of #include directive [enabled by default]
../src/SPI.c:26:8: warning: type defaults to 'int' in declaration of 'debugLEDnum' [-Wimplicit-int]
Finished building: ../src/SPI.c
 
Building target: freertos_app_pendulum.elf
Invoking: ARM gcc linker
arm-xilinx-eabi-gcc -Wl,-T -Wl,../src/lscript.ld -L../../freertos_zynq_bsp_0/ps7_cortexa9_0/lib -o "freertos_app_pendulum.elf"  ./src/SPI.o ./src/adc_dac.o ./src/encoder.o ./src/main.o   -Wl,--start-group,-lxil,-lfreertos,-lgcc,-lc,--end-group
Finished building target: freertos_app_pendulum.elf
 
Invoking: ARM Print Size
arm-xilinx-eabi-size freertos_app_pendulum.elf  |tee "freertos_app_pendulum.elf.size"
   text	   data	    bss	    dec	    hex	filename
  83888	   3096	  30348	 117332	  1ca54	freertos_app_pendulum.elf
Finished building: freertos_app_pendulum.elf.size
 
17:01:02 **** Auto Build of configuration Debug for project freertos_app_pendulum ****
make all 
Building file: ../src/SPI.c
Invoking: ARM gcc compiler
arm-xilinx-eabi-gcc -Wall -O0 -g3 -c -fmessage-length=0 -I../../freertos_zynq_bsp_0/ps7_cortexa9_0/include -MMD -MP -MF"src/SPI.d" -MT"src/SPI.d" -o "src/SPI.o" "../src/SPI.c"
In file included from ../src/SPI.c:10:0:
../src/SPI.h:17:21: warning: extra tokens at end of #include directive [enabled by default]
../src/SPI.c:26:8: warning: type defaults to 'int' in declaration of 'debugLEDnum' [-Wimplicit-int]
Finished building: ../src/SPI.c
 
Building target: freertos_app_pendulum.elf
Invoking: ARM gcc linker
arm-xilinx-eabi-gcc -Wl,-T -Wl,../src/lscript.ld -L../../freertos_zynq_bsp_0/ps7_cortexa9_0/lib -o "freertos_app_pendulum.elf"  ./src/SPI.o ./src/adc_dac.o ./src/encoder.o ./src/main.o   -Wl,--start-group,-lxil,-lfreertos,-lgcc,-lc,--end-group
Finished building target: freertos_app_pendulum.elf
 
Invoking: ARM Print Size
arm-xilinx-eabi-size freertos_app_pendulum.elf  |tee "freertos_app_pendulum.elf.size"
   text	   data	    bss	    dec	    hex	filename
  83888	   3096	  30348	 117332	  1ca54	freertos_app_pendulum.elf
Finished building: freertos_app_pendulum.elf.size
 
17:01:29 **** Auto Build of configuration Debug for project freertos_app_pendulum ****
make all 
Building file: ../src/main.c
Invoking: ARM gcc compiler
arm-xilinx-eabi-gcc -Wall -O0 -g3 -c -fmessage-length=0 -I../../freertos_zynq_bsp_0/ps7_cortexa9_0/include -MMD -MP -MF"src/main.d" -MT"src/main.d" -o "src/main.o" "../src/main.c"
In file included from ../src/main.c:12:0:
../src/SPI.h:17:21: warning: extra tokens at end of #include directive [enabled by default]
../src/main.c: In function 'main':
../src/main.c:57:2: warning: implicit declaration of function 'prvSetLEDHardware' [-Wimplicit-function-declaration]
../src/main.c: At top level:
../src/main.c:162:6: warning: conflicting types for 'prvSetLEDHardware' [enabled by default]
../src/main.c:57:2: note: previous implicit declaration of 'prvSetLEDHardware' was here
../src/main.c:19:13: warning: 'prvLed_Task' declared 'static' but never defined [-Wunused-function]
../src/main.c:29:25: warning: 'ConfigPtrPS' defined but not used [-Wunused-variable]
Finished building: ../src/main.c
 
Building target: freertos_app_pendulum.elf
Invoking: ARM gcc linker
arm-xilinx-eabi-gcc -Wl,-T -Wl,../src/lscript.ld -L../../freertos_zynq_bsp_0/ps7_cortexa9_0/lib -o "freertos_app_pendulum.elf"  ./src/SPI.o ./src/adc_dac.o ./src/encoder.o ./src/main.o   -Wl,--start-group,-lxil,-lfreertos,-lgcc,-lc,--end-group
Finished building target: freertos_app_pendulum.elf
 
Invoking: ARM Print Size
arm-xilinx-eabi-size freertos_app_pendulum.elf  |tee "freertos_app_pendulum.elf.size"
   text	   data	    bss	    dec	    hex	filename
  83888	   3096	  30348	 117332	  1ca54	freertos_app_pendulum.elf
Finished building: freertos_app_pendulum.elf.size
 
17:01:57 **** Auto Build of configuration Debug for project freertos_app_pendulum ****
make all 
Building file: ../src/main.c
Invoking: ARM gcc compiler
arm-xilinx-eabi-gcc -Wall -O0 -g3 -c -fmessage-length=0 -I../../freertos_zynq_bsp_0/ps7_cortexa9_0/include -MMD -MP -MF"src/main.d" -MT"src/main.d" -o "src/main.o" "../src/main.c"
In file included from ../src/main.c:12:0:
../src/SPI.h:17:21: warning: extra tokens at end of #include directive [enabled by default]
../src/main.c: In function 'main':
../src/main.c:57:2: warning: implicit declaration of function 'prvSetLEDHardware' [-Wimplicit-function-declaration]
src/subdir.mk:30: recipe for target 'src/main.o' failed
../src/main.c:58:44: error: expected ')' before 'int'
../src/main.c:63:16: error: 'mySpi' undeclared (first use in this function)
../src/main.c:63:16: note: each undeclared identifier is reported only once for each function it appears in
../src/main.c: At top level:
../src/main.c:162:6: warning: conflicting types for 'prvSetLEDHardware' [enabled by default]
../src/main.c:57:2: note: previous implicit declaration of 'prvSetLEDHardware' was here
../src/main.c:19:13: warning: 'prvLed_Task' declared 'static' but never defined [-Wunused-function]
../src/main.c:29:25: warning: 'ConfigPtrPS' defined but not used [-Wunused-variable]
make: *** [src/main.o] Error 1
17:02:07 **** Auto Build of configuration Debug for project freertos_app_pendulum ****
make all 
Building file: ../src/main.c
Invoking: ARM gcc compiler
arm-xilinx-eabi-gcc -Wall -O0 -g3 -c -fmessage-length=0 -I../../freertos_zynq_bsp_0/ps7_cortexa9_0/include -MMD -MP -MF"src/main.d" -MT"src/main.d" -o "src/main.o" "../src/main.c"
In file included from ../src/main.c:12:0:
../src/SPI.h:17:21: warning: extra tokens at end of #include directive [enabled by default]
../src/main.c: In function 'main':
../src/main.c:57:2: warning: implicit declaration of function 'prvSetLEDHardware' [-Wimplicit-function-declaration]
src/subdir.mk:30: recipe for target 'src/main.o' failed
../src/main.c:58:44: error: expected ')' before numeric constant
../src/main.c: At top level:
../src/main.c:162:6: warning: conflicting types for 'prvSetLEDHardware' [enabled by default]
../src/main.c:57:2: note: previous implicit declaration of 'prvSetLEDHardware' was here
../src/main.c:19:13: warning: 'prvLed_Task' declared 'static' but never defined [-Wunused-function]
../src/main.c:29:25: warning: 'ConfigPtrPS' defined but not used [-Wunused-variable]
make: *** [src/main.o] Error 1
17:02:20 **** Auto Build of configuration Debug for project freertos_app_pendulum ****
make all 
Building file: ../src/main.c
Invoking: ARM gcc compiler
arm-xilinx-eabi-gcc -Wall -O0 -g3 -c -fmessage-length=0 -I../../freertos_zynq_bsp_0/ps7_cortexa9_0/include -MMD -MP -MF"src/main.d" -MT"src/main.d" -o "src/main.o" "../src/main.c"
In file included from ../src/main.c:12:0:
../src/SPI.h:17:21: warning: extra tokens at end of #include directive [enabled by default]
../src/main.c: In function 'main':
../src/main.c:57:2: warning: implicit declaration of function 'prvSetLEDHardware' [-Wimplicit-function-declaration]
src/subdir.mk:30: recipe for target 'src/main.o' failed
../src/main.c:58:28: error: expected declaration specifiers or '...' before '&' token
../src/main.c:58:45: error: expected declaration specifiers or '...' before numeric constant
../src/main.c: At top level:
../src/main.c:162:6: warning: conflicting types for 'prvSetLEDHardware' [enabled by default]
../src/main.c:57:2: note: previous implicit declaration of 'prvSetLEDHardware' was here
../src/main.c:19:13: warning: 'prvLed_Task' declared 'static' but never defined [-Wunused-function]
../src/main.c:29:25: warning: 'ConfigPtrPS' defined but not used [-Wunused-variable]
make: *** [src/main.o] Error 1
17:02:25 **** Auto Build of configuration Debug for project freertos_app_pendulum ****
make all 
Building file: ../src/main.c
Invoking: ARM gcc compiler
arm-xilinx-eabi-gcc -Wall -O0 -g3 -c -fmessage-length=0 -I../../freertos_zynq_bsp_0/ps7_cortexa9_0/include -MMD -MP -MF"src/main.d" -MT"src/main.d" -o "src/main.o" "../src/main.c"
In file included from ../src/main.c:12:0:
../src/SPI.h:17:21: warning: extra tokens at end of #include directive [enabled by default]
../src/main.c: In function 'main':
../src/main.c:57:2: warning: implicit declaration of function 'prvSetLEDHardware' [-Wimplicit-function-declaration]
../src/main.c: At top level:
../src/main.c:162:6: warning: conflicting types for 'prvSetLEDHardware' [enabled by default]
../src/main.c:57:2: note: previous implicit declaration of 'prvSetLEDHardware' was here
../src/main.c:19:13: warning: 'prvLed_Task' declared 'static' but never defined [-Wunused-function]
../src/main.c:29:25: warning: 'ConfigPtrPS' defined but not used [-Wunused-variable]
Finished building: ../src/main.c
 
Building target: freertos_app_pendulum.elf
Invoking: ARM gcc linker
arm-xilinx-eabi-gcc -Wl,-T -Wl,../src/lscript.ld -L../../freertos_zynq_bsp_0/ps7_cortexa9_0/lib -o "freertos_app_pendulum.elf"  ./src/SPI.o ./src/adc_dac.o ./src/encoder.o ./src/main.o   -Wl,--start-group,-lxil,-lfreertos,-lgcc,-lc,--end-group
Finished building target: freertos_app_pendulum.elf
 
Invoking: ARM Print Size
arm-xilinx-eabi-size freertos_app_pendulum.elf  |tee "freertos_app_pendulum.elf.size"
   text	   data	    bss	    dec	    hex	filename
  83904	   3096	  30348	 117348	  1ca64	freertos_app_pendulum.elf
Finished building: freertos_app_pendulum.elf.size
 
17:02:32 **** Incremental Build of configuration Debug for project freertos_app_pendulum ****
make all 
make: Nothing to be done for 'all'.
17:02:32 **** Incremental Build of configuration Debug for project freertos_app_led ****
make all 
make: Nothing to be done for 'all'.
17:02:33 **** Incremental Build of configuration Debug for project standalone_app_emioled ****
make all 
make: Nothing to be done for 'all'.
17:06:17 **** Incremental Build of configuration Debug for project freertos_app_pendulum ****
make all 
make: Nothing to be done for 'all'.
17:06:18 **** Incremental Build of configuration Debug for project freertos_app_led ****
make all 
make: Nothing to be done for 'all'.
17:06:18 **** Incremental Build of configuration Debug for project standalone_app_emioled ****
make all 
make: Nothing to be done for 'all'.
17:09:41 **** Incremental Build of configuration Debug for project freertos_app_pendulum ****
make all 
make: Nothing to be done for 'all'.
17:09:42 **** Incremental Build of configuration Debug for project freertos_app_led ****
make all 
make: Nothing to be done for 'all'.
17:09:42 **** Incremental Build of configuration Debug for project standalone_app_emioled ****
make all 
make: Nothing to be done for 'all'.
17:11:10 **** Incremental Build of configuration Debug for project freertos_app_pendulum ****
make all 
make: Nothing to be done for 'all'.
17:11:11 **** Incremental Build of configuration Debug for project freertos_app_led ****
make all 
make: Nothing to be done for 'all'.
17:11:11 **** Incremental Build of configuration Debug for project standalone_app_emioled ****
make all 
make: Nothing to be done for 'all'.
17:22:25 **** Auto Build of configuration Debug for project freertos_app_pendulum ****
make all 
Building file: ../src/main.c
Invoking: ARM gcc compiler
arm-xilinx-eabi-gcc -Wall -O0 -g3 -c -fmessage-length=0 -I../../freertos_zynq_bsp_0/ps7_cortexa9_0/include -MMD -MP -MF"src/main.d" -MT"src/main.d" -o "src/main.o" "../src/main.c"
In file included from ../src/main.c:12:0:
../src/SPI.h:17:21: warning: extra tokens at end of #include directive [enabled by default]
../src/main.c: In function 'main':
../src/main.c:57:2: warning: implicit declaration of function 'prvSetLEDHardware' [-Wimplicit-function-declaration]
../src/main.c: At top level:
../src/main.c:161:6: warning: conflicting types for 'prvSetLEDHardware' [enabled by default]
../src/main.c:57:2: note: previous implicit declaration of 'prvSetLEDHardware' was here
../src/main.c:19:13: warning: 'prvLed_Task' declared 'static' but never defined [-Wunused-function]
../src/main.c:29:25: warning: 'ConfigPtrPS' defined but not used [-Wunused-variable]
Finished building: ../src/main.c
 
Building target: freertos_app_pendulum.elf
Invoking: ARM gcc linker
arm-xilinx-eabi-gcc -Wl,-T -Wl,../src/lscript.ld -L../../freertos_zynq_bsp_0/ps7_cortexa9_0/lib -o "freertos_app_pendulum.elf"  ./src/SPI.o ./src/adc_dac.o ./src/encoder.o ./src/main.o   -Wl,--start-group,-lxil,-lfreertos,-lgcc,-lc,--end-group
Finished building target: freertos_app_pendulum.elf
 
Invoking: ARM Print Size
arm-xilinx-eabi-size freertos_app_pendulum.elf  |tee "freertos_app_pendulum.elf.size"
   text	   data	    bss	    dec	    hex	filename
  83880	   3096	  30348	 117324	  1ca4c	freertos_app_pendulum.elf
Finished building: freertos_app_pendulum.elf.size
 
17:22:44 **** Auto Build of configuration Debug for project freertos_app_pendulum ****
make all 
Building file: ../src/main.c
Invoking: ARM gcc compiler
arm-xilinx-eabi-gcc -Wall -O0 -g3 -c -fmessage-length=0 -I../../freertos_zynq_bsp_0/ps7_cortexa9_0/include -MMD -MP -MF"src/main.d" -MT"src/main.d" -o "src/main.o" "../src/main.c"
In file included from ../src/main.c:12:0:
../src/SPI.h:17:21: warning: extra tokens at end of #include directive [enabled by default]
../src/main.c: In function 'main':
../src/main.c:57:2: warning: implicit declaration of function 'prvSetLEDHardware' [-Wimplicit-function-declaration]
../src/main.c: At top level:
../src/main.c:166:6: warning: conflicting types for 'prvSetLEDHardware' [enabled by default]
../src/main.c:57:2: note: previous implicit declaration of 'prvSetLEDHardware' was here
[...]
Invoking: ARM gcc linker
arm-xilinx-eabi-gcc -Wl,-T -Wl,../src/lscript.ld -L../../freertos_zynq_bsp_0/ps7_cortexa9_0/lib -o "freertos_app_pendulum.elf"  ./src/SPI.o ./src/adc_dac.o ./src/encoder.o ./src/main.o   -Wl,--start-group,-lxil,-lfreertos,-lgcc,-lc,--end-group
Finished building target: freertos_app_pendulum.elf
 
Invoking: ARM Print Size
arm-xilinx-eabi-size freertos_app_pendulum.elf  |tee "freertos_app_pendulum.elf.size"
   text	   data	    bss	    dec	    hex	filename
  83640	   3096	  30332	 117068	  1c94c	freertos_app_pendulum.elf
Finished building: freertos_app_pendulum.elf.size
 
17:52:09 **** Auto Build of configuration Debug for project freertos_app_pendulum ****
make all 
Building file: ../src/main.c
Invoking: ARM gcc compiler
arm-xilinx-eabi-gcc -Wall -O0 -g3 -c -fmessage-length=0 -I../../freertos_zynq_bsp_0/ps7_cortexa9_0/include -MMD -MP -MF"src/main.d" -MT"src/main.d" -o "src/main.o" "../src/main.c"
In file included from ../src/main.c:12:0:
../src/SPI.h:17:21: warning: extra tokens at end of #include directive [enabled by default]
../src/main.c: In function 'main':
../src/main.c:56:2: warning: implicit declaration of function 'prvSetLEDHardware' [-Wimplicit-function-declaration]
../src/main.c: At top level:
../src/main.c:165:6: warning: conflicting types for 'prvSetLEDHardware' [enabled by default]
../src/main.c:56:2: note: previous implicit declaration of 'prvSetLEDHardware' was here
Finished building: ../src/main.c
 
Building target: freertos_app_pendulum.elf
Invoking: ARM gcc linker
arm-xilinx-eabi-gcc -Wl,-T -Wl,../src/lscript.ld -L../../freertos_zynq_bsp_0/ps7_cortexa9_0/lib -o "freertos_app_pendulum.elf"  ./src/SPI.o ./src/adc_dac.o ./src/encoder.o ./src/main.o   -Wl,--start-group,-lxil,-lfreertos,-lgcc,-lc,--end-group
Finished building target: freertos_app_pendulum.elf
 
Invoking: ARM Print Size
arm-xilinx-eabi-size freertos_app_pendulum.elf  |tee "freertos_app_pendulum.elf.size"
   text	   data	    bss	    dec	    hex	filename
  83640	   3096	  30332	 117068	  1c94c	freertos_app_pendulum.elf
Finished building: freertos_app_pendulum.elf.size
 
17:52:11 **** Auto Build of configuration Debug for project freertos_app_pendulum ****
make all 
Building file: ../src/main.c
Invoking: ARM gcc compiler
arm-xilinx-eabi-gcc -Wall -O0 -g3 -c -fmessage-length=0 -I../../freertos_zynq_bsp_0/ps7_cortexa9_0/include -MMD -MP -MF"src/main.d" -MT"src/main.d" -o "src/main.o" "../src/main.c"
In file included from ../src/main.c:12:0:
../src/SPI.h:17:21: warning: extra tokens at end of #include directive [enabled by default]
../src/main.c: In function 'main':
../src/main.c:57:2: warning: implicit declaration of function 'prvSetLEDHardware' [-Wimplicit-function-declaration]
../src/main.c: At top level:
../src/main.c:166:6: warning: conflicting types for 'prvSetLEDHardware' [enabled by default]
../src/main.c:57:2: note: previous implicit declaration of 'prvSetLEDHardware' was here
Finished building: ../src/main.c
 
Building target: freertos_app_pendulum.elf
Invoking: ARM gcc linker
arm-xilinx-eabi-gcc -Wl,-T -Wl,../src/lscript.ld -L../../freertos_zynq_bsp_0/ps7_cortexa9_0/lib -o "freertos_app_pendulum.elf"  ./src/SPI.o ./src/adc_dac.o ./src/encoder.o ./src/main.o   -Wl,--start-group,-lxil,-lfreertos,-lgcc,-lc,--end-group
Finished building target: freertos_app_pendulum.elf
 
Invoking: ARM Print Size
arm-xilinx-eabi-size freertos_app_pendulum.elf  |tee "freertos_app_pendulum.elf.size"
   text	   data	    bss	    dec	    hex	filename
  83640	   3096	  30332	 117068	  1c94c	freertos_app_pendulum.elf
Finished building: freertos_app_pendulum.elf.size
 
17:52:23 **** Auto Build of configuration Debug for project freertos_app_pendulum ****
make all 
Building file: ../src/main.c
Invoking: ARM gcc compiler
arm-xilinx-eabi-gcc -Wall -O0 -g3 -c -fmessage-length=0 -I../../freertos_zynq_bsp_0/ps7_cortexa9_0/include -MMD -MP -MF"src/main.d" -MT"src/main.d" -o "src/main.o" "../src/main.c"
In file included from ../src/main.c:12:0:
../src/SPI.h:17:21: warning: extra tokens at end of #include directive [enabled by default]
../src/main.c: In function 'main':
../src/main.c:56:2: warning: implicit declaration of function 'prvSetLEDHardware' [-Wimplicit-function-declaration]
../src/main.c: At top level:
../src/main.c:165:6: warning: conflicting types for 'prvSetLEDHardware' [enabled by default]
../src/main.c:56:2: note: previous implicit declaration of 'prvSetLEDHardware' was here
Finished building: ../src/main.c
 
Building target: freertos_app_pendulum.elf
Invoking: ARM gcc linker
arm-xilinx-eabi-gcc -Wl,-T -Wl,../src/lscript.ld -L../../freertos_zynq_bsp_0/ps7_cortexa9_0/lib -o "freertos_app_pendulum.elf"  ./src/SPI.o ./src/adc_dac.o ./src/encoder.o ./src/main.o   -Wl,--start-group,-lxil,-lfreertos,-lgcc,-lc,--end-group
Finished building target: freertos_app_pendulum.elf
 
Invoking: ARM Print Size
arm-xilinx-eabi-size freertos_app_pendulum.elf  |tee "freertos_app_pendulum.elf.size"
   text	   data	    bss	    dec	    hex	filename
  83640	   3096	  30332	 117068	  1c94c	freertos_app_pendulum.elf
Finished building: freertos_app_pendulum.elf.size
 
17:52:24 **** Auto Build of configuration Debug for project freertos_app_pendulum ****
make all 
Building file: ../src/main.c
Invoking: ARM gcc compiler
arm-xilinx-eabi-gcc -Wall -O0 -g3 -c -fmessage-length=0 -I../../freertos_zynq_bsp_0/ps7_cortexa9_0/include -MMD -MP -MF"src/main.d" -MT"src/main.d" -o "src/main.o" "../src/main.c"
In file included from ../src/main.c:12:0:
../src/SPI.h:17:21: warning: extra tokens at end of #include directive [enabled by default]
../src/main.c: In function 'main':
../src/main.c:57:2: warning: implicit declaration of function 'prvSetLEDHardware' [-Wimplicit-function-declaration]
../src/main.c: At top level:
../src/main.c:166:6: warning: conflicting types for 'prvSetLEDHardware' [enabled by default]
../src/main.c:57:2: note: previous implicit declaration of 'prvSetLEDHardware' was here
Finished building: ../src/main.c
 
Building target: freertos_app_pendulum.elf
Invoking: ARM gcc linker
arm-xilinx-eabi-gcc -Wl,-T -Wl,../src/lscript.ld -L../../freertos_zynq_bsp_0/ps7_cortexa9_0/lib -o "freertos_app_pendulum.elf"  ./src/SPI.o ./src/adc_dac.o ./src/encoder.o ./src/main.o   -Wl,--start-group,-lxil,-lfreertos,-lgcc,-lc,--end-group
Finished building target: freertos_app_pendulum.elf
 
Invoking: ARM Print Size
arm-xilinx-eabi-size freertos_app_pendulum.elf  |tee "freertos_app_pendulum.elf.size"
   text	   data	    bss	    dec	    hex	filename
  83640	   3096	  30332	 117068	  1c94c	freertos_app_pendulum.elf
Finished building: freertos_app_pendulum.elf.size
 
17:52:40 **** Auto Build of configuration Debug for project freertos_app_pendulum ****
make all 
Building file: ../src/main.c
Invoking: ARM gcc compiler
arm-xilinx-eabi-gcc -Wall -O0 -g3 -c -fmessage-length=0 -I../../freertos_zynq_bsp_0/ps7_cortexa9_0/include -MMD -MP -MF"src/main.d" -MT"src/main.d" -o "src/main.o" "../src/main.c"
In file included from ../src/main.c:12:0:
../src/SPI.h:17:21: warning: extra tokens at end of #include directive [enabled by default]
../src/main.c: In function 'main':
../src/main.c:57:2: warning: implicit declaration of function 'prvSetLEDHardware' [-Wimplicit-function-declaration]
../src/main.c: At top level:
../src/main.c:165:6: warning: conflicting types for 'prvSetLEDHardware' [enabled by default]
../src/main.c:57:2: note: previous implicit declaration of 'prvSetLEDHardware' was here
Finished building: ../src/main.c
 
Building target: freertos_app_pendulum.elf
Invoking: ARM gcc linker
arm-xilinx-eabi-gcc -Wl,-T -Wl,../src/lscript.ld -L../../freertos_zynq_bsp_0/ps7_cortexa9_0/lib -o "freertos_app_pendulum.elf"  ./src/SPI.o ./src/adc_dac.o ./src/encoder.o ./src/main.o   -Wl,--start-group,-lxil,-lfreertos,-lgcc,-lc,--end-group
Finished building target: freertos_app_pendulum.elf
 
Invoking: ARM Print Size
arm-xilinx-eabi-size freertos_app_pendulum.elf  |tee "freertos_app_pendulum.elf.size"
   text	   data	    bss	    dec	    hex	filename
  83640	   3096	  30332	 117068	  1c94c	freertos_app_pendulum.elf
Finished building: freertos_app_pendulum.elf.size
 
17:52:52 **** Auto Build of configuration Debug for project freertos_app_pendulum ****
make all 
Building file: ../src/main.c
Invoking: ARM gcc compiler
arm-xilinx-eabi-gcc -Wall -O0 -g3 -c -fmessage-length=0 -I../../freertos_zynq_bsp_0/ps7_cortexa9_0/include -MMD -MP -MF"src/main.d" -MT"src/main.d" -o "src/main.o" "../src/main.c"
In file included from ../src/main.c:12:0:
../src/SPI.h:17:21: warning: extra tokens at end of #include directive [enabled by default]
../src/main.c: In function 'main':
../src/main.c:57:2: warning: implicit declaration of function 'prvSetLEDHardware' [-Wimplicit-function-declaration]
../src/main.c: At top level:
../src/main.c:165:6: warning: conflicting types for 'prvSetLEDHardware' [enabled by default]
../src/main.c:57:2: note: previous implicit declaration of 'prvSetLEDHardware' was here
Finished building: ../src/main.c
 
Building target: freertos_app_pendulum.elf
Invoking: ARM gcc linker
arm-xilinx-eabi-gcc -Wl,-T -Wl,../src/lscript.ld -L../../freertos_zynq_bsp_0/ps7_cortexa9_0/lib -o "freertos_app_pendulum.elf"  ./src/SPI.o ./src/adc_dac.o ./src/encoder.o ./src/main.o   -Wl,--start-group,-lxil,-lfreertos,-lgcc,-lc,--end-group
Finished building target: freertos_app_pendulum.elf
 
Invoking: ARM Print Size
arm-xilinx-eabi-size freertos_app_pendulum.elf  |tee "freertos_app_pendulum.elf.size"
   text	   data	    bss	    dec	    hex	filename
  83640	   3096	  30332	 117068	  1c94c	freertos_app_pendulum.elf
Finished building: freertos_app_pendulum.elf.size
 
17:53:08 **** Auto Build of configuration Debug for project freertos_app_pendulum ****
make all 
Building file: ../src/main.c
Invoking: ARM gcc compiler
arm-xilinx-eabi-gcc -Wall -O0 -g3 -c -fmessage-length=0 -I../../freertos_zynq_bsp_0/ps7_cortexa9_0/include -MMD -MP -MF"src/main.d" -MT"src/main.d" -o "src/main.o" "../src/main.c"
In file included from ../src/main.c:12:0:
../src/SPI.h:17:21: warning: extra tokens at end of #include directive [enabled by default]
../src/main.c: In function 'main':
../src/main.c:57:2: warning: implicit declaration of function 'prvSetLEDHardware' [-Wimplicit-function-declaration]
../src/main.c: At top level:
../src/main.c:166:6: warning: conflicting types for 'prvSetLEDHardware' [enabled by default]
../src/main.c:57:2: note: previous implicit declaration of 'prvSetLEDHardware' was here
Finished building: ../src/main.c
 
Building target: freertos_app_pendulum.elf
Invoking: ARM gcc linker
arm-xilinx-eabi-gcc -Wl,-T -Wl,../src/lscript.ld -L../../freertos_zynq_bsp_0/ps7_cortexa9_0/lib -o "freertos_app_pendulum.elf"  ./src/SPI.o ./src/adc_dac.o ./src/encoder.o ./src/main.o   -Wl,--start-group,-lxil,-lfreertos,-lgcc,-lc,--end-group
Finished building target: freertos_app_pendulum.elf
 
Invoking: ARM Print Size
arm-xilinx-eabi-size freertos_app_pendulum.elf  |tee "freertos_app_pendulum.elf.size"
   text	   data	    bss	    dec	    hex	filename
  83640	   3096	  30332	 117068	  1c94c	freertos_app_pendulum.elf
Finished building: freertos_app_pendulum.elf.size
 
17:53:25 **** Auto Build of configuration Debug for project freertos_app_pendulum ****
make all 
Building file: ../src/main.c
Invoking: ARM gcc compiler
arm-xilinx-eabi-gcc -Wall -O0 -g3 -c -fmessage-length=0 -I../../freertos_zynq_bsp_0/ps7_cortexa9_0/include -MMD -MP -MF"src/main.d" -MT"src/main.d" -o "src/main.o" "../src/main.c"
In file included from ../src/main.c:12:0:
../src/SPI.h:17:21: warning: extra tokens at end of #include directive [enabled by default]
../src/main.c: In function 'main':
../src/main.c:57:2: warning: implicit declaration of function 'prvSetLEDHardware' [-Wimplicit-function-declaration]
../src/main.c: At top level:
../src/main.c:167:6: warning: conflicting types for 'prvSetLEDHardware' [enabled by default]
../src/main.c:57:2: note: previous implicit declaration of 'prvSetLEDHardware' was here
Finished building: ../src/main.c
 
Building target: freertos_app_pendulum.elf
Invoking: ARM gcc linker
arm-xilinx-eabi-gcc -Wl,-T -Wl,../src/lscript.ld -L../../freertos_zynq_bsp_0/ps7_cortexa9_0/lib -o "freertos_app_pendulum.elf"  ./src/SPI.o ./src/adc_dac.o ./src/encoder.o ./src/main.o   -Wl,--start-group,-lxil,-lfreertos,-lgcc,-lc,--end-group
Finished building target: freertos_app_pendulum.elf
 
Invoking: ARM Print Size
arm-xilinx-eabi-size freertos_app_pendulum.elf  |tee "freertos_app_pendulum.elf.size"
   text	   data	    bss	    dec	    hex	filename
  83640	   3096	  30332	 117068	  1c94c	freertos_app_pendulum.elf
Finished building: freertos_app_pendulum.elf.size
 
17:53:54 **** Auto Build of configuration Debug for project freertos_app_pendulum ****
make all 
Building file: ../src/main.c
Invoking: ARM gcc compiler
arm-xilinx-eabi-gcc -Wall -O0 -g3 -c -fmessage-length=0 -I../../freertos_zynq_bsp_0/ps7_cortexa9_0/include -MMD -MP -MF"src/main.d" -MT"src/main.d" -o "src/main.o" "../src/main.c"
In file included from ../src/main.c:12:0:
../src/SPI.h:17:21: warning: extra tokens at end of #include directive [enabled by default]
../src/main.c: In function 'main':
../src/main.c:57:2: warning: implicit declaration of function 'prvSetLEDHardware' [-Wimplicit-function-declaration]
../src/main.c: At top level:
../src/main.c:167:6: warning: conflicting types for 'prvSetLEDHardware' [enabled by default]
../src/main.c:57:2: note: previous implicit declaration of 'prvSetLEDHardware' was here
Finished building: ../src/main.c
 
Building target: freertos_app_pendulum.elf
Invoking: ARM gcc linker
arm-xilinx-eabi-gcc -Wl,-T -Wl,../src/lscript.ld -L../../freertos_zynq_bsp_0/ps7_cortexa9_0/lib -o "freertos_app_pendulum.elf"  ./src/SPI.o ./src/adc_dac.o ./src/encoder.o ./src/main.o   -Wl,--start-group,-lxil,-lfreertos,-lgcc,-lc,--end-group
Finished building target: freertos_app_pendulum.elf
 
Invoking: ARM Print Size
arm-xilinx-eabi-size freertos_app_pendulum.elf  |tee "freertos_app_pendulum.elf.size"
   text	   data	    bss	    dec	    hex	filename
  83640	   3096	  30332	 117068	  1c94c	freertos_app_pendulum.elf
Finished building: freertos_app_pendulum.elf.size
 
17:54:27 **** Auto Build of configuration Debug for project freertos_app_pendulum ****
make all 
Building file: ../src/main.c
Invoking: ARM gcc compiler
arm-xilinx-eabi-gcc -Wall -O0 -g3 -c -fmessage-length=0 -I../../freertos_zynq_bsp_0/ps7_cortexa9_0/include -MMD -MP -MF"src/main.d" -MT"src/main.d" -o "src/main.o" "../src/main.c"
In file included from ../src/main.c:12:0:
../src/SPI.h:17:21: warning: extra tokens at end of #include directive [enabled by default]
Finished building: ../src/main.c
 
Building target: freertos_app_pendulum.elf
Invoking: ARM gcc linker
arm-xilinx-eabi-gcc -Wl,-T -Wl,../src/lscript.ld -L../../freertos_zynq_bsp_0/ps7_cortexa9_0/lib -o "freertos_app_pendulum.elf"  ./src/SPI.o ./src/adc_dac.o ./src/encoder.o ./src/main.o   -Wl,--start-group,-lxil,-lfreertos,-lgcc,-lc,--end-group
Finished building target: freertos_app_pendulum.elf
 
Invoking: ARM Print Size
arm-xilinx-eabi-size freertos_app_pendulum.elf  |tee "freertos_app_pendulum.elf.size"
   text	   data	    bss	    dec	    hex	filename
  83640	   3096	  30332	 117068	  1c94c	freertos_app_pendulum.elf
Finished building: freertos_app_pendulum.elf.size
 
17:54:34 **** Incremental Build of configuration Debug for project freertos_app_pendulum ****
make all 
make: Nothing to be done for 'all'.
17:54:35 **** Incremental Build of configuration Debug for project freertos_app_led ****
make all 
make: Nothing to be done for 'all'.
17:54:36 **** Incremental Build of configuration Debug for project standalone_app_emioled ****
make all 
make: Nothing to be done for 'all'.
17:55:18 **** Auto Build of configuration Debug for project freertos_app_pendulum ****
make all 
Building file: ../src/main.c
Invoking: ARM gcc compiler
arm-xilinx-eabi-gcc -Wall -O0 -g3 -c -fmessage-length=0 -I../../freertos_zynq_bsp_0/ps7_cortexa9_0/include -MMD -MP -MF"src/main.d" -MT"src/main.d" -o "src/main.o" "../src/main.c"
In file included from ../src/main.c:13:0:
../src/SPI.h:17:21: warning: extra tokens at end of #include directive [enabled by default]
Finished building: ../src/main.c
 
Building target: freertos_app_pendulum.elf
Invoking: ARM gcc linker
arm-xilinx-eabi-gcc -Wl,-T -Wl,../src/lscript.ld -L../../freertos_zynq_bsp_0/ps7_cortexa9_0/lib -o "freertos_app_pendulum.elf"  ./src/SPI.o ./src/adc_dac.o ./src/encoder.o ./src/main.o   -Wl,--start-group,-lxil,-lfreertos,-lgcc,-lc,--end-group
Finished building target: freertos_app_pendulum.elf
 
Invoking: ARM Print Size
arm-xilinx-eabi-size freertos_app_pendulum.elf  |tee "freertos_app_pendulum.elf.size"
   text	   data	    bss	    dec	    hex	filename
  83640	   3096	  30332	 117068	  1c94c	freertos_app_pendulum.elf
Finished building: freertos_app_pendulum.elf.size
 
17:55:20 **** Auto Build of configuration Debug for project freertos_app_pendulum ****
make all 
Building file: ../src/main.c
Invoking: ARM gcc compiler
arm-xilinx-eabi-gcc -Wall -O0 -g3 -c -fmessage-length=0 -I../../freertos_zynq_bsp_0/ps7_cortexa9_0/include -MMD -MP -MF"src/main.d" -MT"src/main.d" -o "src/main.o" "../src/main.c"
In file included from ../src/main.c:13:0:
../src/SPI.h:17:21: warning: extra tokens at end of #include directive [enabled by default]
Finished building: ../src/main.c
 
Building target: freertos_app_pendulum.elf
Invoking: ARM gcc linker
arm-xilinx-eabi-gcc -Wl,-T -Wl,../src/lscript.ld -L../../freertos_zynq_bsp_0/ps7_cortexa9_0/lib -o "freertos_app_pendulum.elf"  ./src/SPI.o ./src/adc_dac.o ./src/encoder.o ./src/main.o   -Wl,--start-group,-lxil,-lfreertos,-lgcc,-lc,--end-group
Finished building target: freertos_app_pendulum.elf
 
Invoking: ARM Print Size
arm-xilinx-eabi-size freertos_app_pendulum.elf  |tee "freertos_app_pendulum.elf.size"
   text	   data	    bss	    dec	    hex	filename
  83640	   3096	  30332	 117068	  1c94c	freertos_app_pendulum.elf
Finished building: freertos_app_pendulum.elf.size
 
17:55:24 **** Auto Build of configuration Debug for project freertos_app_pendulum ****
make all 
Building file: ../src/main.c
Invoking: ARM gcc compiler
arm-xilinx-eabi-gcc -Wall -O0 -g3 -c -fmessage-length=0 -I../../freertos_zynq_bsp_0/ps7_cortexa9_0/include -MMD -MP -MF"src/main.d" -MT"src/main.d" -o "src/main.o" "../src/main.c"
In file included from ../src/main.c:13:0:
../src/SPI.h:17:21: warning: extra tokens at end of #include directive [enabled by default]
Finished building: ../src/main.c
 
Building target: freertos_app_pendulum.elf
Invoking: ARM gcc linker
arm-xilinx-eabi-gcc -Wl,-T -Wl,../src/lscript.ld -L../../freertos_zynq_bsp_0/ps7_cortexa9_0/lib -o "freertos_app_pendulum.elf"  ./src/SPI.o ./src/adc_dac.o ./src/encoder.o ./src/main.o   -Wl,--start-group,-lxil,-lfreertos,-lgcc,-lc,--end-group
Finished building target: freertos_app_pendulum.elf
 
Invoking: ARM Print Size
arm-xilinx-eabi-size freertos_app_pendulum.elf  |tee "freertos_app_pendulum.elf.size"
   text	   data	    bss	    dec	    hex	filename
  83640	   3096	  30332	 117068	  1c94c	freertos_app_pendulum.elf
Finished building: freertos_app_pendulum.elf.size
 
17:55:32 **** Incremental Build of configuration Debug for project freertos_app_pendulum ****
make all 
make: Nothing to be done for 'all'.
17:55:33 **** Incremental Build of configuration Debug for project freertos_app_led ****
make all 
make: Nothing to be done for 'all'.
17:55:33 **** Incremental Build of configuration Debug for project standalone_app_emioled ****
make all 
make: Nothing to be done for 'all'.
17:55:36 **** Incremental Build of configuration Debug for project freertos_app_pendulum ****
make all 
make: Nothing to be done for 'all'.
17:55:37 **** Incremental Build of configuration Debug for project freertos_app_led ****
make all 
make: Nothing to be done for 'all'.
17:55:38 **** Incremental Build of configuration Debug for project standalone_app_emioled ****
make all 
make: Nothing to be done for 'all'.
